stage: loading mechanism
/Users/robin_yeonsu/Electrification-BO-continuation/tools/openmkm_dynamic/run_rph_fixed_pulse.py:28: UserWarning: NasaPoly2::validate: 
For species OHV, discontinuity in h/RT detected at Tmid = 1000
	Value computed using low-temperature polynomial:  53.62056162666667
	Value computed using high-temperature polynomial: 53.5841554314

  gas=ct.Solution("gri30.yaml" if inert else str(base.MECH))
/Users/robin_yeonsu/Electrification-BO-continuation/tools/openmkm_dynamic/run_rph_fixed_pulse.py:28: UserWarning: NasaPoly2::validate: 
For species CHV, discontinuity in h/RT detected at Tmid = 1000
	Value computed using low-temperature polynomial:  107.5046684
	Value computed using high-temperature polynomial: 107.34847808033334

  gas=ct.Solution("gri30.yaml" if inert else str(base.MECH))
stage: mechanism loaded 4.452878750002128
/Users/robin_yeonsu/Electrification-BO-continuation/tools/openmkm_dynamic/run_rph_fixed_pulse.py:38: UserWarning: NasaPoly2::validate: 
For species OHV, discontinuity in h/RT detected at Tmid = 1000
	Value computed using low-temperature polynomial:  53.62056162666667
	Value computed using high-temperature polynomial: 53.5841554314

  inlet=ct.Reservoir(gas,clone=True);exhaust=ct.Reservoir(gas,clone=True)
/Users/robin_yeonsu/Electrification-BO-continuation/tools/openmkm_dynamic/run_rph_fixed_pulse.py:38: UserWarning: NasaPoly2::validate: 
For species CHV, discontinuity in h/RT detected at Tmid = 1000
	Value computed using low-temperature polynomial:  107.5046684
	Value computed using high-temperature polynomial: 107.34847808033334

  inlet=ct.Reservoir(gas,clone=True);exhaust=ct.Reservoir(gas,clone=True)
/Users/robin_yeonsu/Electrification-BO-continuation/tools/openmkm_dynamic/run_rph_fixed_pulse.py:39: UserWarning: NasaPoly2::validate: 
For species OHV, discontinuity in h/RT detected at Tmid = 1000
	Value computed using low-temperature polynomial:  53.62056162666667
	Value computed using high-temperature polynomial: 53.5841554314

  r=PrescribedTemperatureReactor(gas,energy="off",volume=vol,clone=True)
/Users/robin_yeonsu/Electrification-BO-continuation/tools/openmkm_dynamic/run_rph_fixed_pulse.py:39: UserWarning: NasaPoly2::validate: 
For species CHV, discontinuity in h/RT detected at Tmid = 1000
	Value computed using low-temperature polynomial:  107.5046684
	Value computed using high-temperature polynomial: 107.34847808033334

  r=PrescribedTemperatureReactor(gas,energy="off",volume=vol,clone=True)
stage: integrating 4.823734291996516
n800 1 {'cycle': 1, 'max_species_cycle_change': None, 'state_change': None, 'elemental_residuals': {'C': -1.228867005732756e-05, 'H': -1.2288668087224784e-05, 'O': -1.2288673960823913e-05}, 'mass_residual': -1.2288670924728036e-05, 'max_pressure_relative_error': 2.5172999889688796e-05, 'max_temperature_error_K': 3.0493265512632206e-07}
n800 2 {'cycle': 2, 'max_species_cycle_change': 1.715018210779462e-09, 'state_change': 9.541256673628595e-13, 'elemental_residuals': {'C': -1.2290830279744286e-05, 'H': -1.2290812901842027e-05, 'O': -1.2290836575301342e-05}, 'mass_residual': -1.22908295689845e-05, 'max_pressure_relative_error': 2.5172999968292586e-05, 'max_temperature_error_K': 1.8049240679829381e-07}
n800 3 {'cycle': 3, 'max_species_cycle_change': 6.956540066216377e-10, 'state_change': 9.321432514752814e-13, 'elemental_residuals': {'C': -1.228993684646823e-05, 'H': -1.228995294951059e-05, 'O': -1.2289912464852312e-05}, 'mass_residual': -1.2289932014892764e-05, 'max_pressure_relative_error': 2.5172999935874074e-05, 'max_temperature_error_K': 1.8159721548727248e-07}
