stage: loading mechanism
/Users/robin_yeonsu/Electrification-BO-continuation/tools/openmkm_dynamic/run_rph_fixed_pulse.py:30: UserWarning: NasaPoly2::validate: 
For species OHV, discontinuity in h/RT detected at Tmid = 1000
	Value computed using low-temperature polynomial:  53.62056162666667
	Value computed using high-temperature polynomial: 53.5841554314

  gas=ct.Solution("gri30.yaml" if inert else str(base.MECH))
/Users/robin_yeonsu/Electrification-BO-continuation/tools/openmkm_dynamic/run_rph_fixed_pulse.py:30: UserWarning: NasaPoly2::validate: 
For species CHV, discontinuity in h/RT detected at Tmid = 1000
	Value computed using low-temperature polynomial:  107.5046684
	Value computed using high-temperature polynomial: 107.34847808033334

  gas=ct.Solution("gri30.yaml" if inert else str(base.MECH))
stage: mechanism loaded 8.378945750009734
/Users/robin_yeonsu/Electrification-BO-continuation/tools/openmkm_dynamic/run_rph_fixed_pulse.py:40: UserWarning: NasaPoly2::validate: 
For species OHV, discontinuity in h/RT detected at Tmid = 1000
	Value computed using low-temperature polynomial:  53.62056162666667
	Value computed using high-temperature polynomial: 53.5841554314

  inlet=ct.Reservoir(gas,clone=True);exhaust=ct.Reservoir(gas,clone=True)
/Users/robin_yeonsu/Electrification-BO-continuation/tools/openmkm_dynamic/run_rph_fixed_pulse.py:40: UserWarning: NasaPoly2::validate: 
For species CHV, discontinuity in h/RT detected at Tmid = 1000
	Value computed using low-temperature polynomial:  107.5046684
	Value computed using high-temperature polynomial: 107.34847808033334

  inlet=ct.Reservoir(gas,clone=True);exhaust=ct.Reservoir(gas,clone=True)
/Users/robin_yeonsu/Electrification-BO-continuation/tools/openmkm_dynamic/run_rph_fixed_pulse.py:41: UserWarning: NasaPoly2::validate: 
For species OHV, discontinuity in h/RT detected at Tmid = 1000
	Value computed using low-temperature polynomial:  53.62056162666667
	Value computed using high-temperature polynomial: 53.5841554314

  r=PrescribedTemperatureReactor(gas,energy="off",volume=vol,clone=True)
/Users/robin_yeonsu/Electrification-BO-continuation/tools/openmkm_dynamic/run_rph_fixed_pulse.py:41: UserWarning: NasaPoly2::validate: 
For species CHV, discontinuity in h/RT detected at Tmid = 1000
	Value computed using low-temperature polynomial:  107.5046684
	Value computed using high-temperature polynomial: 107.34847808033334

  r=PrescribedTemperatureReactor(gas,energy="off",volume=vol,clone=True)
stage: integrating 9.145797625009436
n800 1 {'cycle': 1, 'max_species_cycle_change': None, 'state_change': None, 'elemental_residuals': {'C': -7.329167497510876e-06, 'H': -7.3291644859361085e-06, 'O': -7.329165974065117e-06}, 'mass_residual': -7.329166576694253e-06, 'max_pressure_relative_error': 2.9507804912398683e-05, 'max_temperature_error_K': 2.26289444071881e-07}
n800 2 {'cycle': 2, 'max_species_cycle_change': 5.674673231315097e-10, 'state_change': 1.496136547984861e-12, 'elemental_residuals': {'C': -7.328406379247499e-06, 'H': -7.3284096434803434e-06, 'O': -7.328409942118802e-06}, 'mass_residual': -7.3284080373982286e-06, 'max_pressure_relative_error': 2.950780374733064e-05, 'max_temperature_error_K': 5.0913058657897636e-08}
n800 3 {'cycle': 3, 'max_species_cycle_change': 8.499791426253012e-10, 'state_change': 1.0966783037247296e-12, 'elemental_residuals': {'C': -7.3295157742637395e-06, 'H': -7.329517404400783e-06, 'O': -7.329519304382929e-06}, 'mass_residual': -7.329517210201589e-06, 'max_pressure_relative_error': 2.9507792117966503e-05, 'max_temperature_error_K': 5.098877409182023e-08}
