stage: loading mechanism
/Users/robin_yeonsu/Electrification-BO-continuation/tools/openmkm_dynamic/run_rph_fixed_pulse.py:30: UserWarning: NasaPoly2::validate: 
For species OHV, discontinuity in h/RT detected at Tmid = 1000
	Value computed using low-temperature polynomial:  53.62056162666667
	Value computed using high-temperature polynomial: 53.5841554314

  gas=ct.Solution("gri30.yaml" if inert else str(base.MECH))
/Users/robin_yeonsu/Electrification-BO-continuation/tools/openmkm_dynamic/run_rph_fixed_pulse.py:30: UserWarning: NasaPoly2::validate: 
For species CHV, discontinuity in h/RT detected at Tmid = 1000
	Value computed using low-temperature polynomial:  107.5046684
	Value computed using high-temperature polynomial: 107.34847808033334

  gas=ct.Solution("gri30.yaml" if inert else str(base.MECH))
stage: mechanism loaded 3.585745999997016
/Users/robin_yeonsu/Electrification-BO-continuation/tools/openmkm_dynamic/run_rph_fixed_pulse.py:40: UserWarning: NasaPoly2::validate: 
For species OHV, discontinuity in h/RT detected at Tmid = 1000
	Value computed using low-temperature polynomial:  53.62056162666667
	Value computed using high-temperature polynomial: 53.5841554314

  inlet=ct.Reservoir(gas,clone=True);exhaust=ct.Reservoir(gas,clone=True)
/Users/robin_yeonsu/Electrification-BO-continuation/tools/openmkm_dynamic/run_rph_fixed_pulse.py:40: UserWarning: NasaPoly2::validate: 
For species CHV, discontinuity in h/RT detected at Tmid = 1000
	Value computed using low-temperature polynomial:  107.5046684
	Value computed using high-temperature polynomial: 107.34847808033334

  inlet=ct.Reservoir(gas,clone=True);exhaust=ct.Reservoir(gas,clone=True)
/Users/robin_yeonsu/Electrification-BO-continuation/tools/openmkm_dynamic/run_rph_fixed_pulse.py:41: UserWarning: NasaPoly2::validate: 
For species OHV, discontinuity in h/RT detected at Tmid = 1000
	Value computed using low-temperature polynomial:  53.62056162666667
	Value computed using high-temperature polynomial: 53.5841554314

  r=PrescribedTemperatureReactor(gas,energy="off",volume=vol,clone=True)
/Users/robin_yeonsu/Electrification-BO-continuation/tools/openmkm_dynamic/run_rph_fixed_pulse.py:41: UserWarning: NasaPoly2::validate: 
For species CHV, discontinuity in h/RT detected at Tmid = 1000
	Value computed using low-temperature polynomial:  107.5046684
	Value computed using high-temperature polynomial: 107.34847808033334

  r=PrescribedTemperatureReactor(gas,energy="off",volume=vol,clone=True)
stage: integrating 3.8708013340001344
n400 1 {'cycle': 1, 'max_species_cycle_change': None, 'state_change': None, 'elemental_residuals': {'C': -2.1190369878459165e-05, 'H': -2.1190383378258934e-05, 'O': -2.1190345999206424e-05}, 'mass_residual': -2.119036363480204e-05, 'max_pressure_relative_error': 2.787000962611863e-05, 'max_temperature_error_K': 4.563271431834437e-06}
n400 2 {'cycle': 2, 'max_species_cycle_change': 5.918044110320153e-10, 'state_change': 4.858335955759685e-13, 'elemental_residuals': {'C': -2.1189541416732543e-05, 'H': -2.118953703783435e-05, 'O': -2.1189543943423144e-05}, 'mass_residual': -2.118954167835221e-05, 'max_pressure_relative_error': 2.7870020050890787e-05, 'max_temperature_error_K': 4.452865596249467e-06}
n400 3 {'cycle': 3, 'max_species_cycle_change': 4.495075145438676e-10, 'state_change': 2.2001289678996727e-12, 'elemental_residuals': {'C': -2.1190108406020426e-05, 'H': -2.1190110786888112e-05, 'O': -2.1190109809648728e-05}, 'mass_residual': -2.119010919875013e-05, 'max_pressure_relative_error': 2.7870007598629343e-05, 'max_temperature_error_K': 4.452223492990015e-06}
