stage: loading mechanism
/Users/robin_yeonsu/Electrification-BO-continuation/tools/openmkm_dynamic/run_rph_fixed_pulse.py:28: UserWarning: NasaPoly2::validate: 
For species OHV, discontinuity in h/RT detected at Tmid = 1000
	Value computed using low-temperature polynomial:  53.62056162666667
	Value computed using high-temperature polynomial: 53.5841554314

  gas=ct.Solution("gri30.yaml" if inert else str(base.MECH))
/Users/robin_yeonsu/Electrification-BO-continuation/tools/openmkm_dynamic/run_rph_fixed_pulse.py:28: UserWarning: NasaPoly2::validate: 
For species CHV, discontinuity in h/RT detected at Tmid = 1000
	Value computed using low-temperature polynomial:  107.5046684
	Value computed using high-temperature polynomial: 107.34847808033334

  gas=ct.Solution("gri30.yaml" if inert else str(base.MECH))
stage: mechanism loaded 5.2315598749992205
/Users/robin_yeonsu/Electrification-BO-continuation/tools/openmkm_dynamic/run_rph_fixed_pulse.py:38: UserWarning: NasaPoly2::validate: 
For species OHV, discontinuity in h/RT detected at Tmid = 1000
	Value computed using low-temperature polynomial:  53.62056162666667
	Value computed using high-temperature polynomial: 53.5841554314

  inlet=ct.Reservoir(gas,clone=True);exhaust=ct.Reservoir(gas,clone=True)
/Users/robin_yeonsu/Electrification-BO-continuation/tools/openmkm_dynamic/run_rph_fixed_pulse.py:38: UserWarning: NasaPoly2::validate: 
For species CHV, discontinuity in h/RT detected at Tmid = 1000
	Value computed using low-temperature polynomial:  107.5046684
	Value computed using high-temperature polynomial: 107.34847808033334

  inlet=ct.Reservoir(gas,clone=True);exhaust=ct.Reservoir(gas,clone=True)
/Users/robin_yeonsu/Electrification-BO-continuation/tools/openmkm_dynamic/run_rph_fixed_pulse.py:39: UserWarning: NasaPoly2::validate: 
For species OHV, discontinuity in h/RT detected at Tmid = 1000
	Value computed using low-temperature polynomial:  53.62056162666667
	Value computed using high-temperature polynomial: 53.5841554314

  r=PrescribedTemperatureReactor(gas,energy="off",volume=vol,clone=True)
/Users/robin_yeonsu/Electrification-BO-continuation/tools/openmkm_dynamic/run_rph_fixed_pulse.py:39: UserWarning: NasaPoly2::validate: 
For species CHV, discontinuity in h/RT detected at Tmid = 1000
	Value computed using low-temperature polynomial:  107.5046684
	Value computed using high-temperature polynomial: 107.34847808033334

  r=PrescribedTemperatureReactor(gas,energy="off",volume=vol,clone=True)
stage: integrating 5.7021351250004955
n400 1 {'cycle': 1, 'max_species_cycle_change': None, 'state_change': None, 'elemental_residuals': {'C': -2.29970992574021e-05, 'H': -2.299709800459337e-05, 'O': -2.29970994350131e-05}, 'mass_residual': -2.2997099147522637e-05, 'max_pressure_relative_error': 2.7575367217202995e-05, 'max_temperature_error_K': 1.6841750039020553e-07}
n400 2 {'cycle': 2, 'max_species_cycle_change': 5.551218928978585e-10, 'state_change': 5.084821452783217e-14, 'elemental_residuals': {'C': -2.2996380069328702e-05, 'H': -2.299638721358418e-05, 'O': -2.299637649868642e-05}, 'mass_residual': -2.2996379808631077e-05, 'max_pressure_relative_error': 2.757536691566642e-05, 'max_temperature_error_K': 1.541534402349498e-07}
n400 3 {'cycle': 3, 'max_species_cycle_change': 1.2325425680081992e-09, 'state_change': 1.915134717478395e-13, 'elemental_residuals': {'C': -2.299800570408839e-05, 'H': -2.2998003557449327e-05, 'O': -2.29980023073969e-05}, 'mass_residual': -2.2998004262699798e-05, 'max_pressure_relative_error': 2.7575367070653556e-05, 'max_temperature_error_K': 1.5398791219922714e-07}
