stage: loading mechanism
/home/runner/work/Electrification-Suite/Electrification-Suite/tools/openmkm_dynamic/run_rph_fixed_pulse.py:28: UserWarning: NasaPoly2::validate: 
For species OHV, discontinuity in h/RT detected at Tmid = 1000
	Value computed using low-temperature polynomial:  53.62056162666667
	Value computed using high-temperature polynomial: 53.5841554314

  gas=ct.Solution("gri30.yaml" if inert else str(base.MECH))
/home/runner/work/Electrification-Suite/Electrification-Suite/tools/openmkm_dynamic/run_rph_fixed_pulse.py:28: UserWarning: NasaPoly2::validate: 
For species CHV, discontinuity in h/RT detected at Tmid = 1000
	Value computed using low-temperature polynomial:  107.5046684
	Value computed using high-temperature polynomial: 107.34847808033332

  gas=ct.Solution("gri30.yaml" if inert else str(base.MECH))
stage: mechanism loaded 3.2808222900000032
/home/runner/work/Electrification-Suite/Electrification-Suite/tools/openmkm_dynamic/run_rph_fixed_pulse.py:38: UserWarning: NasaPoly2::validate: 
For species OHV, discontinuity in h/RT detected at Tmid = 1000
	Value computed using low-temperature polynomial:  53.62056162666667
	Value computed using high-temperature polynomial: 53.5841554314

  inlet=ct.Reservoir(gas,clone=True);exhaust=ct.Reservoir(gas,clone=True)
/home/runner/work/Electrification-Suite/Electrification-Suite/tools/openmkm_dynamic/run_rph_fixed_pulse.py:38: UserWarning: NasaPoly2::validate: 
For species CHV, discontinuity in h/RT detected at Tmid = 1000
	Value computed using low-temperature polynomial:  107.5046684
	Value computed using high-temperature polynomial: 107.34847808033332

  inlet=ct.Reservoir(gas,clone=True);exhaust=ct.Reservoir(gas,clone=True)
/home/runner/work/Electrification-Suite/Electrification-Suite/tools/openmkm_dynamic/run_rph_fixed_pulse.py:39: UserWarning: NasaPoly2::validate: 
For species OHV, discontinuity in h/RT detected at Tmid = 1000
	Value computed using low-temperature polynomial:  53.62056162666667
	Value computed using high-temperature polynomial: 53.5841554314

  r=PrescribedTemperatureReactor(gas,energy="off",volume=vol,clone=True)
/home/runner/work/Electrification-Suite/Electrification-Suite/tools/openmkm_dynamic/run_rph_fixed_pulse.py:39: UserWarning: NasaPoly2::validate: 
For species CHV, discontinuity in h/RT detected at Tmid = 1000
	Value computed using low-temperature polynomial:  107.5046684
	Value computed using high-temperature polynomial: 107.34847808033332

  r=PrescribedTemperatureReactor(gas,energy="off",volume=vol,clone=True)
stage: integrating 3.681821575000015
n800 1 {'cycle': 1, 'max_species_cycle_change': None, 'state_change': None, 'elemental_residuals': {'C': 1.0120643927307832e-05, 'H': 1.0120646120802824e-05, 'O': 1.0120643747322092e-05}, 'mass_residual': 1.0120644190116016e-05, 'max_pressure_relative_error': 2.468326812854471e-05, 'max_temperature_error_K': 7.709331839578226e-09}
n800 2 {'cycle': 2, 'max_species_cycle_change': 2.2013366129947087e-09, 'state_change': 1.017741446673881e-12, 'elemental_residuals': {'C': 1.0117895019188533e-05, 'H': 1.0117894922717937e-05, 'O': 1.0117894833763033e-05}, 'mass_residual': 1.0117894956761644e-05, 'max_pressure_relative_error': 2.468326758120476e-05, 'max_temperature_error_K': 9.556515578879043e-10}
n800 3 {'cycle': 3, 'max_species_cycle_change': 2.442395063972924e-09, 'state_change': 2.3856472353145364e-12, 'elemental_residuals': {'C': 1.0120952659756592e-05, 'H': 1.0120947693273506e-05, 'O': 1.0120951726514122e-05}, 'mass_residual': 1.0120951631943195e-05, 'max_pressure_relative_error': 2.4683267564995504e-05, 'max_temperature_error_K': 1.3753833627561107e-09}
