stage: loading mechanism
/home/runner/work/Electrification-Suite/Electrification-Suite/tools/openmkm_dynamic/run_rph_fixed_pulse.py:26: UserWarning: NasaPoly2::validate: 
For species OHV, discontinuity in h/RT detected at Tmid = 1000
	Value computed using low-temperature polynomial:  53.62056162666667
	Value computed using high-temperature polynomial: 53.5841554314

  gas=ct.Solution("gri30.yaml" if inert else str(base.MECH))
/home/runner/work/Electrification-Suite/Electrification-Suite/tools/openmkm_dynamic/run_rph_fixed_pulse.py:26: UserWarning: NasaPoly2::validate: 
For species CHV, discontinuity in h/RT detected at Tmid = 1000
	Value computed using low-temperature polynomial:  107.5046684
	Value computed using high-temperature polynomial: 107.34847808033332

  gas=ct.Solution("gri30.yaml" if inert else str(base.MECH))
stage: mechanism loaded 3.1930231180000135
/home/runner/work/Electrification-Suite/Electrification-Suite/tools/openmkm_dynamic/run_rph_fixed_pulse.py:36: UserWarning: NasaPoly2::validate: 
For species OHV, discontinuity in h/RT detected at Tmid = 1000
	Value computed using low-temperature polynomial:  53.62056162666667
	Value computed using high-temperature polynomial: 53.5841554314

  inlet=ct.Reservoir(gas,clone=True);exhaust=ct.Reservoir(gas,clone=True)
/home/runner/work/Electrification-Suite/Electrification-Suite/tools/openmkm_dynamic/run_rph_fixed_pulse.py:36: UserWarning: NasaPoly2::validate: 
For species CHV, discontinuity in h/RT detected at Tmid = 1000
	Value computed using low-temperature polynomial:  107.5046684
	Value computed using high-temperature polynomial: 107.34847808033332

  inlet=ct.Reservoir(gas,clone=True);exhaust=ct.Reservoir(gas,clone=True)
/home/runner/work/Electrification-Suite/Electrification-Suite/tools/openmkm_dynamic/run_rph_fixed_pulse.py:37: UserWarning: NasaPoly2::validate: 
For species OHV, discontinuity in h/RT detected at Tmid = 1000
	Value computed using low-temperature polynomial:  53.62056162666667
	Value computed using high-temperature polynomial: 53.5841554314

  r=PrescribedTemperatureReactor(gas,energy="off",volume=vol,clone=True)
/home/runner/work/Electrification-Suite/Electrification-Suite/tools/openmkm_dynamic/run_rph_fixed_pulse.py:37: UserWarning: NasaPoly2::validate: 
For species CHV, discontinuity in h/RT detected at Tmid = 1000
	Value computed using low-temperature polynomial:  107.5046684
	Value computed using high-temperature polynomial: 107.34847808033332

  r=PrescribedTemperatureReactor(gas,energy="off",volume=vol,clone=True)
stage: integrating 3.6148401780000086
T2000-h0.8-Q50-n800 1 {'cycle': 1, 'max_species_cycle_change': None, 'state_change': None, 'elemental_residuals': {'C': -8.411411034451778e-06, 'H': -8.41228719091665e-06, 'O': -8.412059933827104e-06}, 'mass_residual': -8.411815627370652e-06, 'max_pressure_relative_error': 3.93042823798595e-05, 'max_temperature_error_K': 1.182792175313807e-06}
T2000-h0.8-Q50-n800 2 {'cycle': 2, 'max_species_cycle_change': 1.6280311002092596e-08, 'state_change': 1.1339817973521349e-12, 'elemental_residuals': {'C': -8.384119535614835e-06, 'H': -8.391759384669313e-06, 'O': -8.388737304951437e-06}, 'mass_residual': -8.387093016387925e-06, 'max_pressure_relative_error': 3.9304259331407465e-05, 'max_temperature_error_K': 1.1837046258733608e-06}
T2000-h0.8-Q50-n800 3 {'cycle': 3, 'max_species_cycle_change': 6.61130655776887e-09, 'state_change': 5.269673586383306e-13, 'elemental_residuals': {'C': -8.366806085613991e-06, 'H': -8.37283905231973e-06, 'O': -8.368615061536263e-06}, 'mass_residual': -8.368175048647925e-06, 'max_pressure_relative_error': 3.9304282450913774e-05, 'max_temperature_error_K': 1.1846518646052573e-06}
