/home/runner/work/Electrification-Suite/Electrification-Suite/tools/openmkm_dynamic/run_rph_fixed_pulse.py:25: UserWarning: NasaPoly2::validate: 
For species OHV, discontinuity in h/RT detected at Tmid = 1000
	Value computed using low-temperature polynomial:  53.62056162666667
	Value computed using high-temperature polynomial: 53.5841554314

  gas=ct.Solution("gri30.yaml" if inert else str(base.MECH))
/home/runner/work/Electrification-Suite/Electrification-Suite/tools/openmkm_dynamic/run_rph_fixed_pulse.py:25: UserWarning: NasaPoly2::validate: 
For species CHV, discontinuity in h/RT detected at Tmid = 1000
	Value computed using low-temperature polynomial:  107.5046684
	Value computed using high-temperature polynomial: 107.34847808033332

  gas=ct.Solution("gri30.yaml" if inert else str(base.MECH))
/home/runner/work/Electrification-Suite/Electrification-Suite/tools/openmkm_dynamic/run_rph_fixed_pulse.py:34: UserWarning: NasaPoly2::validate: 
For species OHV, discontinuity in h/RT detected at Tmid = 1000
	Value computed using low-temperature polynomial:  53.62056162666667
	Value computed using high-temperature polynomial: 53.5841554314

  inlet=ct.Reservoir(gas,clone=True);exhaust=ct.Reservoir(gas,clone=True)
/home/runner/work/Electrification-Suite/Electrification-Suite/tools/openmkm_dynamic/run_rph_fixed_pulse.py:34: UserWarning: NasaPoly2::validate: 
For species CHV, discontinuity in h/RT detected at Tmid = 1000
	Value computed using low-temperature polynomial:  107.5046684
	Value computed using high-temperature polynomial: 107.34847808033332

  inlet=ct.Reservoir(gas,clone=True);exhaust=ct.Reservoir(gas,clone=True)
/home/runner/work/Electrification-Suite/Electrification-Suite/tools/openmkm_dynamic/run_rph_fixed_pulse.py:35: UserWarning: NasaPoly2::validate: 
For species OHV, discontinuity in h/RT detected at Tmid = 1000
	Value computed using low-temperature polynomial:  53.62056162666667
	Value computed using high-temperature polynomial: 53.5841554314

  r=PrescribedTemperatureReactor(gas,energy="off",volume=vol,clone=True)
/home/runner/work/Electrification-Suite/Electrification-Suite/tools/openmkm_dynamic/run_rph_fixed_pulse.py:35: UserWarning: NasaPoly2::validate: 
For species CHV, discontinuity in h/RT detected at Tmid = 1000
	Value computed using low-temperature polynomial:  107.5046684
	Value computed using high-temperature polynomial: 107.34847808033332

  r=PrescribedTemperatureReactor(gas,energy="off",volume=vol,clone=True)
Q1600-hold0.1-n800 1 {'cycle': 1, 'max_species_cycle_change': None, 'state_change': None, 'elemental_residuals': {'C': 1.1625903320349903e-06, 'H': 1.1624007657823503e-06, 'O': 1.1627826808939043e-06}, 'mass_residual': 1.1626800952588033e-06, 'max_pressure_relative_error': 3.425553974079065e-05, 'max_temperature_error_K': 4.757112037623301e-08}
Q1600-hold0.1-n800 2 {'cycle': 2, 'max_species_cycle_change': 2.2524559439851544e-09, 'state_change': 9.362510766663945e-13, 'elemental_residuals': {'C': 1.1668803331469343e-06, 'H': 1.1667897563760956e-06, 'O': 1.16695476662194e-06}, 'mass_residual': 1.1669139087794057e-06, 'max_pressure_relative_error': 3.425583711469393e-05, 'max_temperature_error_K': 4.56598172604572e-08}
Q1600-hold0.1-n800 3 {'cycle': 3, 'max_species_cycle_change': 1.1563642265954854e-09, 'state_change': 1.819544515058169e-12, 'elemental_residuals': {'C': 1.1648976351604577e-06, 'H': 1.1652307644135432e-06, 'O': 1.16471496554504e-06}, 'mass_residual': 1.1648226707607975e-06, 'max_pressure_relative_error': 3.4255539328675866e-05, 'max_temperature_error_K': 4.5208253141026944e-08}
