/home/runner/work/Electrification-Suite/Electrification-Suite/tools/openmkm_dynamic/run_rph_fixed_pulse.py:25: UserWarning: NasaPoly2::validate: 
For species OHV, discontinuity in h/RT detected at Tmid = 1000
	Value computed using low-temperature polynomial:  53.62056162666667
	Value computed using high-temperature polynomial: 53.5841554314

  gas=ct.Solution("gri30.yaml" if inert else str(base.MECH))
/home/runner/work/Electrification-Suite/Electrification-Suite/tools/openmkm_dynamic/run_rph_fixed_pulse.py:25: UserWarning: NasaPoly2::validate: 
For species CHV, discontinuity in h/RT detected at Tmid = 1000
	Value computed using low-temperature polynomial:  107.5046684
	Value computed using high-temperature polynomial: 107.34847808033332

  gas=ct.Solution("gri30.yaml" if inert else str(base.MECH))
/home/runner/work/Electrification-Suite/Electrification-Suite/tools/openmkm_dynamic/run_rph_fixed_pulse.py:34: UserWarning: NasaPoly2::validate: 
For species OHV, discontinuity in h/RT detected at Tmid = 1000
	Value computed using low-temperature polynomial:  53.62056162666667
	Value computed using high-temperature polynomial: 53.5841554314

  inlet=ct.Reservoir(gas,clone=True);exhaust=ct.Reservoir(gas,clone=True)
/home/runner/work/Electrification-Suite/Electrification-Suite/tools/openmkm_dynamic/run_rph_fixed_pulse.py:34: UserWarning: NasaPoly2::validate: 
For species CHV, discontinuity in h/RT detected at Tmid = 1000
	Value computed using low-temperature polynomial:  107.5046684
	Value computed using high-temperature polynomial: 107.34847808033332

  inlet=ct.Reservoir(gas,clone=True);exhaust=ct.Reservoir(gas,clone=True)
/home/runner/work/Electrification-Suite/Electrification-Suite/tools/openmkm_dynamic/run_rph_fixed_pulse.py:35: UserWarning: NasaPoly2::validate: 
For species OHV, discontinuity in h/RT detected at Tmid = 1000
	Value computed using low-temperature polynomial:  53.62056162666667
	Value computed using high-temperature polynomial: 53.5841554314

  r=PrescribedTemperatureReactor(gas,energy="off",volume=vol,clone=True)
/home/runner/work/Electrification-Suite/Electrification-Suite/tools/openmkm_dynamic/run_rph_fixed_pulse.py:35: UserWarning: NasaPoly2::validate: 
For species CHV, discontinuity in h/RT detected at Tmid = 1000
	Value computed using low-temperature polynomial:  107.5046684
	Value computed using high-temperature polynomial: 107.34847808033332

  r=PrescribedTemperatureReactor(gas,energy="off",volume=vol,clone=True)
Q1600-hold0.5-n800 1 {'cycle': 1, 'max_species_cycle_change': None, 'state_change': None, 'elemental_residuals': {'C': -1.8226077297673898e-07, 'H': -1.8266980331120526e-07, 'O': -1.8243256499578957e-07}, 'mass_residual': -1.8237976883379393e-07, 'max_pressure_relative_error': 3.425553974079065e-05, 'max_temperature_error_K': 4.757112037623301e-08}
Q1600-hold0.5-n800 2 {'cycle': 2, 'max_species_cycle_change': 8.470672607785446e-09, 'state_change': 2.97983859809392e-13, 'elemental_residuals': {'C': -1.9763197761571238e-07, 'H': -2.0384033968210318e-07, 'O': -1.9690298941636208e-07}, 'mass_residual': -1.97660381628029e-07, 'max_pressure_relative_error': 3.425554282587839e-05, 'max_temperature_error_K': 4.587218427332118e-08}
Q1600-hold0.5-n800 3 {'cycle': 3, 'max_species_cycle_change': 8.639567894430655e-09, 'state_change': 2.928768338961163e-13, 'elemental_residuals': {'C': -1.8091175018942618e-07, 'H': -1.7964914720583713e-07, 'O': -1.8231042420517724e-07}, 'mass_residual': -1.8157224165372037e-07, 'max_pressure_relative_error': 3.425554000346942e-05, 'max_temperature_error_K': 4.6344439397216775e-08}
