/home/runner/work/Electrification-Suite/Electrification-Suite/tools/openmkm_dynamic/run_rph_fixed_pulse.py:25: UserWarning: NasaPoly2::validate: 
For species OHV, discontinuity in h/RT detected at Tmid = 1000
	Value computed using low-temperature polynomial:  53.62056162666667
	Value computed using high-temperature polynomial: 53.5841554314

  gas=ct.Solution("gri30.yaml" if inert else str(base.MECH))
/home/runner/work/Electrification-Suite/Electrification-Suite/tools/openmkm_dynamic/run_rph_fixed_pulse.py:25: UserWarning: NasaPoly2::validate: 
For species CHV, discontinuity in h/RT detected at Tmid = 1000
	Value computed using low-temperature polynomial:  107.5046684
	Value computed using high-temperature polynomial: 107.34847808033332

  gas=ct.Solution("gri30.yaml" if inert else str(base.MECH))
/home/runner/work/Electrification-Suite/Electrification-Suite/tools/openmkm_dynamic/run_rph_fixed_pulse.py:34: UserWarning: NasaPoly2::validate: 
For species OHV, discontinuity in h/RT detected at Tmid = 1000
	Value computed using low-temperature polynomial:  53.62056162666667
	Value computed using high-temperature polynomial: 53.5841554314

  inlet=ct.Reservoir(gas,clone=True);exhaust=ct.Reservoir(gas,clone=True)
/home/runner/work/Electrification-Suite/Electrification-Suite/tools/openmkm_dynamic/run_rph_fixed_pulse.py:34: UserWarning: NasaPoly2::validate: 
For species CHV, discontinuity in h/RT detected at Tmid = 1000
	Value computed using low-temperature polynomial:  107.5046684
	Value computed using high-temperature polynomial: 107.34847808033332

  inlet=ct.Reservoir(gas,clone=True);exhaust=ct.Reservoir(gas,clone=True)
/home/runner/work/Electrification-Suite/Electrification-Suite/tools/openmkm_dynamic/run_rph_fixed_pulse.py:35: UserWarning: NasaPoly2::validate: 
For species OHV, discontinuity in h/RT detected at Tmid = 1000
	Value computed using low-temperature polynomial:  53.62056162666667
	Value computed using high-temperature polynomial: 53.5841554314

  r=PrescribedTemperatureReactor(gas,energy="off",volume=vol,clone=True)
/home/runner/work/Electrification-Suite/Electrification-Suite/tools/openmkm_dynamic/run_rph_fixed_pulse.py:35: UserWarning: NasaPoly2::validate: 
For species CHV, discontinuity in h/RT detected at Tmid = 1000
	Value computed using low-temperature polynomial:  107.5046684
	Value computed using high-temperature polynomial: 107.34847808033332

  r=PrescribedTemperatureReactor(gas,energy="off",volume=vol,clone=True)
Q800-hold0.1-n800 1 {'cycle': 1, 'max_species_cycle_change': None, 'state_change': None, 'elemental_residuals': {'C': 2.3687536198050863e-06, 'H': 2.3686928633145617e-06, 'O': 2.3688415790902173e-06}, 'mass_residual': 2.368796405340576e-06, 'max_pressure_relative_error': 3.425553974056861e-05, 'max_temperature_error_K': 1.0619714885251597e-08}
Q800-hold0.1-n800 2 {'cycle': 2, 'max_species_cycle_change': 2.53802989735874e-09, 'state_change': 6.894484982922222e-14, 'elemental_residuals': {'C': 2.3737286301276226e-06, 'H': 2.373873323805908e-06, 'O': 2.373663075758288e-06}, 'mass_residual': 2.373703412730546e-06, 'max_pressure_relative_error': 3.425553986979857e-05, 'max_temperature_error_K': 9.609493645257317e-09}
Q800-hold0.1-n800 3 {'cycle': 3, 'max_species_cycle_change': 1.2658568637746725e-09, 'state_change': 7.909228827429615e-13, 'elemental_residuals': {'C': 2.3761841288569735e-06, 'H': 2.3764060684918413e-06, 'O': 2.376094263170625e-06}, 'mass_residual': 2.376151146573594e-06, 'max_pressure_relative_error': 3.425553977831619e-05, 'max_temperature_error_K': 9.460904948355164e-09}
