/home/runner/work/Electrification-Suite/Electrification-Suite/tools/openmkm_dynamic/run_rph_fixed_pulse.py:25: UserWarning: NasaPoly2::validate: 
For species OHV, discontinuity in h/RT detected at Tmid = 1000
	Value computed using low-temperature polynomial:  53.62056162666667
	Value computed using high-temperature polynomial: 53.5841554314

  gas=ct.Solution("gri30.yaml" if inert else str(base.MECH))
/home/runner/work/Electrification-Suite/Electrification-Suite/tools/openmkm_dynamic/run_rph_fixed_pulse.py:25: UserWarning: NasaPoly2::validate: 
For species CHV, discontinuity in h/RT detected at Tmid = 1000
	Value computed using low-temperature polynomial:  107.5046684
	Value computed using high-temperature polynomial: 107.34847808033332

  gas=ct.Solution("gri30.yaml" if inert else str(base.MECH))
/home/runner/work/Electrification-Suite/Electrification-Suite/tools/openmkm_dynamic/run_rph_fixed_pulse.py:34: UserWarning: NasaPoly2::validate: 
For species OHV, discontinuity in h/RT detected at Tmid = 1000
	Value computed using low-temperature polynomial:  53.62056162666667
	Value computed using high-temperature polynomial: 53.5841554314

  inlet=ct.Reservoir(gas,clone=True);exhaust=ct.Reservoir(gas,clone=True)
/home/runner/work/Electrification-Suite/Electrification-Suite/tools/openmkm_dynamic/run_rph_fixed_pulse.py:34: UserWarning: NasaPoly2::validate: 
For species CHV, discontinuity in h/RT detected at Tmid = 1000
	Value computed using low-temperature polynomial:  107.5046684
	Value computed using high-temperature polynomial: 107.34847808033332

  inlet=ct.Reservoir(gas,clone=True);exhaust=ct.Reservoir(gas,clone=True)
/home/runner/work/Electrification-Suite/Electrification-Suite/tools/openmkm_dynamic/run_rph_fixed_pulse.py:35: UserWarning: NasaPoly2::validate: 
For species OHV, discontinuity in h/RT detected at Tmid = 1000
	Value computed using low-temperature polynomial:  53.62056162666667
	Value computed using high-temperature polynomial: 53.5841554314

  r=PrescribedTemperatureReactor(gas,energy="off",volume=vol,clone=True)
/home/runner/work/Electrification-Suite/Electrification-Suite/tools/openmkm_dynamic/run_rph_fixed_pulse.py:35: UserWarning: NasaPoly2::validate: 
For species CHV, discontinuity in h/RT detected at Tmid = 1000
	Value computed using low-temperature polynomial:  107.5046684
	Value computed using high-temperature polynomial: 107.34847808033332

  r=PrescribedTemperatureReactor(gas,energy="off",volume=vol,clone=True)
Q800-hold0.1-n400 1 {'cycle': 1, 'max_species_cycle_change': None, 'state_change': None, 'elemental_residuals': {'C': 4.618650252822779e-06, 'H': 4.621968531788521e-06, 'O': 4.6168899050117745e-06}, 'mass_residual': 4.617935067802096e-06, 'max_pressure_relative_error': 3.409614760330193e-05, 'max_temperature_error_K': 2.7828264137497172e-08}
Q800-hold0.1-n400 2 {'cycle': 2, 'max_species_cycle_change': 4.1235315717536025e-09, 'state_change': 7.585021424029592e-14, 'elemental_residuals': {'C': 4.625895593941787e-06, 'H': 4.625766544806946e-06, 'O': 4.625969888316137e-06}, 'mass_residual': 4.625926517991296e-06, 'max_pressure_relative_error': 3.409628318351565e-05, 'max_temperature_error_K': 2.5372401069034822e-08}
Q800-hold0.1-n400 3 {'cycle': 3, 'max_species_cycle_change': 1.074919708798916e-09, 'state_change': 5.926370505449086e-13, 'elemental_residuals': {'C': 4.623703957413865e-06, 'H': 4.623897180019132e-06, 'O': 4.623737276957662e-06}, 'mass_residual': 4.623734686549608e-06, 'max_pressure_relative_error': 3.409614146110407e-05, 'max_temperature_error_K': 2.608271643111948e-08}
