stage: loading mechanism
/home/runner/work/Electrification-Suite/Electrification-Suite/tools/openmkm_dynamic/run_rph_fixed_pulse.py:27: UserWarning: NasaPoly2::validate: 
For species OHV, discontinuity in h/RT detected at Tmid = 1000
	Value computed using low-temperature polynomial:  53.62056162666667
	Value computed using high-temperature polynomial: 53.5841554314

  gas=ct.Solution("gri30.yaml" if inert else str(base.MECH))
/home/runner/work/Electrification-Suite/Electrification-Suite/tools/openmkm_dynamic/run_rph_fixed_pulse.py:27: UserWarning: NasaPoly2::validate: 
For species CHV, discontinuity in h/RT detected at Tmid = 1000
	Value computed using low-temperature polynomial:  107.5046684
	Value computed using high-temperature polynomial: 107.34847808033332

  gas=ct.Solution("gri30.yaml" if inert else str(base.MECH))
stage: mechanism loaded 3.198094740999977
/home/runner/work/Electrification-Suite/Electrification-Suite/tools/openmkm_dynamic/run_rph_fixed_pulse.py:37: UserWarning: NasaPoly2::validate: 
For species OHV, discontinuity in h/RT detected at Tmid = 1000
	Value computed using low-temperature polynomial:  53.62056162666667
	Value computed using high-temperature polynomial: 53.5841554314

  inlet=ct.Reservoir(gas,clone=True);exhaust=ct.Reservoir(gas,clone=True)
/home/runner/work/Electrification-Suite/Electrification-Suite/tools/openmkm_dynamic/run_rph_fixed_pulse.py:37: UserWarning: NasaPoly2::validate: 
For species CHV, discontinuity in h/RT detected at Tmid = 1000
	Value computed using low-temperature polynomial:  107.5046684
	Value computed using high-temperature polynomial: 107.34847808033332

  inlet=ct.Reservoir(gas,clone=True);exhaust=ct.Reservoir(gas,clone=True)
/home/runner/work/Electrification-Suite/Electrification-Suite/tools/openmkm_dynamic/run_rph_fixed_pulse.py:38: UserWarning: NasaPoly2::validate: 
For species OHV, discontinuity in h/RT detected at Tmid = 1000
	Value computed using low-temperature polynomial:  53.62056162666667
	Value computed using high-temperature polynomial: 53.5841554314

  r=PrescribedTemperatureReactor(gas,energy="off",volume=vol,clone=True)
/home/runner/work/Electrification-Suite/Electrification-Suite/tools/openmkm_dynamic/run_rph_fixed_pulse.py:38: UserWarning: NasaPoly2::validate: 
For species CHV, discontinuity in h/RT detected at Tmid = 1000
	Value computed using low-temperature polynomial:  107.5046684
	Value computed using high-temperature polynomial: 107.34847808033332

  r=PrescribedTemperatureReactor(gas,energy="off",volume=vol,clone=True)
stage: integrating 3.6272404719999827
n400 1 {'cycle': 1, 'max_species_cycle_change': None, 'state_change': None, 'elemental_residuals': {'C': -4.707409422890351e-05, 'H': -4.7074094391923053e-05, 'O': -4.7074093280633716e-05}, 'mass_residual': -4.70740937323645e-05, 'max_pressure_relative_error': 3.9094755153623595e-05, 'max_temperature_error_K': 2.3175402930064593e-07}
n400 2 {'cycle': 2, 'max_species_cycle_change': 2.034281774837554e-07, 'state_change': 5.812017533912694e-13, 'elemental_residuals': {'C': -4.7073233623016936e-05, 'H': -4.707323674551679e-05, 'O': -4.707323376367829e-05}, 'mass_residual': -4.7073233910158964e-05, 'max_pressure_relative_error': 3.90943012977818e-05, 'max_temperature_error_K': 8.043548405112233e-08}
n400 3 {'cycle': 3, 'max_species_cycle_change': 2.7773069954939444e-10, 'state_change': 1.326050380612287e-12, 'elemental_residuals': {'C': -4.707379534266702e-05, 'H': -4.707379226959606e-05, 'O': -4.707379381682586e-05}, 'mass_residual': -4.7073794324656324e-05, 'max_pressure_relative_error': 3.909429569159961e-05, 'max_temperature_error_K': 8.172628440661356e-08}
n400 4 {'cycle': 4, 'max_species_cycle_change': 2.3099415435989812e-10, 'state_change': 6.971090371621358e-13, 'elemental_residuals': {'C': -4.7074275962398966e-05, 'H': -4.70742708808019e-05, 'O': -4.707427505880416e-05}, 'mass_residual': -4.7074275145242355e-05, 'max_pressure_relative_error': 3.909431211490677e-05, 'max_temperature_error_K': 8.212077773350757e-08}
