/home/runner/work/Electrification-Suite/Electrification-Suite/tools/openmkm_dynamic/match_cjh_rph_39.py:38: UserWarning: NasaPoly2::validate: 
For species OHV, discontinuity in h/RT detected at Tmid = 1000
	Value computed using low-temperature polynomial:  53.62056162666667
	Value computed using high-temperature polynomial: 53.5841554314

  gas=ct.Solution(str(base.MECH))
/home/runner/work/Electrification-Suite/Electrification-Suite/tools/openmkm_dynamic/match_cjh_rph_39.py:38: UserWarning: NasaPoly2::validate: 
For species CHV, discontinuity in h/RT detected at Tmid = 1000
	Value computed using low-temperature polynomial:  107.5046684
	Value computed using high-temperature polynomial: 107.34847808033332

  gas=ct.Solution(str(base.MECH))
stage: importing cantera
stage: loading mechanism
/home/runner/work/Electrification-Suite/Electrification-Suite/tools/openmkm_dynamic/run_cjh_feed_ratio_01.py:34: UserWarning: NasaPoly2::validate: 
For species OHV, discontinuity in h/RT detected at Tmid = 1000
	Value computed using low-temperature polynomial:  53.62056162666667
	Value computed using high-temperature polynomial: 53.5841554314

  gas=ct.Solution("gri30.yaml" if cold else str(MECH))
/home/runner/work/Electrification-Suite/Electrification-Suite/tools/openmkm_dynamic/run_cjh_feed_ratio_01.py:34: UserWarning: NasaPoly2::validate: 
For species CHV, discontinuity in h/RT detected at Tmid = 1000
	Value computed using low-temperature polynomial:  107.5046684
	Value computed using high-temperature polynomial: 107.34847808033332

  gas=ct.Solution("gri30.yaml" if cold else str(MECH))
stage: mechanism loaded 2.3039948539999955
/home/runner/work/Electrification-Suite/Electrification-Suite/tools/openmkm_dynamic/run_cjh_feed_ratio_01.py:41: UserWarning: NasaPoly2::validate: 
For species OHV, discontinuity in h/RT detected at Tmid = 1000
	Value computed using low-temperature polynomial:  53.62056162666667
	Value computed using high-temperature polynomial: 53.5841554314

  inlet=ct.Reservoir(gas,clone=True); exhaust=ct.Reservoir(gas,clone=True)
/home/runner/work/Electrification-Suite/Electrification-Suite/tools/openmkm_dynamic/run_cjh_feed_ratio_01.py:41: UserWarning: NasaPoly2::validate: 
For species CHV, discontinuity in h/RT detected at Tmid = 1000
	Value computed using low-temperature polynomial:  107.5046684
	Value computed using high-temperature polynomial: 107.34847808033332

  inlet=ct.Reservoir(gas,clone=True); exhaust=ct.Reservoir(gas,clone=True)
/home/runner/work/Electrification-Suite/Electrification-Suite/tools/openmkm_dynamic/run_cjh_feed_ratio_01.py:43: UserWarning: NasaPoly2::validate: 
For species OHV, discontinuity in h/RT detected at Tmid = 1000
	Value computed using low-temperature polynomial:  53.62056162666667
	Value computed using high-temperature polynomial: 53.5841554314

  r=reactor_type(gas,energy="off",volume=p["volume_m3"],clone=True)
/home/runner/work/Electrification-Suite/Electrification-Suite/tools/openmkm_dynamic/run_cjh_feed_ratio_01.py:43: UserWarning: NasaPoly2::validate: 
For species CHV, discontinuity in h/RT detected at Tmid = 1000
	Value computed using low-temperature polynomial:  107.5046684
	Value computed using high-temperature polynomial: 107.34847808033332

  r=reactor_type(gas,energy="off",volume=p["volume_m3"],clone=True)
stage: integration 1 2.6970680930000412
stage: integration 20 2.699435567000023
stage: importing cantera
stage: loading mechanism
stage: mechanism loaded 2.3152886980000176
stage: integration 1 3.011093812000013
stage: integration 20 3.1062277400000085
stage: importing cantera
stage: loading mechanism
stage: mechanism loaded 2.3302328469999907
stage: integration 1 2.9133533239999565
stage: integration 20 2.920305055999961
stage: importing cantera
stage: loading mechanism
stage: mechanism loaded 2.374290290000033
stage: integration 1 3.0134863020000466
stage: integration 20 3.0717604990000495
stage: importing cantera
stage: loading mechanism
stage: mechanism loaded 2.3416976589999763
stage: integration 1 3.0788724170000137
stage: integration 20 3.9528838840000162
stage: importing cantera
stage: loading mechanism
stage: mechanism loaded 2.343513217000009
stage: integration 1 3.0667907469999705
stage: integration 20 3.468124285999977
stage: importing cantera
stage: loading mechanism
stage: mechanism loaded 2.3655420110000023
stage: integration 1 3.071899271999996
stage: integration 20 3.6289639009999632
stage: importing cantera
stage: loading mechanism
stage: mechanism loaded 2.331832141999996
stage: integration 1 3.006397258999982
stage: integration 20 3.915797676000011
stage: importing cantera
stage: loading mechanism
stage: mechanism loaded 2.3272116109999956
stage: integration 1 2.9723656419999998
stage: integration 20 3.8951906320000376
stage: importing cantera
stage: loading mechanism
stage: mechanism loaded 2.326337721000016
stage: integration 1 3.050130146000015
stage: integration 20 3.614228123000032
stage: importing cantera
stage: loading mechanism
stage: mechanism loaded 2.3316653019999762
stage: integration 1 3.2627689659999533
stage: integration 20 3.9912599699999873
