stage: loading mechanism
/home/runner/work/Electrification-Suite/Electrification-Suite/tools/openmkm_dynamic/run_rph_fixed_pulse.py:27: UserWarning: NasaPoly2::validate: 
For species OHV, discontinuity in h/RT detected at Tmid = 1000
	Value computed using low-temperature polynomial:  53.62056162666667
	Value computed using high-temperature polynomial: 53.5841554314

  gas=ct.Solution("gri30.yaml" if inert else str(base.MECH))
/home/runner/work/Electrification-Suite/Electrification-Suite/tools/openmkm_dynamic/run_rph_fixed_pulse.py:27: UserWarning: NasaPoly2::validate: 
For species CHV, discontinuity in h/RT detected at Tmid = 1000
	Value computed using low-temperature polynomial:  107.5046684
	Value computed using high-temperature polynomial: 107.34847808033332

  gas=ct.Solution("gri30.yaml" if inert else str(base.MECH))
stage: mechanism loaded 3.2850092220000136
/home/runner/work/Electrification-Suite/Electrification-Suite/tools/openmkm_dynamic/run_rph_fixed_pulse.py:37: UserWarning: NasaPoly2::validate: 
For species OHV, discontinuity in h/RT detected at Tmid = 1000
	Value computed using low-temperature polynomial:  53.62056162666667
	Value computed using high-temperature polynomial: 53.5841554314

  inlet=ct.Reservoir(gas,clone=True);exhaust=ct.Reservoir(gas,clone=True)
/home/runner/work/Electrification-Suite/Electrification-Suite/tools/openmkm_dynamic/run_rph_fixed_pulse.py:37: UserWarning: NasaPoly2::validate: 
For species CHV, discontinuity in h/RT detected at Tmid = 1000
	Value computed using low-temperature polynomial:  107.5046684
	Value computed using high-temperature polynomial: 107.34847808033332

  inlet=ct.Reservoir(gas,clone=True);exhaust=ct.Reservoir(gas,clone=True)
/home/runner/work/Electrification-Suite/Electrification-Suite/tools/openmkm_dynamic/run_rph_fixed_pulse.py:38: UserWarning: NasaPoly2::validate: 
For species OHV, discontinuity in h/RT detected at Tmid = 1000
	Value computed using low-temperature polynomial:  53.62056162666667
	Value computed using high-temperature polynomial: 53.5841554314

  r=PrescribedTemperatureReactor(gas,energy="off",volume=vol,clone=True)
/home/runner/work/Electrification-Suite/Electrification-Suite/tools/openmkm_dynamic/run_rph_fixed_pulse.py:38: UserWarning: NasaPoly2::validate: 
For species CHV, discontinuity in h/RT detected at Tmid = 1000
	Value computed using low-temperature polynomial:  107.5046684
	Value computed using high-temperature polynomial: 107.34847808033332

  r=PrescribedTemperatureReactor(gas,energy="off",volume=vol,clone=True)
stage: integrating 3.713362274000019
n800 1 {'cycle': 1, 'max_species_cycle_change': None, 'state_change': None, 'elemental_residuals': {'C': -1.172548551236568e-05, 'H': -1.1725496019232387e-05, 'O': -1.172549370831721e-05}, 'mass_residual': -1.1725490590136342e-05, 'max_pressure_relative_error': 3.486684039022414e-05, 'max_temperature_error_K': 6.251609647733858e-07}
n800 2 {'cycle': 2, 'max_species_cycle_change': 2.329014203716895e-10, 'state_change': 7.327471962526033e-15, 'elemental_residuals': {'C': -1.1725975445862706e-05, 'H': -1.172595124367483e-05, 'O': -1.1725965013993735e-05}, 'mass_residual': -1.1725968271367052e-05, 'max_pressure_relative_error': 3.486684038245258e-05, 'max_temperature_error_K': 5.270851488603512e-07}
n800 3 {'cycle': 3, 'max_species_cycle_change': 3.6922762070012993e-10, 'state_change': 1.223576795439385e-12, 'elemental_residuals': {'C': -1.1726669502003381e-05, 'H': -1.172667509332052e-05, 'O': -1.1726671857899289e-05}, 'mass_residual': -1.1726671148495013e-05, 'max_pressure_relative_error': 3.4866840513902986e-05, 'max_temperature_error_K': 5.271763257042039e-07}
