/home/runner/work/Electrification-Suite/Electrification-Suite/tools/openmkm_dynamic/match_cjh_rph_39.py:38: UserWarning: NasaPoly2::validate: 
For species OHV, discontinuity in h/RT detected at Tmid = 1000
	Value computed using low-temperature polynomial:  53.62056162666667
	Value computed using high-temperature polynomial: 53.5841554314

  gas=ct.Solution(str(base.MECH))
/home/runner/work/Electrification-Suite/Electrification-Suite/tools/openmkm_dynamic/match_cjh_rph_39.py:38: UserWarning: NasaPoly2::validate: 
For species CHV, discontinuity in h/RT detected at Tmid = 1000
	Value computed using low-temperature polynomial:  107.5046684
	Value computed using high-temperature polynomial: 107.34847808033332

  gas=ct.Solution(str(base.MECH))
stage: importing cantera
stage: loading mechanism
/home/runner/work/Electrification-Suite/Electrification-Suite/tools/openmkm_dynamic/run_cjh_feed_ratio_01.py:34: UserWarning: NasaPoly2::validate: 
For species OHV, discontinuity in h/RT detected at Tmid = 1000
	Value computed using low-temperature polynomial:  53.62056162666667
	Value computed using high-temperature polynomial: 53.5841554314

  gas=ct.Solution("gri30.yaml" if cold else str(MECH))
/home/runner/work/Electrification-Suite/Electrification-Suite/tools/openmkm_dynamic/run_cjh_feed_ratio_01.py:34: UserWarning: NasaPoly2::validate: 
For species CHV, discontinuity in h/RT detected at Tmid = 1000
	Value computed using low-temperature polynomial:  107.5046684
	Value computed using high-temperature polynomial: 107.34847808033332

  gas=ct.Solution("gri30.yaml" if cold else str(MECH))
stage: mechanism loaded 3.022864824999999
/home/runner/work/Electrification-Suite/Electrification-Suite/tools/openmkm_dynamic/run_cjh_feed_ratio_01.py:41: UserWarning: NasaPoly2::validate: 
For species OHV, discontinuity in h/RT detected at Tmid = 1000
	Value computed using low-temperature polynomial:  53.62056162666667
	Value computed using high-temperature polynomial: 53.5841554314

  inlet=ct.Reservoir(gas,clone=True); exhaust=ct.Reservoir(gas,clone=True)
/home/runner/work/Electrification-Suite/Electrification-Suite/tools/openmkm_dynamic/run_cjh_feed_ratio_01.py:41: UserWarning: NasaPoly2::validate: 
For species CHV, discontinuity in h/RT detected at Tmid = 1000
	Value computed using low-temperature polynomial:  107.5046684
	Value computed using high-temperature polynomial: 107.34847808033332

  inlet=ct.Reservoir(gas,clone=True); exhaust=ct.Reservoir(gas,clone=True)
/home/runner/work/Electrification-Suite/Electrification-Suite/tools/openmkm_dynamic/run_cjh_feed_ratio_01.py:43: UserWarning: NasaPoly2::validate: 
For species OHV, discontinuity in h/RT detected at Tmid = 1000
	Value computed using low-temperature polynomial:  53.62056162666667
	Value computed using high-temperature polynomial: 53.5841554314

  r=reactor_type(gas,energy="off",volume=p["volume_m3"],clone=True)
/home/runner/work/Electrification-Suite/Electrification-Suite/tools/openmkm_dynamic/run_cjh_feed_ratio_01.py:43: UserWarning: NasaPoly2::validate: 
For species CHV, discontinuity in h/RT detected at Tmid = 1000
	Value computed using low-temperature polynomial:  107.5046684
	Value computed using high-temperature polynomial: 107.34847808033332

  r=reactor_type(gas,energy="off",volume=p["volume_m3"],clone=True)
stage: integration 1 3.6524328550000007
stage: integration 20 3.7697645439999974
stage: importing cantera
stage: loading mechanism
stage: mechanism loaded 3.0286759699999948
stage: integration 1 3.691915865999988
stage: integration 20 3.7987902250000047
stage: importing cantera
stage: loading mechanism
stage: mechanism loaded 3.0242729029999964
stage: integration 1 3.69858112
stage: integration 20 3.8298195779999844
stage: importing cantera
stage: loading mechanism
stage: mechanism loaded 3.0292720540000175
stage: integration 1 3.714013684000008
stage: integration 20 3.8730393540000136
stage: importing cantera
stage: loading mechanism
stage: mechanism loaded 3.034596351999994
stage: integration 1 3.707803776999981
stage: integration 20 3.806058052999987
stage: importing cantera
stage: loading mechanism
stage: mechanism loaded 3.0668119580000166
stage: integration 1 3.903430321000002
stage: integration 20 4.34622274900002
