/home/runner/work/Electrification-Suite/Electrification-Suite/tools/openmkm_dynamic/match_cjh_rph_39.py:38: UserWarning: NasaPoly2::validate: 
For species OHV, discontinuity in h/RT detected at Tmid = 1000
	Value computed using low-temperature polynomial:  53.62056162666667
	Value computed using high-temperature polynomial: 53.5841554314

  gas=ct.Solution(str(base.MECH))
/home/runner/work/Electrification-Suite/Electrification-Suite/tools/openmkm_dynamic/match_cjh_rph_39.py:38: UserWarning: NasaPoly2::validate: 
For species CHV, discontinuity in h/RT detected at Tmid = 1000
	Value computed using low-temperature polynomial:  107.5046684
	Value computed using high-temperature polynomial: 107.34847808033332

  gas=ct.Solution(str(base.MECH))
stage: importing cantera
stage: loading mechanism
/home/runner/work/Electrification-Suite/Electrification-Suite/tools/openmkm_dynamic/run_cjh_feed_ratio_01.py:34: UserWarning: NasaPoly2::validate: 
For species OHV, discontinuity in h/RT detected at Tmid = 1000
	Value computed using low-temperature polynomial:  53.62056162666667
	Value computed using high-temperature polynomial: 53.5841554314

  gas=ct.Solution("gri30.yaml" if cold else str(MECH))
/home/runner/work/Electrification-Suite/Electrification-Suite/tools/openmkm_dynamic/run_cjh_feed_ratio_01.py:34: UserWarning: NasaPoly2::validate: 
For species CHV, discontinuity in h/RT detected at Tmid = 1000
	Value computed using low-temperature polynomial:  107.5046684
	Value computed using high-temperature polynomial: 107.34847808033332

  gas=ct.Solution("gri30.yaml" if cold else str(MECH))
stage: mechanism loaded 3.063277229999983
/home/runner/work/Electrification-Suite/Electrification-Suite/tools/openmkm_dynamic/run_cjh_feed_ratio_01.py:41: UserWarning: NasaPoly2::validate: 
For species OHV, discontinuity in h/RT detected at Tmid = 1000
	Value computed using low-temperature polynomial:  53.62056162666667
	Value computed using high-temperature polynomial: 53.5841554314

  inlet=ct.Reservoir(gas,clone=True); exhaust=ct.Reservoir(gas,clone=True)
/home/runner/work/Electrification-Suite/Electrification-Suite/tools/openmkm_dynamic/run_cjh_feed_ratio_01.py:41: UserWarning: NasaPoly2::validate: 
For species CHV, discontinuity in h/RT detected at Tmid = 1000
	Value computed using low-temperature polynomial:  107.5046684
	Value computed using high-temperature polynomial: 107.34847808033332

  inlet=ct.Reservoir(gas,clone=True); exhaust=ct.Reservoir(gas,clone=True)
/home/runner/work/Electrification-Suite/Electrification-Suite/tools/openmkm_dynamic/run_cjh_feed_ratio_01.py:43: UserWarning: NasaPoly2::validate: 
For species OHV, discontinuity in h/RT detected at Tmid = 1000
	Value computed using low-temperature polynomial:  53.62056162666667
	Value computed using high-temperature polynomial: 53.5841554314

  r=reactor_type(gas,energy="off",volume=p["volume_m3"],clone=True)
/home/runner/work/Electrification-Suite/Electrification-Suite/tools/openmkm_dynamic/run_cjh_feed_ratio_01.py:43: UserWarning: NasaPoly2::validate: 
For species CHV, discontinuity in h/RT detected at Tmid = 1000
	Value computed using low-temperature polynomial:  107.5046684
	Value computed using high-temperature polynomial: 107.34847808033332

  r=reactor_type(gas,energy="off",volume=p["volume_m3"],clone=True)
stage: integration 1 3.6636072179999815
stage: integration 20 3.789704002999997
stage: importing cantera
stage: loading mechanism
stage: mechanism loaded 3.058625673000023
stage: integration 1 3.6732323989999998
stage: integration 20 3.7987815660000024
stage: importing cantera
stage: loading mechanism
stage: mechanism loaded 3.0415698909999946
stage: integration 1 3.667762616999994
stage: integration 20 3.794487373999999
stage: importing cantera
stage: loading mechanism
stage: mechanism loaded 3.047846609000004
stage: integration 1 3.679034591000004
stage: integration 20 3.7966771660000234
stage: importing cantera
stage: loading mechanism
stage: mechanism loaded 3.0614613200000065
stage: integration 1 3.6944400830000177
stage: integration 20 3.831648090000016
stage: importing cantera
stage: loading mechanism
stage: mechanism loaded 3.0600209049999876
stage: integration 1 3.8393605529999775
stage: integration 20 4.322386298999987
