stage: loading mechanism
/home/runner/work/Electrification-Suite/Electrification-Suite/tools/openmkm_dynamic/run_rph_fixed_pulse.py:28: UserWarning: NasaPoly2::validate: 
For species OHV, discontinuity in h/RT detected at Tmid = 1000
	Value computed using low-temperature polynomial:  53.62056162666667
	Value computed using high-temperature polynomial: 53.5841554314

  gas=ct.Solution("gri30.yaml" if inert else str(base.MECH))
/home/runner/work/Electrification-Suite/Electrification-Suite/tools/openmkm_dynamic/run_rph_fixed_pulse.py:28: UserWarning: NasaPoly2::validate: 
For species CHV, discontinuity in h/RT detected at Tmid = 1000
	Value computed using low-temperature polynomial:  107.5046684
	Value computed using high-temperature polynomial: 107.34847808033332

  gas=ct.Solution("gri30.yaml" if inert else str(base.MECH))
stage: mechanism loaded 3.2810531340000466
/home/runner/work/Electrification-Suite/Electrification-Suite/tools/openmkm_dynamic/run_rph_fixed_pulse.py:38: UserWarning: NasaPoly2::validate: 
For species OHV, discontinuity in h/RT detected at Tmid = 1000
	Value computed using low-temperature polynomial:  53.62056162666667
	Value computed using high-temperature polynomial: 53.5841554314

  inlet=ct.Reservoir(gas,clone=True);exhaust=ct.Reservoir(gas,clone=True)
/home/runner/work/Electrification-Suite/Electrification-Suite/tools/openmkm_dynamic/run_rph_fixed_pulse.py:38: UserWarning: NasaPoly2::validate: 
For species CHV, discontinuity in h/RT detected at Tmid = 1000
	Value computed using low-temperature polynomial:  107.5046684
	Value computed using high-temperature polynomial: 107.34847808033332

  inlet=ct.Reservoir(gas,clone=True);exhaust=ct.Reservoir(gas,clone=True)
/home/runner/work/Electrification-Suite/Electrification-Suite/tools/openmkm_dynamic/run_rph_fixed_pulse.py:39: UserWarning: NasaPoly2::validate: 
For species OHV, discontinuity in h/RT detected at Tmid = 1000
	Value computed using low-temperature polynomial:  53.62056162666667
	Value computed using high-temperature polynomial: 53.5841554314

  r=PrescribedTemperatureReactor(gas,energy="off",volume=vol,clone=True)
/home/runner/work/Electrification-Suite/Electrification-Suite/tools/openmkm_dynamic/run_rph_fixed_pulse.py:39: UserWarning: NasaPoly2::validate: 
For species CHV, discontinuity in h/RT detected at Tmid = 1000
	Value computed using low-temperature polynomial:  107.5046684
	Value computed using high-temperature polynomial: 107.34847808033332

  r=PrescribedTemperatureReactor(gas,energy="off",volume=vol,clone=True)
stage: integrating 3.674688439000022
n800 1 {'cycle': 1, 'max_species_cycle_change': None, 'state_change': None, 'elemental_residuals': {'C': -2.5606548509485196e-05, 'H': -2.5606542339714803e-05, 'O': -2.560657239707298e-05}, 'mass_residual': -2.5606554655318265e-05, 'max_pressure_relative_error': 2.1040773213965025e-05, 'max_temperature_error_K': 1.2962243545189267e-07}
n800 2 {'cycle': 2, 'max_species_cycle_change': 8.978678911475413e-11, 'state_change': 1.3246070906802743e-12, 'elemental_residuals': {'C': -2.5606461239698834e-05, 'H': -2.5606463555037944e-05, 'O': -2.5606459996369207e-05}, 'mass_residual': -2.5606461212573075e-05, 'max_pressure_relative_error': 2.1040768271030075e-05, 'max_temperature_error_K': 1.059022451954661e-07}
n800 3 {'cycle': 3, 'max_species_cycle_change': 5.539195768733407e-10, 'state_change': 8.997247391562269e-13, 'elemental_residuals': {'C': -2.5607129903560728e-05, 'H': -2.5607130919087563e-05, 'O': -2.5607129635739335e-05}, 'mass_residual': -2.5607129978522307e-05, 'max_pressure_relative_error': 2.1040769103697343e-05, 'max_temperature_error_K': 1.0625058166624513e-07}
