/home/runner/work/Electrification-Suite/Electrification-Suite/tools/openmkm_dynamic/run_rph_fixed_pulse.py:24: UserWarning: NasaPoly2::validate: 
For species OHV, discontinuity in h/RT detected at Tmid = 1000
	Value computed using low-temperature polynomial:  53.62056162666667
	Value computed using high-temperature polynomial: 53.5841554314

  gas=ct.Solution("gri30.yaml" if inert else str(base.MECH))
/home/runner/work/Electrification-Suite/Electrification-Suite/tools/openmkm_dynamic/run_rph_fixed_pulse.py:24: UserWarning: NasaPoly2::validate: 
For species CHV, discontinuity in h/RT detected at Tmid = 1000
	Value computed using low-temperature polynomial:  107.5046684
	Value computed using high-temperature polynomial: 107.34847808033332

  gas=ct.Solution("gri30.yaml" if inert else str(base.MECH))
/home/runner/work/Electrification-Suite/Electrification-Suite/tools/openmkm_dynamic/run_rph_fixed_pulse.py:33: UserWarning: NasaPoly2::validate: 
For species OHV, discontinuity in h/RT detected at Tmid = 1000
	Value computed using low-temperature polynomial:  53.62056162666667
	Value computed using high-temperature polynomial: 53.5841554314

  inlet=ct.Reservoir(gas,clone=True);exhaust=ct.Reservoir(gas,clone=True)
/home/runner/work/Electrification-Suite/Electrification-Suite/tools/openmkm_dynamic/run_rph_fixed_pulse.py:33: UserWarning: NasaPoly2::validate: 
For species CHV, discontinuity in h/RT detected at Tmid = 1000
	Value computed using low-temperature polynomial:  107.5046684
	Value computed using high-temperature polynomial: 107.34847808033332

  inlet=ct.Reservoir(gas,clone=True);exhaust=ct.Reservoir(gas,clone=True)
/home/runner/work/Electrification-Suite/Electrification-Suite/tools/openmkm_dynamic/run_rph_fixed_pulse.py:34: UserWarning: NasaPoly2::validate: 
For species OHV, discontinuity in h/RT detected at Tmid = 1000
	Value computed using low-temperature polynomial:  53.62056162666667
	Value computed using high-temperature polynomial: 53.5841554314

  r=PrescribedTemperatureReactor(gas,energy="off",volume=vol,clone=True)
/home/runner/work/Electrification-Suite/Electrification-Suite/tools/openmkm_dynamic/run_rph_fixed_pulse.py:34: UserWarning: NasaPoly2::validate: 
For species CHV, discontinuity in h/RT detected at Tmid = 1000
	Value computed using low-temperature polynomial:  107.5046684
	Value computed using high-temperature polynomial: 107.34847808033332

  r=PrescribedTemperatureReactor(gas,energy="off",volume=vol,clone=True)
T1200-hold0.025-n800 1 {'cycle': 1, 'max_species_cycle_change': None, 'state_change': None, 'elemental_residuals': {'C': 2.436846265410409e-05, 'H': 2.436795513666019e-05, 'O': 2.436897017445737e-05}, 'mass_residual': 2.4368699006789186e-05, 'max_pressure_relative_error': 1.90709646155085e-05, 'max_temperature_error_K': 4.431457909959136e-06}
T1200-hold0.025-n800 2 {'cycle': 2, 'max_species_cycle_change': 2.9175946103521255e-08, 'state_change': 2.1949109196839345e-13, 'elemental_residuals': {'C': 2.4310592671649665e-05, 'H': 2.4310592663029875e-05, 'O': 2.4310592655314025e-05}, 'mass_residual': 2.431059266040379e-05, 'max_pressure_relative_error': 1.906953490604657e-05, 'max_temperature_error_K': 4.4316204821370775e-06}
T1200-hold0.025-n800 3 {'cycle': 3, 'max_species_cycle_change': 7.422649628274769e-08, 'state_change': 5.653255641391297e-13, 'elemental_residuals': {'C': 2.4162139658101558e-05, 'H': 2.4162139658183554e-05, 'O': 2.4162139652136955e-05}, 'mass_residual': 2.4162139655067892e-05, 'max_pressure_relative_error': 1.907096048170409e-05, 'max_temperature_error_K': 4.4315963805274805e-06}
