/home/runner/work/Electrification-Suite/Electrification-Suite/tools/openmkm_dynamic/run_rph_fixed_pulse.py:24: UserWarning: NasaPoly2::validate: 
For species OHV, discontinuity in h/RT detected at Tmid = 1000
	Value computed using low-temperature polynomial:  53.62056162666667
	Value computed using high-temperature polynomial: 53.5841554314

  gas=ct.Solution("gri30.yaml" if inert else str(base.MECH))
/home/runner/work/Electrification-Suite/Electrification-Suite/tools/openmkm_dynamic/run_rph_fixed_pulse.py:24: UserWarning: NasaPoly2::validate: 
For species CHV, discontinuity in h/RT detected at Tmid = 1000
	Value computed using low-temperature polynomial:  107.5046684
	Value computed using high-temperature polynomial: 107.34847808033332

  gas=ct.Solution("gri30.yaml" if inert else str(base.MECH))
/home/runner/work/Electrification-Suite/Electrification-Suite/tools/openmkm_dynamic/run_rph_fixed_pulse.py:33: UserWarning: NasaPoly2::validate: 
For species OHV, discontinuity in h/RT detected at Tmid = 1000
	Value computed using low-temperature polynomial:  53.62056162666667
	Value computed using high-temperature polynomial: 53.5841554314

  inlet=ct.Reservoir(gas,clone=True);exhaust=ct.Reservoir(gas,clone=True)
/home/runner/work/Electrification-Suite/Electrification-Suite/tools/openmkm_dynamic/run_rph_fixed_pulse.py:33: UserWarning: NasaPoly2::validate: 
For species CHV, discontinuity in h/RT detected at Tmid = 1000
	Value computed using low-temperature polynomial:  107.5046684
	Value computed using high-temperature polynomial: 107.34847808033332

  inlet=ct.Reservoir(gas,clone=True);exhaust=ct.Reservoir(gas,clone=True)
/home/runner/work/Electrification-Suite/Electrification-Suite/tools/openmkm_dynamic/run_rph_fixed_pulse.py:34: UserWarning: NasaPoly2::validate: 
For species OHV, discontinuity in h/RT detected at Tmid = 1000
	Value computed using low-temperature polynomial:  53.62056162666667
	Value computed using high-temperature polynomial: 53.5841554314

  r=PrescribedTemperatureReactor(gas,energy="off",volume=vol,clone=True)
/home/runner/work/Electrification-Suite/Electrification-Suite/tools/openmkm_dynamic/run_rph_fixed_pulse.py:34: UserWarning: NasaPoly2::validate: 
For species CHV, discontinuity in h/RT detected at Tmid = 1000
	Value computed using low-temperature polynomial:  107.5046684
	Value computed using high-temperature polynomial: 107.34847808033332

  r=PrescribedTemperatureReactor(gas,energy="off",volume=vol,clone=True)
T1200-hold0.025-n400 1 {'cycle': 1, 'max_species_cycle_change': None, 'state_change': None, 'elemental_residuals': {'C': 4.8779726551436346e-05, 'H': 4.8780220944539855e-05, 'O': 4.8779232165217276e-05}, 'mass_residual': 4.8779496315140666e-05, 'max_pressure_relative_error': 1.9019758926708263e-05, 'max_temperature_error_K': 7.272341008501826e-05}
T1200-hold0.025-n400 2 {'cycle': 2, 'max_species_cycle_change': 2.5761293209747294e-08, 'state_change': 2.0516921495072893e-13, 'elemental_residuals': {'C': 4.8728270079549476e-05, 'H': 4.87282700801609e-05, 'O': 4.8728270076685854e-05}, 'mass_residual': 4.872827007806426e-05, 'max_pressure_relative_error': 1.901965129036398e-05, 'max_temperature_error_K': 7.272355423992849e-05}
T1200-hold0.025-n400 3 {'cycle': 3, 'max_species_cycle_change': 2.8037793697865965e-08, 'state_change': 4.29101199017623e-13, 'elemental_residuals': {'C': 4.878434567289947e-05, 'H': 4.878434567184411e-05, 'O': 4.878434567114124e-05}, 'mass_residual': 4.878434566952741e-05, 'max_pressure_relative_error': 1.9019753843663167e-05, 'max_temperature_error_K': 7.272386915246898e-05}
