/home/runner/work/Electrification-Suite/Electrification-Suite/tools/openmkm_dynamic/run_rph_fixed_pulse.py:24: UserWarning: NasaPoly2::validate: 
For species OHV, discontinuity in h/RT detected at Tmid = 1000
	Value computed using low-temperature polynomial:  53.62056162666667
	Value computed using high-temperature polynomial: 53.5841554314

  gas=ct.Solution("gri30.yaml" if inert else str(base.MECH))
/home/runner/work/Electrification-Suite/Electrification-Suite/tools/openmkm_dynamic/run_rph_fixed_pulse.py:24: UserWarning: NasaPoly2::validate: 
For species CHV, discontinuity in h/RT detected at Tmid = 1000
	Value computed using low-temperature polynomial:  107.5046684
	Value computed using high-temperature polynomial: 107.34847808033332

  gas=ct.Solution("gri30.yaml" if inert else str(base.MECH))
/home/runner/work/Electrification-Suite/Electrification-Suite/tools/openmkm_dynamic/run_rph_fixed_pulse.py:33: UserWarning: NasaPoly2::validate: 
For species OHV, discontinuity in h/RT detected at Tmid = 1000
	Value computed using low-temperature polynomial:  53.62056162666667
	Value computed using high-temperature polynomial: 53.5841554314

  inlet=ct.Reservoir(gas,clone=True);exhaust=ct.Reservoir(gas,clone=True)
/home/runner/work/Electrification-Suite/Electrification-Suite/tools/openmkm_dynamic/run_rph_fixed_pulse.py:33: UserWarning: NasaPoly2::validate: 
For species CHV, discontinuity in h/RT detected at Tmid = 1000
	Value computed using low-temperature polynomial:  107.5046684
	Value computed using high-temperature polynomial: 107.34847808033332

  inlet=ct.Reservoir(gas,clone=True);exhaust=ct.Reservoir(gas,clone=True)
/home/runner/work/Electrification-Suite/Electrification-Suite/tools/openmkm_dynamic/run_rph_fixed_pulse.py:34: UserWarning: NasaPoly2::validate: 
For species OHV, discontinuity in h/RT detected at Tmid = 1000
	Value computed using low-temperature polynomial:  53.62056162666667
	Value computed using high-temperature polynomial: 53.5841554314

  r=PrescribedTemperatureReactor(gas,energy="off",volume=vol,clone=True)
/home/runner/work/Electrification-Suite/Electrification-Suite/tools/openmkm_dynamic/run_rph_fixed_pulse.py:34: UserWarning: NasaPoly2::validate: 
For species CHV, discontinuity in h/RT detected at Tmid = 1000
	Value computed using low-temperature polynomial:  107.5046684
	Value computed using high-temperature polynomial: 107.34847808033332

  r=PrescribedTemperatureReactor(gas,energy="off",volume=vol,clone=True)
T1800-hold0.5-n400 1 {'cycle': 1, 'max_species_cycle_change': None, 'state_change': None, 'elemental_residuals': {'C': 1.530289240803829e-05, 'H': 1.5300082857602584e-05, 'O': 1.5304568353432336e-05}, 'mass_residual': 1.5303596774761087e-05, 'max_pressure_relative_error': 3.409614760285784e-05, 'max_temperature_error_K': 2.2530457499669865e-09}
T1800-hold0.5-n400 2 {'cycle': 2, 'max_species_cycle_change': 6.00623007995793e-08, 'state_change': 3.5937919307116317e-13, 'elemental_residuals': {'C': 1.5423907506251713e-05, 'H': 1.5424962080606818e-05, 'O': 1.5424137789778766e-05}, 'mass_residual': 1.5424101012788198e-05, 'max_pressure_relative_error': 3.4096148878504096e-05, 'max_temperature_error_K': 2.4049313651630655e-09}
T1800-hold0.5-n400 3 {'cycle': 3, 'max_species_cycle_change': 2.5517194635060747e-08, 'state_change': 1.088440448882011e-11, 'elemental_residuals': {'C': 1.5473001559903715e-05, 'H': 1.5470594832571087e-05, 'O': 1.5471631410817174e-05}, 'mass_residual': 1.547210989305899e-05, 'max_pressure_relative_error': 3.409614765015334e-05, 'max_temperature_error_K': 5.909896572120488e-09}
