/home/runner/work/Electrification-Suite/Electrification-Suite/tools/openmkm_dynamic/run_rph_fixed_pulse.py:24: UserWarning: NasaPoly2::validate: 
For species OHV, discontinuity in h/RT detected at Tmid = 1000
	Value computed using low-temperature polynomial:  53.62056162666667
	Value computed using high-temperature polynomial: 53.5841554314

  gas=ct.Solution("gri30.yaml" if inert else str(base.MECH))
/home/runner/work/Electrification-Suite/Electrification-Suite/tools/openmkm_dynamic/run_rph_fixed_pulse.py:24: UserWarning: NasaPoly2::validate: 
For species CHV, discontinuity in h/RT detected at Tmid = 1000
	Value computed using low-temperature polynomial:  107.5046684
	Value computed using high-temperature polynomial: 107.34847808033332

  gas=ct.Solution("gri30.yaml" if inert else str(base.MECH))
/home/runner/work/Electrification-Suite/Electrification-Suite/tools/openmkm_dynamic/run_rph_fixed_pulse.py:33: UserWarning: NasaPoly2::validate: 
For species OHV, discontinuity in h/RT detected at Tmid = 1000
	Value computed using low-temperature polynomial:  53.62056162666667
	Value computed using high-temperature polynomial: 53.5841554314

  inlet=ct.Reservoir(gas,clone=True);exhaust=ct.Reservoir(gas,clone=True)
/home/runner/work/Electrification-Suite/Electrification-Suite/tools/openmkm_dynamic/run_rph_fixed_pulse.py:33: UserWarning: NasaPoly2::validate: 
For species CHV, discontinuity in h/RT detected at Tmid = 1000
	Value computed using low-temperature polynomial:  107.5046684
	Value computed using high-temperature polynomial: 107.34847808033332

  inlet=ct.Reservoir(gas,clone=True);exhaust=ct.Reservoir(gas,clone=True)
/home/runner/work/Electrification-Suite/Electrification-Suite/tools/openmkm_dynamic/run_rph_fixed_pulse.py:34: UserWarning: NasaPoly2::validate: 
For species OHV, discontinuity in h/RT detected at Tmid = 1000
	Value computed using low-temperature polynomial:  53.62056162666667
	Value computed using high-temperature polynomial: 53.5841554314

  r=PrescribedTemperatureReactor(gas,energy="off",volume=vol,clone=True)
/home/runner/work/Electrification-Suite/Electrification-Suite/tools/openmkm_dynamic/run_rph_fixed_pulse.py:34: UserWarning: NasaPoly2::validate: 
For species CHV, discontinuity in h/RT detected at Tmid = 1000
	Value computed using low-temperature polynomial:  107.5046684
	Value computed using high-temperature polynomial: 107.34847808033332

  r=PrescribedTemperatureReactor(gas,energy="off",volume=vol,clone=True)
T1800-hold0.025-n400 1 {'cycle': 1, 'max_species_cycle_change': None, 'state_change': None, 'elemental_residuals': {'C': 9.068323567304624e-05, 'H': 9.068323627013525e-05, 'O': 9.06832354395286e-05}, 'mass_residual': 9.068323558987371e-05, 'max_pressure_relative_error': 3.409614760285784e-05, 'max_temperature_error_K': 2.2530457499669865e-09}
T1800-hold0.025-n400 2 {'cycle': 2, 'max_species_cycle_change': 2.2479570482847322e-08, 'state_change': 4.027889133340068e-13, 'elemental_residuals': {'C': 9.063828237723368e-05, 'H': 9.06382821983259e-05, 'O': 9.063828181552268e-05}, 'mass_residual': 9.063828206193291e-05, 'max_pressure_relative_error': 3.4096140647532636e-05, 'max_temperature_error_K': 2.4997461878228933e-09}
T1800-hold0.025-n400 3 {'cycle': 3, 'max_species_cycle_change': 2.8018443676280924e-09, 'state_change': 1.155520124029863e-12, 'elemental_residuals': {'C': 9.063262373819703e-05, 'H': 9.063262497960573e-05, 'O': 9.063262385315507e-05}, 'mass_residual': 9.063262387587321e-05, 'max_pressure_relative_error': 3.409614760285784e-05, 'max_temperature_error_K': 3.1075160222826526e-09}
