/home/runner/work/Electrification-Suite/Electrification-Suite/tools/openmkm_dynamic/run_rph_fixed_pulse.py:25: UserWarning: NasaPoly2::validate: 
For species OHV, discontinuity in h/RT detected at Tmid = 1000
	Value computed using low-temperature polynomial:  53.62056162666667
	Value computed using high-temperature polynomial: 53.5841554314

  gas=ct.Solution("gri30.yaml" if inert else str(base.MECH))
/home/runner/work/Electrification-Suite/Electrification-Suite/tools/openmkm_dynamic/run_rph_fixed_pulse.py:25: UserWarning: NasaPoly2::validate: 
For species CHV, discontinuity in h/RT detected at Tmid = 1000
	Value computed using low-temperature polynomial:  107.5046684
	Value computed using high-temperature polynomial: 107.34847808033332

  gas=ct.Solution("gri30.yaml" if inert else str(base.MECH))
/home/runner/work/Electrification-Suite/Electrification-Suite/tools/openmkm_dynamic/run_rph_fixed_pulse.py:34: UserWarning: NasaPoly2::validate: 
For species OHV, discontinuity in h/RT detected at Tmid = 1000
	Value computed using low-temperature polynomial:  53.62056162666667
	Value computed using high-temperature polynomial: 53.5841554314

  inlet=ct.Reservoir(gas,clone=True);exhaust=ct.Reservoir(gas,clone=True)
/home/runner/work/Electrification-Suite/Electrification-Suite/tools/openmkm_dynamic/run_rph_fixed_pulse.py:34: UserWarning: NasaPoly2::validate: 
For species CHV, discontinuity in h/RT detected at Tmid = 1000
	Value computed using low-temperature polynomial:  107.5046684
	Value computed using high-temperature polynomial: 107.34847808033332

  inlet=ct.Reservoir(gas,clone=True);exhaust=ct.Reservoir(gas,clone=True)
/home/runner/work/Electrification-Suite/Electrification-Suite/tools/openmkm_dynamic/run_rph_fixed_pulse.py:35: UserWarning: NasaPoly2::validate: 
For species OHV, discontinuity in h/RT detected at Tmid = 1000
	Value computed using low-temperature polynomial:  53.62056162666667
	Value computed using high-temperature polynomial: 53.5841554314

  r=PrescribedTemperatureReactor(gas,energy="off",volume=vol,clone=True)
/home/runner/work/Electrification-Suite/Electrification-Suite/tools/openmkm_dynamic/run_rph_fixed_pulse.py:35: UserWarning: NasaPoly2::validate: 
For species CHV, discontinuity in h/RT detected at Tmid = 1000
	Value computed using low-temperature polynomial:  107.5046684
	Value computed using high-temperature polynomial: 107.34847808033332

  r=PrescribedTemperatureReactor(gas,energy="off",volume=vol,clone=True)
T1400-h0.3-Q25-n800 1 {'cycle': 1, 'max_species_cycle_change': None, 'state_change': None, 'elemental_residuals': {'C': 2.9736937801101292e-05, 'H': 2.973698276600715e-05, 'O': 2.973691188822769e-05}, 'mass_residual': 2.9736927014812062e-05, 'max_pressure_relative_error': 2.4138506058202225e-05, 'max_temperature_error_K': 3.667894361569779e-06}
T1400-h0.3-Q25-n800 2 {'cycle': 2, 'max_species_cycle_change': 5.050138640605439e-09, 'state_change': 2.035038804137912e-13, 'elemental_residuals': {'C': 2.9726915026032608e-05, 'H': 2.972692364375937e-05, 'O': 2.9726907661847334e-05}, 'mass_residual': 2.9726911676700614e-05, 'max_pressure_relative_error': 2.4138506290016792e-05, 'max_temperature_error_K': 3.651486395028769e-06}
T1400-h0.3-Q25-n800 3 {'cycle': 3, 'max_species_cycle_change': 1.6175751182956333e-08, 'state_change': 2.2581936320875684e-13, 'elemental_residuals': {'C': 2.9759261831443887e-05, 'H': 2.9759255667847805e-05, 'O': 2.975926089162338e-05}, 'mass_residual': 2.9759260918539684e-05, 'max_pressure_relative_error': 2.4138506271365046e-05, 'max_temperature_error_K': 3.6514779822027776e-06}
