/home/runner/work/Electrification-Suite/Electrification-Suite/tools/openmkm_dynamic/run_rph_fixed_pulse.py:25: UserWarning: NasaPoly2::validate: 
For species OHV, discontinuity in h/RT detected at Tmid = 1000
	Value computed using low-temperature polynomial:  53.62056162666667
	Value computed using high-temperature polynomial: 53.5841554314

  gas=ct.Solution("gri30.yaml" if inert else str(base.MECH))
/home/runner/work/Electrification-Suite/Electrification-Suite/tools/openmkm_dynamic/run_rph_fixed_pulse.py:25: UserWarning: NasaPoly2::validate: 
For species CHV, discontinuity in h/RT detected at Tmid = 1000
	Value computed using low-temperature polynomial:  107.5046684
	Value computed using high-temperature polynomial: 107.34847808033332

  gas=ct.Solution("gri30.yaml" if inert else str(base.MECH))
/home/runner/work/Electrification-Suite/Electrification-Suite/tools/openmkm_dynamic/run_rph_fixed_pulse.py:34: UserWarning: NasaPoly2::validate: 
For species OHV, discontinuity in h/RT detected at Tmid = 1000
	Value computed using low-temperature polynomial:  53.62056162666667
	Value computed using high-temperature polynomial: 53.5841554314

  inlet=ct.Reservoir(gas,clone=True);exhaust=ct.Reservoir(gas,clone=True)
/home/runner/work/Electrification-Suite/Electrification-Suite/tools/openmkm_dynamic/run_rph_fixed_pulse.py:34: UserWarning: NasaPoly2::validate: 
For species CHV, discontinuity in h/RT detected at Tmid = 1000
	Value computed using low-temperature polynomial:  107.5046684
	Value computed using high-temperature polynomial: 107.34847808033332

  inlet=ct.Reservoir(gas,clone=True);exhaust=ct.Reservoir(gas,clone=True)
/home/runner/work/Electrification-Suite/Electrification-Suite/tools/openmkm_dynamic/run_rph_fixed_pulse.py:35: UserWarning: NasaPoly2::validate: 
For species OHV, discontinuity in h/RT detected at Tmid = 1000
	Value computed using low-temperature polynomial:  53.62056162666667
	Value computed using high-temperature polynomial: 53.5841554314

  r=PrescribedTemperatureReactor(gas,energy="off",volume=vol,clone=True)
/home/runner/work/Electrification-Suite/Electrification-Suite/tools/openmkm_dynamic/run_rph_fixed_pulse.py:35: UserWarning: NasaPoly2::validate: 
For species CHV, discontinuity in h/RT detected at Tmid = 1000
	Value computed using low-temperature polynomial:  107.5046684
	Value computed using high-temperature polynomial: 107.34847808033332

  r=PrescribedTemperatureReactor(gas,energy="off",volume=vol,clone=True)
T1400-h0.65-Q100-n400 1 {'cycle': 1, 'max_species_cycle_change': None, 'state_change': None, 'elemental_residuals': {'C': -6.333283601274518e-06, 'H': -6.333674839012239e-06, 'O': -6.3328897400931885e-06}, 'mass_residual': -6.3331000072778e-06, 'max_pressure_relative_error': 2.4059525152608785e-05, 'max_temperature_error_K': 2.7490045795275364e-07}
T1400-h0.65-Q100-n400 2 {'cycle': 2, 'max_species_cycle_change': 3.0280596363674306e-09, 'state_change': 1.6209256159527285e-14, 'elemental_residuals': {'C': -6.327597738692233e-06, 'H': -6.327584538190228e-06, 'O': -6.327596224464021e-06}, 'mass_residual': -6.327596049027209e-06, 'max_pressure_relative_error': 2.4059524962760648e-05, 'max_temperature_error_K': 2.750316525634844e-07}
T1400-h0.65-Q100-n400 3 {'cycle': 3, 'max_species_cycle_change': 2.5024128325057404e-09, 'state_change': 5.431211036466266e-13, 'elemental_residuals': {'C': -6.322622350620561e-06, 'H': -6.322615540963855e-06, 'O': -6.322622254126774e-06}, 'mass_residual': -6.3226218424229994e-06, 'max_pressure_relative_error': 2.4059525172370755e-05, 'max_temperature_error_K': 2.7535816116142087e-07}
