/home/runner/work/Electrification-Suite/Electrification-Suite/tools/openmkm_dynamic/run_rph_fixed_pulse.py:25: UserWarning: NasaPoly2::validate: 
For species OHV, discontinuity in h/RT detected at Tmid = 1000
	Value computed using low-temperature polynomial:  53.62056162666667
	Value computed using high-temperature polynomial: 53.5841554314

  gas=ct.Solution("gri30.yaml" if inert else str(base.MECH))
/home/runner/work/Electrification-Suite/Electrification-Suite/tools/openmkm_dynamic/run_rph_fixed_pulse.py:25: UserWarning: NasaPoly2::validate: 
For species CHV, discontinuity in h/RT detected at Tmid = 1000
	Value computed using low-temperature polynomial:  107.5046684
	Value computed using high-temperature polynomial: 107.34847808033332

  gas=ct.Solution("gri30.yaml" if inert else str(base.MECH))
/home/runner/work/Electrification-Suite/Electrification-Suite/tools/openmkm_dynamic/run_rph_fixed_pulse.py:34: UserWarning: NasaPoly2::validate: 
For species OHV, discontinuity in h/RT detected at Tmid = 1000
	Value computed using low-temperature polynomial:  53.62056162666667
	Value computed using high-temperature polynomial: 53.5841554314

  inlet=ct.Reservoir(gas,clone=True);exhaust=ct.Reservoir(gas,clone=True)
/home/runner/work/Electrification-Suite/Electrification-Suite/tools/openmkm_dynamic/run_rph_fixed_pulse.py:34: UserWarning: NasaPoly2::validate: 
For species CHV, discontinuity in h/RT detected at Tmid = 1000
	Value computed using low-temperature polynomial:  107.5046684
	Value computed using high-temperature polynomial: 107.34847808033332

  inlet=ct.Reservoir(gas,clone=True);exhaust=ct.Reservoir(gas,clone=True)
/home/runner/work/Electrification-Suite/Electrification-Suite/tools/openmkm_dynamic/run_rph_fixed_pulse.py:35: UserWarning: NasaPoly2::validate: 
For species OHV, discontinuity in h/RT detected at Tmid = 1000
	Value computed using low-temperature polynomial:  53.62056162666667
	Value computed using high-temperature polynomial: 53.5841554314

  r=PrescribedTemperatureReactor(gas,energy="off",volume=vol,clone=True)
/home/runner/work/Electrification-Suite/Electrification-Suite/tools/openmkm_dynamic/run_rph_fixed_pulse.py:35: UserWarning: NasaPoly2::validate: 
For species CHV, discontinuity in h/RT detected at Tmid = 1000
	Value computed using low-temperature polynomial:  107.5046684
	Value computed using high-temperature polynomial: 107.34847808033332

  r=PrescribedTemperatureReactor(gas,energy="off",volume=vol,clone=True)
T1400-h0.65-Q50-n400 1 {'cycle': 1, 'max_species_cycle_change': None, 'state_change': None, 'elemental_residuals': {'C': -1.1394423288552787e-05, 'H': -1.1394457704287421e-05, 'O': -1.1394379739848849e-05}, 'mass_residual': -1.1394402396625283e-05, 'max_pressure_relative_error': 2.405952515238674e-05, 'max_temperature_error_K': 1.275273461942561e-06}
T1400-h0.65-Q50-n400 2 {'cycle': 2, 'max_species_cycle_change': 2.4027222988998176e-09, 'state_change': 7.889244812986362e-13, 'elemental_residuals': {'C': -1.1399178212519749e-05, 'H': -1.1399176278239993e-05, 'O': -1.1399173479028543e-05}, 'mass_residual': -1.139917556623346e-05, 'max_pressure_relative_error': 2.4059525244091162e-05, 'max_temperature_error_K': 1.2758397360812523e-06}
T1400-h0.65-Q50-n400 3 {'cycle': 3, 'max_species_cycle_change': 6.2142954670996176e-09, 'state_change': 1.1866063687193673e-12, 'elemental_residuals': {'C': -1.1386753737280043e-05, 'H': -1.1386755779373849e-05, 'O': -1.1386746292720109e-05}, 'mass_residual': -1.138674990158386e-05, 'max_pressure_relative_error': 2.4059525237429824e-05, 'max_temperature_error_K': 1.2768034594046185e-06}
