/home/runner/work/Electrification-Suite/Electrification-Suite/tools/openmkm_dynamic/run_rph_fixed_pulse.py:25: UserWarning: NasaPoly2::validate: 
For species OHV, discontinuity in h/RT detected at Tmid = 1000
	Value computed using low-temperature polynomial:  53.62056162666667
	Value computed using high-temperature polynomial: 53.5841554314

  gas=ct.Solution("gri30.yaml" if inert else str(base.MECH))
/home/runner/work/Electrification-Suite/Electrification-Suite/tools/openmkm_dynamic/run_rph_fixed_pulse.py:25: UserWarning: NasaPoly2::validate: 
For species CHV, discontinuity in h/RT detected at Tmid = 1000
	Value computed using low-temperature polynomial:  107.5046684
	Value computed using high-temperature polynomial: 107.34847808033332

  gas=ct.Solution("gri30.yaml" if inert else str(base.MECH))
/home/runner/work/Electrification-Suite/Electrification-Suite/tools/openmkm_dynamic/run_rph_fixed_pulse.py:34: UserWarning: NasaPoly2::validate: 
For species OHV, discontinuity in h/RT detected at Tmid = 1000
	Value computed using low-temperature polynomial:  53.62056162666667
	Value computed using high-temperature polynomial: 53.5841554314

  inlet=ct.Reservoir(gas,clone=True);exhaust=ct.Reservoir(gas,clone=True)
/home/runner/work/Electrification-Suite/Electrification-Suite/tools/openmkm_dynamic/run_rph_fixed_pulse.py:34: UserWarning: NasaPoly2::validate: 
For species CHV, discontinuity in h/RT detected at Tmid = 1000
	Value computed using low-temperature polynomial:  107.5046684
	Value computed using high-temperature polynomial: 107.34847808033332

  inlet=ct.Reservoir(gas,clone=True);exhaust=ct.Reservoir(gas,clone=True)
/home/runner/work/Electrification-Suite/Electrification-Suite/tools/openmkm_dynamic/run_rph_fixed_pulse.py:35: UserWarning: NasaPoly2::validate: 
For species OHV, discontinuity in h/RT detected at Tmid = 1000
	Value computed using low-temperature polynomial:  53.62056162666667
	Value computed using high-temperature polynomial: 53.5841554314

  r=PrescribedTemperatureReactor(gas,energy="off",volume=vol,clone=True)
/home/runner/work/Electrification-Suite/Electrification-Suite/tools/openmkm_dynamic/run_rph_fixed_pulse.py:35: UserWarning: NasaPoly2::validate: 
For species CHV, discontinuity in h/RT detected at Tmid = 1000
	Value computed using low-temperature polynomial:  107.5046684
	Value computed using high-temperature polynomial: 107.34847808033332

  r=PrescribedTemperatureReactor(gas,energy="off",volume=vol,clone=True)
T1400-h0.5-Q100-n400 1 {'cycle': 1, 'max_species_cycle_change': None, 'state_change': None, 'elemental_residuals': {'C': 2.7149233350253768e-06, 'H': 2.7145310430514645e-06, 'O': 2.715315113337226e-06}, 'mass_residual': 2.715105746447828e-06, 'max_pressure_relative_error': 2.4059525152608785e-05, 'max_temperature_error_K': 2.749717396000051e-07}
T1400-h0.5-Q100-n400 2 {'cycle': 2, 'max_species_cycle_change': 1.569250301924896e-08, 'state_change': 3.226308109560705e-13, 'elemental_residuals': {'C': 2.6839264650016543e-06, 'H': 2.6839830508011815e-06, 'O': 2.683920309705178e-06}, 'mass_residual': 2.683926992560119e-06, 'max_pressure_relative_error': 2.405952516060239e-05, 'max_temperature_error_K': 2.752105956460582e-07}
T1400-h0.5-Q100-n400 3 {'cycle': 3, 'max_species_cycle_change': 9.298821102010635e-09, 'state_change': 1.305622276959184e-12, 'elemental_residuals': {'C': 2.7025378796899247e-06, 'H': 2.702537698808836e-06, 'O': 2.702527931275749e-06}, 'mass_residual': 2.702532562711142e-06, 'max_pressure_relative_error': 2.4059525015607264e-05, 'max_temperature_error_K': 2.7614896680461243e-07}
