/home/runner/work/Electrification-Suite/Electrification-Suite/tools/openmkm_dynamic/run_rph_fixed_pulse.py:25: UserWarning: NasaPoly2::validate: 
For species OHV, discontinuity in h/RT detected at Tmid = 1000
	Value computed using low-temperature polynomial:  53.62056162666667
	Value computed using high-temperature polynomial: 53.5841554314

  gas=ct.Solution("gri30.yaml" if inert else str(base.MECH))
/home/runner/work/Electrification-Suite/Electrification-Suite/tools/openmkm_dynamic/run_rph_fixed_pulse.py:25: UserWarning: NasaPoly2::validate: 
For species CHV, discontinuity in h/RT detected at Tmid = 1000
	Value computed using low-temperature polynomial:  107.5046684
	Value computed using high-temperature polynomial: 107.34847808033332

  gas=ct.Solution("gri30.yaml" if inert else str(base.MECH))
/home/runner/work/Electrification-Suite/Electrification-Suite/tools/openmkm_dynamic/run_rph_fixed_pulse.py:34: UserWarning: NasaPoly2::validate: 
For species OHV, discontinuity in h/RT detected at Tmid = 1000
	Value computed using low-temperature polynomial:  53.62056162666667
	Value computed using high-temperature polynomial: 53.5841554314

  inlet=ct.Reservoir(gas,clone=True);exhaust=ct.Reservoir(gas,clone=True)
/home/runner/work/Electrification-Suite/Electrification-Suite/tools/openmkm_dynamic/run_rph_fixed_pulse.py:34: UserWarning: NasaPoly2::validate: 
For species CHV, discontinuity in h/RT detected at Tmid = 1000
	Value computed using low-temperature polynomial:  107.5046684
	Value computed using high-temperature polynomial: 107.34847808033332

  inlet=ct.Reservoir(gas,clone=True);exhaust=ct.Reservoir(gas,clone=True)
/home/runner/work/Electrification-Suite/Electrification-Suite/tools/openmkm_dynamic/run_rph_fixed_pulse.py:35: UserWarning: NasaPoly2::validate: 
For species OHV, discontinuity in h/RT detected at Tmid = 1000
	Value computed using low-temperature polynomial:  53.62056162666667
	Value computed using high-temperature polynomial: 53.5841554314

  r=PrescribedTemperatureReactor(gas,energy="off",volume=vol,clone=True)
/home/runner/work/Electrification-Suite/Electrification-Suite/tools/openmkm_dynamic/run_rph_fixed_pulse.py:35: UserWarning: NasaPoly2::validate: 
For species CHV, discontinuity in h/RT detected at Tmid = 1000
	Value computed using low-temperature polynomial:  107.5046684
	Value computed using high-temperature polynomial: 107.34847808033332

  r=PrescribedTemperatureReactor(gas,energy="off",volume=vol,clone=True)
T1400-h0.65-Q25-n400 1 {'cycle': 1, 'max_species_cycle_change': None, 'state_change': None, 'elemental_residuals': {'C': -1.9812755646035835e-05, 'H': -1.9812965958235108e-05, 'O': -1.981270610689104e-05}, 'mass_residual': -1.9812743370539898e-05, 'max_pressure_relative_error': 2.4059525153941053e-05, 'max_temperature_error_K': 4.031054913866683e-06}
T1400-h0.65-Q25-n400 2 {'cycle': 2, 'max_species_cycle_change': 2.1571639863271486e-08, 'state_change': 8.076206370333239e-12, 'elemental_residuals': {'C': -1.976989443715756e-05, 'H': -1.9769791352629998e-05, 'O': -1.976993651221034e-05}, 'mass_residual': -1.976990993652968e-05, 'max_pressure_relative_error': 2.4057889832951318e-05, 'max_temperature_error_K': 3.976737843913725e-06}
T1400-h0.65-Q25-n400 3 {'cycle': 3, 'max_species_cycle_change': 7.920701650121487e-09, 'state_change': 4.2599257454867256e-13, 'elemental_residuals': {'C': -1.9785660802665348e-05, 'H': -1.978556287260062e-05, 'O': -1.9785536392629415e-05}, 'mass_residual': -1.978558793772139e-05, 'max_pressure_relative_error': 2.4059520372654575e-05, 'max_temperature_error_K': 3.97701899146341e-06}
