/home/runner/work/Electrification-Suite/Electrification-Suite/tools/openmkm_dynamic/run_rph_fixed_pulse.py:25: UserWarning: NasaPoly2::validate: 
For species OHV, discontinuity in h/RT detected at Tmid = 1000
	Value computed using low-temperature polynomial:  53.62056162666667
	Value computed using high-temperature polynomial: 53.5841554314

  gas=ct.Solution("gri30.yaml" if inert else str(base.MECH))
/home/runner/work/Electrification-Suite/Electrification-Suite/tools/openmkm_dynamic/run_rph_fixed_pulse.py:25: UserWarning: NasaPoly2::validate: 
For species CHV, discontinuity in h/RT detected at Tmid = 1000
	Value computed using low-temperature polynomial:  107.5046684
	Value computed using high-temperature polynomial: 107.34847808033332

  gas=ct.Solution("gri30.yaml" if inert else str(base.MECH))
/home/runner/work/Electrification-Suite/Electrification-Suite/tools/openmkm_dynamic/run_rph_fixed_pulse.py:34: UserWarning: NasaPoly2::validate: 
For species OHV, discontinuity in h/RT detected at Tmid = 1000
	Value computed using low-temperature polynomial:  53.62056162666667
	Value computed using high-temperature polynomial: 53.5841554314

  inlet=ct.Reservoir(gas,clone=True);exhaust=ct.Reservoir(gas,clone=True)
/home/runner/work/Electrification-Suite/Electrification-Suite/tools/openmkm_dynamic/run_rph_fixed_pulse.py:34: UserWarning: NasaPoly2::validate: 
For species CHV, discontinuity in h/RT detected at Tmid = 1000
	Value computed using low-temperature polynomial:  107.5046684
	Value computed using high-temperature polynomial: 107.34847808033332

  inlet=ct.Reservoir(gas,clone=True);exhaust=ct.Reservoir(gas,clone=True)
/home/runner/work/Electrification-Suite/Electrification-Suite/tools/openmkm_dynamic/run_rph_fixed_pulse.py:35: UserWarning: NasaPoly2::validate: 
For species OHV, discontinuity in h/RT detected at Tmid = 1000
	Value computed using low-temperature polynomial:  53.62056162666667
	Value computed using high-temperature polynomial: 53.5841554314

  r=PrescribedTemperatureReactor(gas,energy="off",volume=vol,clone=True)
/home/runner/work/Electrification-Suite/Electrification-Suite/tools/openmkm_dynamic/run_rph_fixed_pulse.py:35: UserWarning: NasaPoly2::validate: 
For species CHV, discontinuity in h/RT detected at Tmid = 1000
	Value computed using low-temperature polynomial:  107.5046684
	Value computed using high-temperature polynomial: 107.34847808033332

  r=PrescribedTemperatureReactor(gas,energy="off",volume=vol,clone=True)
T1400-h0.3-Q200-n400 1 {'cycle': 1, 'max_species_cycle_change': None, 'state_change': None, 'elemental_residuals': {'C': 7.3453471168081355e-06, 'H': 7.345437229989303e-06, 'O': 7.3452560395091685e-06}, 'mass_residual': 7.34530463656139e-06, 'max_pressure_relative_error': 2.4059525153496963e-05, 'max_temperature_error_K': 6.903627991050598e-06}
T1400-h0.3-Q200-n400 2 {'cycle': 2, 'max_species_cycle_change': 4.4502196372420144e-10, 'state_change': 5.218048215738236e-14, 'elemental_residuals': {'C': 7.344546128483165e-06, 'H': 7.344546889760846e-06, 'O': 7.344546382448214e-06}, 'mass_residual': 7.344546320373127e-06, 'max_pressure_relative_error': 2.4059524467379134e-05, 'max_temperature_error_K': 6.889533779030899e-06}
T1400-h0.3-Q200-n400 3 {'cycle': 3, 'max_species_cycle_change': 1.0423900631550964e-10, 'state_change': 4.802824804528427e-13, 'elemental_residuals': {'C': 7.34475472329396e-06, 'H': 7.344754215410083e-06, 'O': 7.344751843062559e-06}, 'mass_residual': 7.344753153825707e-06, 'max_pressure_relative_error': 2.4059524667885412e-05, 'max_temperature_error_K': 6.8894537434971426e-06}
