/home/runner/work/Electrification-Suite/Electrification-Suite/tools/openmkm_dynamic/run_rph_fixed_pulse.py:25: UserWarning: NasaPoly2::validate: 
For species OHV, discontinuity in h/RT detected at Tmid = 1000
	Value computed using low-temperature polynomial:  53.62056162666667
	Value computed using high-temperature polynomial: 53.5841554314

  gas=ct.Solution("gri30.yaml" if inert else str(base.MECH))
/home/runner/work/Electrification-Suite/Electrification-Suite/tools/openmkm_dynamic/run_rph_fixed_pulse.py:25: UserWarning: NasaPoly2::validate: 
For species CHV, discontinuity in h/RT detected at Tmid = 1000
	Value computed using low-temperature polynomial:  107.5046684
	Value computed using high-temperature polynomial: 107.34847808033332

  gas=ct.Solution("gri30.yaml" if inert else str(base.MECH))
/home/runner/work/Electrification-Suite/Electrification-Suite/tools/openmkm_dynamic/run_rph_fixed_pulse.py:34: UserWarning: NasaPoly2::validate: 
For species OHV, discontinuity in h/RT detected at Tmid = 1000
	Value computed using low-temperature polynomial:  53.62056162666667
	Value computed using high-temperature polynomial: 53.5841554314

  inlet=ct.Reservoir(gas,clone=True);exhaust=ct.Reservoir(gas,clone=True)
/home/runner/work/Electrification-Suite/Electrification-Suite/tools/openmkm_dynamic/run_rph_fixed_pulse.py:34: UserWarning: NasaPoly2::validate: 
For species CHV, discontinuity in h/RT detected at Tmid = 1000
	Value computed using low-temperature polynomial:  107.5046684
	Value computed using high-temperature polynomial: 107.34847808033332

  inlet=ct.Reservoir(gas,clone=True);exhaust=ct.Reservoir(gas,clone=True)
/home/runner/work/Electrification-Suite/Electrification-Suite/tools/openmkm_dynamic/run_rph_fixed_pulse.py:35: UserWarning: NasaPoly2::validate: 
For species OHV, discontinuity in h/RT detected at Tmid = 1000
	Value computed using low-temperature polynomial:  53.62056162666667
	Value computed using high-temperature polynomial: 53.5841554314

  r=PrescribedTemperatureReactor(gas,energy="off",volume=vol,clone=True)
/home/runner/work/Electrification-Suite/Electrification-Suite/tools/openmkm_dynamic/run_rph_fixed_pulse.py:35: UserWarning: NasaPoly2::validate: 
For species CHV, discontinuity in h/RT detected at Tmid = 1000
	Value computed using low-temperature polynomial:  107.5046684
	Value computed using high-temperature polynomial: 107.34847808033332

  r=PrescribedTemperatureReactor(gas,energy="off",volume=vol,clone=True)
T1400-h0.65-Q100-n800 1 {'cycle': 1, 'max_species_cycle_change': None, 'state_change': None, 'elemental_residuals': {'C': -3.2100816200077256e-06, 'H': -3.209703775773543e-06, 'O': -3.21045284049055e-06}, 'mass_residual': -3.2102540704712993e-06, 'max_pressure_relative_error': 2.4138506046655905e-05, 'max_temperature_error_K': 8.903730304155033e-07}
T1400-h0.65-Q100-n800 2 {'cycle': 2, 'max_species_cycle_change': 2.3785625413719202e-08, 'state_change': 1.6719958750854857e-13, 'elemental_residuals': {'C': -3.1628821519872317e-06, 'H': -3.16288532981925e-06, 'O': -3.162882361536765e-06}, 'mass_residual': -3.1628825267523556e-06, 'max_pressure_relative_error': 2.4138505979598435e-05, 'max_temperature_error_K': 8.903937214199686e-07}
T1400-h0.65-Q100-n800 3 {'cycle': 3, 'max_species_cycle_change': 5.098734268127458e-09, 'state_change': 9.333644968023691e-13, 'elemental_residuals': {'C': -3.1730772001477357e-06, 'H': -3.1730884432341223e-06, 'O': -3.1730876584178613e-06}, 'mass_residual': -3.1730835223328517e-06, 'max_pressure_relative_error': 2.4138505987369996e-05, 'max_temperature_error_K': 8.909646567190066e-07}
