/home/runner/work/Electrification-Suite/Electrification-Suite/tools/openmkm_dynamic/run_rph_fixed_pulse.py:25: UserWarning: NasaPoly2::validate: 
For species OHV, discontinuity in h/RT detected at Tmid = 1000
	Value computed using low-temperature polynomial:  53.62056162666667
	Value computed using high-temperature polynomial: 53.5841554314

  gas=ct.Solution("gri30.yaml" if inert else str(base.MECH))
/home/runner/work/Electrification-Suite/Electrification-Suite/tools/openmkm_dynamic/run_rph_fixed_pulse.py:25: UserWarning: NasaPoly2::validate: 
For species CHV, discontinuity in h/RT detected at Tmid = 1000
	Value computed using low-temperature polynomial:  107.5046684
	Value computed using high-temperature polynomial: 107.34847808033332

  gas=ct.Solution("gri30.yaml" if inert else str(base.MECH))
/home/runner/work/Electrification-Suite/Electrification-Suite/tools/openmkm_dynamic/run_rph_fixed_pulse.py:34: UserWarning: NasaPoly2::validate: 
For species OHV, discontinuity in h/RT detected at Tmid = 1000
	Value computed using low-temperature polynomial:  53.62056162666667
	Value computed using high-temperature polynomial: 53.5841554314

  inlet=ct.Reservoir(gas,clone=True);exhaust=ct.Reservoir(gas,clone=True)
/home/runner/work/Electrification-Suite/Electrification-Suite/tools/openmkm_dynamic/run_rph_fixed_pulse.py:34: UserWarning: NasaPoly2::validate: 
For species CHV, discontinuity in h/RT detected at Tmid = 1000
	Value computed using low-temperature polynomial:  107.5046684
	Value computed using high-temperature polynomial: 107.34847808033332

  inlet=ct.Reservoir(gas,clone=True);exhaust=ct.Reservoir(gas,clone=True)
/home/runner/work/Electrification-Suite/Electrification-Suite/tools/openmkm_dynamic/run_rph_fixed_pulse.py:35: UserWarning: NasaPoly2::validate: 
For species OHV, discontinuity in h/RT detected at Tmid = 1000
	Value computed using low-temperature polynomial:  53.62056162666667
	Value computed using high-temperature polynomial: 53.5841554314

  r=PrescribedTemperatureReactor(gas,energy="off",volume=vol,clone=True)
/home/runner/work/Electrification-Suite/Electrification-Suite/tools/openmkm_dynamic/run_rph_fixed_pulse.py:35: UserWarning: NasaPoly2::validate: 
For species CHV, discontinuity in h/RT detected at Tmid = 1000
	Value computed using low-temperature polynomial:  107.5046684
	Value computed using high-temperature polynomial: 107.34847808033332

  r=PrescribedTemperatureReactor(gas,energy="off",volume=vol,clone=True)
T1400-h0.65-Q200-n400 1 {'cycle': 1, 'max_species_cycle_change': None, 'state_change': None, 'elemental_residuals': {'C': -3.3037740401536923e-06, 'H': -3.3036923126978072e-06, 'O': -3.303851726822893e-06}, 'mass_residual': -3.303809947450193e-06, 'max_pressure_relative_error': 2.4059525153496963e-05, 'max_temperature_error_K': 6.903627991050598e-06}
T1400-h0.65-Q200-n400 2 {'cycle': 2, 'max_species_cycle_change': 2.8210929148286823e-09, 'state_change': 1.4832579608992091e-13, 'elemental_residuals': {'C': -3.298223226827944e-06, 'H': -3.298216590807127e-06, 'O': -3.2982190601594935e-06}, 'mass_residual': -3.298220567209143e-06, 'max_pressure_relative_error': 2.4059524684760802e-05, 'max_temperature_error_K': 6.8895142248948105e-06}
T1400-h0.65-Q200-n400 3 {'cycle': 3, 'max_species_cycle_change': 1.2776457614105396e-08, 'state_change': 6.690203946391193e-13, 'elemental_residuals': {'C': -3.323761609770419e-06, 'H': -3.3237565137960873e-06, 'O': -3.323772290909841e-06}, 'mass_residual': -3.3237669434425704e-06, 'max_pressure_relative_error': 2.4059524695640988e-05, 'max_temperature_error_K': 6.88951922711567e-06}
