/home/runner/work/Electrification-Suite/Electrification-Suite/tools/openmkm_dynamic/run_rph_fixed_pulse.py:25: UserWarning: NasaPoly2::validate: 
For species OHV, discontinuity in h/RT detected at Tmid = 1000
	Value computed using low-temperature polynomial:  53.62056162666667
	Value computed using high-temperature polynomial: 53.5841554314

  gas=ct.Solution("gri30.yaml" if inert else str(base.MECH))
/home/runner/work/Electrification-Suite/Electrification-Suite/tools/openmkm_dynamic/run_rph_fixed_pulse.py:25: UserWarning: NasaPoly2::validate: 
For species CHV, discontinuity in h/RT detected at Tmid = 1000
	Value computed using low-temperature polynomial:  107.5046684
	Value computed using high-temperature polynomial: 107.34847808033332

  gas=ct.Solution("gri30.yaml" if inert else str(base.MECH))
/home/runner/work/Electrification-Suite/Electrification-Suite/tools/openmkm_dynamic/run_rph_fixed_pulse.py:34: UserWarning: NasaPoly2::validate: 
For species OHV, discontinuity in h/RT detected at Tmid = 1000
	Value computed using low-temperature polynomial:  53.62056162666667
	Value computed using high-temperature polynomial: 53.5841554314

  inlet=ct.Reservoir(gas,clone=True);exhaust=ct.Reservoir(gas,clone=True)
/home/runner/work/Electrification-Suite/Electrification-Suite/tools/openmkm_dynamic/run_rph_fixed_pulse.py:34: UserWarning: NasaPoly2::validate: 
For species CHV, discontinuity in h/RT detected at Tmid = 1000
	Value computed using low-temperature polynomial:  107.5046684
	Value computed using high-temperature polynomial: 107.34847808033332

  inlet=ct.Reservoir(gas,clone=True);exhaust=ct.Reservoir(gas,clone=True)
/home/runner/work/Electrification-Suite/Electrification-Suite/tools/openmkm_dynamic/run_rph_fixed_pulse.py:35: UserWarning: NasaPoly2::validate: 
For species OHV, discontinuity in h/RT detected at Tmid = 1000
	Value computed using low-temperature polynomial:  53.62056162666667
	Value computed using high-temperature polynomial: 53.5841554314

  r=PrescribedTemperatureReactor(gas,energy="off",volume=vol,clone=True)
/home/runner/work/Electrification-Suite/Electrification-Suite/tools/openmkm_dynamic/run_rph_fixed_pulse.py:35: UserWarning: NasaPoly2::validate: 
For species CHV, discontinuity in h/RT detected at Tmid = 1000
	Value computed using low-temperature polynomial:  107.5046684
	Value computed using high-temperature polynomial: 107.34847808033332

  r=PrescribedTemperatureReactor(gas,energy="off",volume=vol,clone=True)
T1400-h0.65-Q25-n800 1 {'cycle': 1, 'max_species_cycle_change': None, 'state_change': None, 'elemental_residuals': {'C': -1.1215339640190745e-05, 'H': -1.1215303104639383e-05, 'O': -1.121540595762908e-05}, 'mass_residual': -1.1215372521702169e-05, 'max_pressure_relative_error': 2.4138506058202225e-05, 'max_temperature_error_K': 3.667894361569779e-06}
T1400-h0.65-Q25-n800 2 {'cycle': 2, 'max_species_cycle_change': 1.1132074761999178e-08, 'state_change': 1.4299672557172016e-13, 'elemental_residuals': {'C': -1.1193176055864865e-05, 'H': -1.119310185263241e-05, 'O': -1.1193106903868749e-05}, 'mass_residual': -1.119313422513384e-05, 'max_pressure_relative_error': 2.413850641191928e-05, 'max_temperature_error_K': 3.6516655654850183e-06}
T1400-h0.65-Q25-n800 3 {'cycle': 3, 'max_species_cycle_change': 3.507215484699344e-08, 'state_change': 4.843347944927245e-13, 'elemental_residuals': {'C': -1.1123050318346092e-05, 'H': -1.1123015321916111e-05, 'O': -1.1122997792070182e-05}, 'mass_residual': -1.1123019977463946e-05, 'max_pressure_relative_error': 2.413828525815731e-05, 'max_temperature_error_K': 3.651457063824637e-06}
