/home/runner/work/Electrification-Suite/Electrification-Suite/tools/openmkm_dynamic/run_rph_fixed_pulse.py:25: UserWarning: NasaPoly2::validate: 
For species OHV, discontinuity in h/RT detected at Tmid = 1000
	Value computed using low-temperature polynomial:  53.62056162666667
	Value computed using high-temperature polynomial: 53.5841554314

  gas=ct.Solution("gri30.yaml" if inert else str(base.MECH))
/home/runner/work/Electrification-Suite/Electrification-Suite/tools/openmkm_dynamic/run_rph_fixed_pulse.py:25: UserWarning: NasaPoly2::validate: 
For species CHV, discontinuity in h/RT detected at Tmid = 1000
	Value computed using low-temperature polynomial:  107.5046684
	Value computed using high-temperature polynomial: 107.34847808033332

  gas=ct.Solution("gri30.yaml" if inert else str(base.MECH))
/home/runner/work/Electrification-Suite/Electrification-Suite/tools/openmkm_dynamic/run_rph_fixed_pulse.py:34: UserWarning: NasaPoly2::validate: 
For species OHV, discontinuity in h/RT detected at Tmid = 1000
	Value computed using low-temperature polynomial:  53.62056162666667
	Value computed using high-temperature polynomial: 53.5841554314

  inlet=ct.Reservoir(gas,clone=True);exhaust=ct.Reservoir(gas,clone=True)
/home/runner/work/Electrification-Suite/Electrification-Suite/tools/openmkm_dynamic/run_rph_fixed_pulse.py:34: UserWarning: NasaPoly2::validate: 
For species CHV, discontinuity in h/RT detected at Tmid = 1000
	Value computed using low-temperature polynomial:  107.5046684
	Value computed using high-temperature polynomial: 107.34847808033332

  inlet=ct.Reservoir(gas,clone=True);exhaust=ct.Reservoir(gas,clone=True)
/home/runner/work/Electrification-Suite/Electrification-Suite/tools/openmkm_dynamic/run_rph_fixed_pulse.py:35: UserWarning: NasaPoly2::validate: 
For species OHV, discontinuity in h/RT detected at Tmid = 1000
	Value computed using low-temperature polynomial:  53.62056162666667
	Value computed using high-temperature polynomial: 53.5841554314

  r=PrescribedTemperatureReactor(gas,energy="off",volume=vol,clone=True)
/home/runner/work/Electrification-Suite/Electrification-Suite/tools/openmkm_dynamic/run_rph_fixed_pulse.py:35: UserWarning: NasaPoly2::validate: 
For species CHV, discontinuity in h/RT detected at Tmid = 1000
	Value computed using low-temperature polynomial:  107.5046684
	Value computed using high-temperature polynomial: 107.34847808033332

  r=PrescribedTemperatureReactor(gas,energy="off",volume=vol,clone=True)
T1400-h0.65-Q200-n800 1 {'cycle': 1, 'max_species_cycle_change': None, 'state_change': None, 'elemental_residuals': {'C': -1.6558827619434468e-06, 'H': -1.6560897772773986e-06, 'O': -1.6556818235381545e-06}, 'mass_residual': -1.6557896270108728e-06, 'max_pressure_relative_error': 2.4138506053983377e-05, 'max_temperature_error_K': 2.25293479161337e-06}
T1400-h0.65-Q200-n800 2 {'cycle': 2, 'max_species_cycle_change': 4.940519104934538e-10, 'state_change': 1.907363156306019e-13, 'elemental_residuals': {'C': -1.6566669209125556e-06, 'H': -1.6566643125234012e-06, 'O': -1.6566661289428232e-06}, 'mass_residual': -1.6566663037772465e-06, 'max_pressure_relative_error': 2.4138506309778762e-05, 'max_temperature_error_K': 2.1702414869650966e-06}
T1400-h0.65-Q200-n800 3 {'cycle': 3, 'max_species_cycle_change': 4.5982672669531155e-09, 'state_change': 6.272760089132134e-13, 'elemental_residuals': {'C': -1.6475540344173025e-06, 'H': -1.647522274352269e-06, 'O': -1.6475510520373986e-06}, 'mass_residual': -1.6475502938754339e-06, 'max_pressure_relative_error': 2.413850614524371e-05, 'max_temperature_error_K': 2.1706845245716977e-06}
