/home/runner/work/Electrification-Suite/Electrification-Suite/tools/openmkm_dynamic/run_rph_fixed_pulse.py:25: UserWarning: NasaPoly2::validate: 
For species OHV, discontinuity in h/RT detected at Tmid = 1000
	Value computed using low-temperature polynomial:  53.62056162666667
	Value computed using high-temperature polynomial: 53.5841554314

  gas=ct.Solution("gri30.yaml" if inert else str(base.MECH))
/home/runner/work/Electrification-Suite/Electrification-Suite/tools/openmkm_dynamic/run_rph_fixed_pulse.py:25: UserWarning: NasaPoly2::validate: 
For species CHV, discontinuity in h/RT detected at Tmid = 1000
	Value computed using low-temperature polynomial:  107.5046684
	Value computed using high-temperature polynomial: 107.34847808033332

  gas=ct.Solution("gri30.yaml" if inert else str(base.MECH))
/home/runner/work/Electrification-Suite/Electrification-Suite/tools/openmkm_dynamic/run_rph_fixed_pulse.py:34: UserWarning: NasaPoly2::validate: 
For species OHV, discontinuity in h/RT detected at Tmid = 1000
	Value computed using low-temperature polynomial:  53.62056162666667
	Value computed using high-temperature polynomial: 53.5841554314

  inlet=ct.Reservoir(gas,clone=True);exhaust=ct.Reservoir(gas,clone=True)
/home/runner/work/Electrification-Suite/Electrification-Suite/tools/openmkm_dynamic/run_rph_fixed_pulse.py:34: UserWarning: NasaPoly2::validate: 
For species CHV, discontinuity in h/RT detected at Tmid = 1000
	Value computed using low-temperature polynomial:  107.5046684
	Value computed using high-temperature polynomial: 107.34847808033332

  inlet=ct.Reservoir(gas,clone=True);exhaust=ct.Reservoir(gas,clone=True)
/home/runner/work/Electrification-Suite/Electrification-Suite/tools/openmkm_dynamic/run_rph_fixed_pulse.py:35: UserWarning: NasaPoly2::validate: 
For species OHV, discontinuity in h/RT detected at Tmid = 1000
	Value computed using low-temperature polynomial:  53.62056162666667
	Value computed using high-temperature polynomial: 53.5841554314

  r=PrescribedTemperatureReactor(gas,energy="off",volume=vol,clone=True)
/home/runner/work/Electrification-Suite/Electrification-Suite/tools/openmkm_dynamic/run_rph_fixed_pulse.py:35: UserWarning: NasaPoly2::validate: 
For species CHV, discontinuity in h/RT detected at Tmid = 1000
	Value computed using low-temperature polynomial:  107.5046684
	Value computed using high-temperature polynomial: 107.34847808033332

  r=PrescribedTemperatureReactor(gas,energy="off",volume=vol,clone=True)
T1400-h0.1-Q100-n800 1 {'cycle': 1, 'max_species_cycle_change': None, 'state_change': None, 'elemental_residuals': {'C': 1.3280910780438937e-05, 'H': 1.3281270308536326e-05, 'O': 1.3280551262772589e-05}, 'mass_residual': 1.3280743350249485e-05, 'max_pressure_relative_error': 2.4138506046655905e-05, 'max_temperature_error_K': 8.903939487936441e-07}
T1400-h0.1-Q100-n800 2 {'cycle': 2, 'max_species_cycle_change': 2.4075237137211047e-08, 'state_change': 5.964118088286341e-13, 'elemental_residuals': {'C': 1.3328699111405899e-05, 'H': 1.3328699190802729e-05, 'O': 1.332869932738403e-05}, 'mass_residual': 1.3328699233188042e-05, 'max_pressure_relative_error': 2.413850615923252e-05, 'max_temperature_error_K': 8.904899004846811e-07}
T1400-h0.1-Q100-n800 3 {'cycle': 3, 'max_species_cycle_change': 3.054660302481693e-09, 'state_change': 2.831068712794149e-13, 'elemental_residuals': {'C': 1.3334807059648415e-05, 'H': 1.3334806731718237e-05, 'O': 1.333480695362271e-05}, 'mass_residual': 1.3334806986566238e-05, 'max_pressure_relative_error': 2.4138506054871556e-05, 'max_temperature_error_K': 8.899902468328946e-07}
