/home/runner/work/Electrification-Suite/Electrification-Suite/tools/openmkm_dynamic/run_rph_fixed_pulse.py:25: UserWarning: NasaPoly2::validate: 
For species OHV, discontinuity in h/RT detected at Tmid = 1000
	Value computed using low-temperature polynomial:  53.62056162666667
	Value computed using high-temperature polynomial: 53.5841554314

  gas=ct.Solution("gri30.yaml" if inert else str(base.MECH))
/home/runner/work/Electrification-Suite/Electrification-Suite/tools/openmkm_dynamic/run_rph_fixed_pulse.py:25: UserWarning: NasaPoly2::validate: 
For species CHV, discontinuity in h/RT detected at Tmid = 1000
	Value computed using low-temperature polynomial:  107.5046684
	Value computed using high-temperature polynomial: 107.34847808033332

  gas=ct.Solution("gri30.yaml" if inert else str(base.MECH))
/home/runner/work/Electrification-Suite/Electrification-Suite/tools/openmkm_dynamic/run_rph_fixed_pulse.py:34: UserWarning: NasaPoly2::validate: 
For species OHV, discontinuity in h/RT detected at Tmid = 1000
	Value computed using low-temperature polynomial:  53.62056162666667
	Value computed using high-temperature polynomial: 53.5841554314

  inlet=ct.Reservoir(gas,clone=True);exhaust=ct.Reservoir(gas,clone=True)
/home/runner/work/Electrification-Suite/Electrification-Suite/tools/openmkm_dynamic/run_rph_fixed_pulse.py:34: UserWarning: NasaPoly2::validate: 
For species CHV, discontinuity in h/RT detected at Tmid = 1000
	Value computed using low-temperature polynomial:  107.5046684
	Value computed using high-temperature polynomial: 107.34847808033332

  inlet=ct.Reservoir(gas,clone=True);exhaust=ct.Reservoir(gas,clone=True)
/home/runner/work/Electrification-Suite/Electrification-Suite/tools/openmkm_dynamic/run_rph_fixed_pulse.py:35: UserWarning: NasaPoly2::validate: 
For species OHV, discontinuity in h/RT detected at Tmid = 1000
	Value computed using low-temperature polynomial:  53.62056162666667
	Value computed using high-temperature polynomial: 53.5841554314

  r=PrescribedTemperatureReactor(gas,energy="off",volume=vol,clone=True)
/home/runner/work/Electrification-Suite/Electrification-Suite/tools/openmkm_dynamic/run_rph_fixed_pulse.py:35: UserWarning: NasaPoly2::validate: 
For species CHV, discontinuity in h/RT detected at Tmid = 1000
	Value computed using low-temperature polynomial:  107.5046684
	Value computed using high-temperature polynomial: 107.34847808033332

  r=PrescribedTemperatureReactor(gas,energy="off",volume=vol,clone=True)
T1400-h0.1-Q200-n400 1 {'cycle': 1, 'max_species_cycle_change': None, 'state_change': None, 'elemental_residuals': {'C': 1.337294558599057e-05, 'H': 1.3373035262823652e-05, 'O': 1.3372855890737468e-05}, 'mass_residual': 1.3372903813882614e-05, 'max_pressure_relative_error': 2.4059525153496963e-05, 'max_temperature_error_K': 6.903627991050598e-06}
T1400-h0.1-Q200-n400 2 {'cycle': 2, 'max_species_cycle_change': 1.102341162795284e-09, 'state_change': 1.6786572132332367e-13, 'elemental_residuals': {'C': 1.3370822432652694e-05, 'H': 1.3370822757720846e-05, 'O': 1.3370823200521232e-05}, 'mass_residual': 1.3370822864427825e-05, 'max_pressure_relative_error': 2.4059524693198497e-05, 'max_temperature_error_K': 6.88969589646149e-06}
T1400-h0.1-Q200-n400 3 {'cycle': 3, 'max_species_cycle_change': 2.0220037866280904e-09, 'state_change': 6.572520305780927e-13, 'elemental_residuals': {'C': 1.3366779241489464e-05, 'H': 1.3366779452206458e-05, 'O': 1.3366779090716927e-05}, 'mass_residual': 1.3366779177480512e-05, 'max_pressure_relative_error': 2.405952474204831e-05, 'max_temperature_error_K': 6.889896667416906e-06}
