/home/runner/work/Electrification-Suite/Electrification-Suite/tools/openmkm_dynamic/run_rph_fixed_pulse.py:25: UserWarning: NasaPoly2::validate: 
For species OHV, discontinuity in h/RT detected at Tmid = 1000
	Value computed using low-temperature polynomial:  53.62056162666667
	Value computed using high-temperature polynomial: 53.5841554314

  gas=ct.Solution("gri30.yaml" if inert else str(base.MECH))
/home/runner/work/Electrification-Suite/Electrification-Suite/tools/openmkm_dynamic/run_rph_fixed_pulse.py:25: UserWarning: NasaPoly2::validate: 
For species CHV, discontinuity in h/RT detected at Tmid = 1000
	Value computed using low-temperature polynomial:  107.5046684
	Value computed using high-temperature polynomial: 107.34847808033332

  gas=ct.Solution("gri30.yaml" if inert else str(base.MECH))
/home/runner/work/Electrification-Suite/Electrification-Suite/tools/openmkm_dynamic/run_rph_fixed_pulse.py:34: UserWarning: NasaPoly2::validate: 
For species OHV, discontinuity in h/RT detected at Tmid = 1000
	Value computed using low-temperature polynomial:  53.62056162666667
	Value computed using high-temperature polynomial: 53.5841554314

  inlet=ct.Reservoir(gas,clone=True);exhaust=ct.Reservoir(gas,clone=True)
/home/runner/work/Electrification-Suite/Electrification-Suite/tools/openmkm_dynamic/run_rph_fixed_pulse.py:34: UserWarning: NasaPoly2::validate: 
For species CHV, discontinuity in h/RT detected at Tmid = 1000
	Value computed using low-temperature polynomial:  107.5046684
	Value computed using high-temperature polynomial: 107.34847808033332

  inlet=ct.Reservoir(gas,clone=True);exhaust=ct.Reservoir(gas,clone=True)
/home/runner/work/Electrification-Suite/Electrification-Suite/tools/openmkm_dynamic/run_rph_fixed_pulse.py:35: UserWarning: NasaPoly2::validate: 
For species OHV, discontinuity in h/RT detected at Tmid = 1000
	Value computed using low-temperature polynomial:  53.62056162666667
	Value computed using high-temperature polynomial: 53.5841554314

  r=PrescribedTemperatureReactor(gas,energy="off",volume=vol,clone=True)
/home/runner/work/Electrification-Suite/Electrification-Suite/tools/openmkm_dynamic/run_rph_fixed_pulse.py:35: UserWarning: NasaPoly2::validate: 
For species CHV, discontinuity in h/RT detected at Tmid = 1000
	Value computed using low-temperature polynomial:  107.5046684
	Value computed using high-temperature polynomial: 107.34847808033332

  r=PrescribedTemperatureReactor(gas,energy="off",volume=vol,clone=True)
T1400-h0.3-Q200-n800 1 {'cycle': 1, 'max_species_cycle_change': None, 'state_change': None, 'elemental_residuals': {'C': 3.6084239155889455e-06, 'H': 3.6082201147203066e-06, 'O': 3.6086276257480307e-06}, 'mass_residual': 3.6085187706864067e-06, 'max_pressure_relative_error': 2.4138506053983377e-05, 'max_temperature_error_K': 2.25293479161337e-06}
T1400-h0.3-Q200-n800 2 {'cycle': 2, 'max_species_cycle_change': 1.8889446951053657e-08, 'state_change': 3.2174263253637037e-13, 'elemental_residuals': {'C': 3.645976599644216e-06, 'H': 3.6459775361337996e-06, 'O': 3.6459686993570472e-06}, 'mass_residual': 3.64597246152644e-06, 'max_pressure_relative_error': 2.4138506324877795e-05, 'max_temperature_error_K': 2.170343464058533e-06}
T1400-h0.3-Q200-n800 3 {'cycle': 3, 'max_species_cycle_change': 1.4409111070978753e-08, 'state_change': 2.4225066397320916e-13, 'elemental_residuals': {'C': 3.674787873624619e-06, 'H': 3.6747851824784116e-06, 'O': 3.674787314410537e-06}, 'mass_residual': 3.674787396060271e-06, 'max_pressure_relative_error': 2.4138672367390868e-05, 'max_temperature_error_K': 2.1706625830120174e-06}
