/home/runner/work/Electrification-Suite/Electrification-Suite/tools/openmkm_dynamic/run_rph_fixed_pulse.py:25: UserWarning: NasaPoly2::validate: 
For species OHV, discontinuity in h/RT detected at Tmid = 1000
	Value computed using low-temperature polynomial:  53.62056162666667
	Value computed using high-temperature polynomial: 53.5841554314

  gas=ct.Solution("gri30.yaml" if inert else str(base.MECH))
/home/runner/work/Electrification-Suite/Electrification-Suite/tools/openmkm_dynamic/run_rph_fixed_pulse.py:25: UserWarning: NasaPoly2::validate: 
For species CHV, discontinuity in h/RT detected at Tmid = 1000
	Value computed using low-temperature polynomial:  107.5046684
	Value computed using high-temperature polynomial: 107.34847808033332

  gas=ct.Solution("gri30.yaml" if inert else str(base.MECH))
/home/runner/work/Electrification-Suite/Electrification-Suite/tools/openmkm_dynamic/run_rph_fixed_pulse.py:34: UserWarning: NasaPoly2::validate: 
For species OHV, discontinuity in h/RT detected at Tmid = 1000
	Value computed using low-temperature polynomial:  53.62056162666667
	Value computed using high-temperature polynomial: 53.5841554314

  inlet=ct.Reservoir(gas,clone=True);exhaust=ct.Reservoir(gas,clone=True)
/home/runner/work/Electrification-Suite/Electrification-Suite/tools/openmkm_dynamic/run_rph_fixed_pulse.py:34: UserWarning: NasaPoly2::validate: 
For species CHV, discontinuity in h/RT detected at Tmid = 1000
	Value computed using low-temperature polynomial:  107.5046684
	Value computed using high-temperature polynomial: 107.34847808033332

  inlet=ct.Reservoir(gas,clone=True);exhaust=ct.Reservoir(gas,clone=True)
/home/runner/work/Electrification-Suite/Electrification-Suite/tools/openmkm_dynamic/run_rph_fixed_pulse.py:35: UserWarning: NasaPoly2::validate: 
For species OHV, discontinuity in h/RT detected at Tmid = 1000
	Value computed using low-temperature polynomial:  53.62056162666667
	Value computed using high-temperature polynomial: 53.5841554314

  r=PrescribedTemperatureReactor(gas,energy="off",volume=vol,clone=True)
/home/runner/work/Electrification-Suite/Electrification-Suite/tools/openmkm_dynamic/run_rph_fixed_pulse.py:35: UserWarning: NasaPoly2::validate: 
For species CHV, discontinuity in h/RT detected at Tmid = 1000
	Value computed using low-temperature polynomial:  107.5046684
	Value computed using high-temperature polynomial: 107.34847808033332

  r=PrescribedTemperatureReactor(gas,energy="off",volume=vol,clone=True)
T1400-h0.3-Q12.5-n400 1 {'cycle': 1, 'max_species_cycle_change': None, 'state_change': None, 'elemental_residuals': {'C': 0.00012193227214885742, 'H': 0.00012193222800549535, 'O': 0.00012193232044433076}, 'mass_residual': 0.00012193229491704636, 'max_pressure_relative_error': 2.4059525153719008e-05, 'max_temperature_error_K': 1.1813472156063654e-06}
T1400-h0.3-Q12.5-n400 2 {'cycle': 2, 'max_species_cycle_change': 1.2833671725331897e-07, 'state_change': 2.426947531830592e-13, 'elemental_residuals': {'C': 0.0001221889165009846, 'H': 0.00012218891882708456, 'O': 0.00012218892380222392}, 'mass_residual': 0.00012218892054742165, 'max_pressure_relative_error': 2.4058629166434642e-05, 'max_temperature_error_K': 1.1808010640379507e-06}
T1400-h0.3-Q12.5-n400 3 {'cycle': 3, 'max_species_cycle_change': 1.2716588981831478e-07, 'state_change': 3.476108290101365e-13, 'elemental_residuals': {'C': 0.0001219345964654377, 'H': 0.00012193459686922173, 'O': 0.00012193459788358098}, 'mass_residual': 0.00012193459724769438, 'max_pressure_relative_error': 2.4059525234987333e-05, 'max_temperature_error_K': 1.1808922408818034e-06}
T1400-h0.3-Q12.5-n400 4 {'cycle': 4, 'max_species_cycle_change': 7.71097219409711e-08, 'state_change': 9.090506125630782e-13, 'elemental_residuals': {'C': 0.0001220888013656385, 'H': 0.00012208880035727892, 'O': 0.00012208879974674036}, 'mass_residual': 0.0001220888004350208, 'max_pressure_relative_error': 2.4058576312935287e-05, 'max_temperature_error_K': 1.1810584510385524e-06}
T1400-h0.3-Q12.5-n400 5 {'cycle': 5, 'max_species_cycle_change': 9.744936213529343e-08, 'state_change': 1.4883649868124849e-12, 'elemental_residuals': {'C': 0.00012189387770549131, 'H': 0.00012189394042703068, 'O': 0.00012189388569509122}, 'mass_residual': 0.00012189388617505416, 'max_pressure_relative_error': 2.40595251890241e-05, 'max_temperature_error_K': 1.182175537906005e-06}
