/home/runner/work/Electrification-Suite/Electrification-Suite/tools/openmkm_dynamic/run_rph_fixed_pulse.py:25: UserWarning: NasaPoly2::validate: 
For species OHV, discontinuity in h/RT detected at Tmid = 1000
	Value computed using low-temperature polynomial:  53.62056162666667
	Value computed using high-temperature polynomial: 53.5841554314

  gas=ct.Solution("gri30.yaml" if inert else str(base.MECH))
/home/runner/work/Electrification-Suite/Electrification-Suite/tools/openmkm_dynamic/run_rph_fixed_pulse.py:25: UserWarning: NasaPoly2::validate: 
For species CHV, discontinuity in h/RT detected at Tmid = 1000
	Value computed using low-temperature polynomial:  107.5046684
	Value computed using high-temperature polynomial: 107.34847808033332

  gas=ct.Solution("gri30.yaml" if inert else str(base.MECH))
/home/runner/work/Electrification-Suite/Electrification-Suite/tools/openmkm_dynamic/run_rph_fixed_pulse.py:34: UserWarning: NasaPoly2::validate: 
For species OHV, discontinuity in h/RT detected at Tmid = 1000
	Value computed using low-temperature polynomial:  53.62056162666667
	Value computed using high-temperature polynomial: 53.5841554314

  inlet=ct.Reservoir(gas,clone=True);exhaust=ct.Reservoir(gas,clone=True)
/home/runner/work/Electrification-Suite/Electrification-Suite/tools/openmkm_dynamic/run_rph_fixed_pulse.py:34: UserWarning: NasaPoly2::validate: 
For species CHV, discontinuity in h/RT detected at Tmid = 1000
	Value computed using low-temperature polynomial:  107.5046684
	Value computed using high-temperature polynomial: 107.34847808033332

  inlet=ct.Reservoir(gas,clone=True);exhaust=ct.Reservoir(gas,clone=True)
/home/runner/work/Electrification-Suite/Electrification-Suite/tools/openmkm_dynamic/run_rph_fixed_pulse.py:35: UserWarning: NasaPoly2::validate: 
For species OHV, discontinuity in h/RT detected at Tmid = 1000
	Value computed using low-temperature polynomial:  53.62056162666667
	Value computed using high-temperature polynomial: 53.5841554314

  r=PrescribedTemperatureReactor(gas,energy="off",volume=vol,clone=True)
/home/runner/work/Electrification-Suite/Electrification-Suite/tools/openmkm_dynamic/run_rph_fixed_pulse.py:35: UserWarning: NasaPoly2::validate: 
For species CHV, discontinuity in h/RT detected at Tmid = 1000
	Value computed using low-temperature polynomial:  107.5046684
	Value computed using high-temperature polynomial: 107.34847808033332

  r=PrescribedTemperatureReactor(gas,energy="off",volume=vol,clone=True)
T1400-h0.1-Q25-n800 1 {'cycle': 1, 'max_species_cycle_change': None, 'state_change': None, 'elemental_residuals': {'C': 5.344610149306746e-05, 'H': 5.3446131627844735e-05, 'O': 5.3446071665078e-05}, 'mass_residual': 5.34460876220455e-05, 'max_pressure_relative_error': 2.4138506058202225e-05, 'max_temperature_error_K': 3.667894361569779e-06}
T1400-h0.1-Q25-n800 2 {'cycle': 2, 'max_species_cycle_change': 1.2218432099420085e-08, 'state_change': 2.495781359357352e-13, 'elemental_residuals': {'C': 5.347055592660848e-05, 'H': 5.3470555621372094e-05, 'O': 5.347055581480238e-05}, 'mass_residual': 5.3470555867235225e-05, 'max_pressure_relative_error': 2.413872254081184e-05, 'max_temperature_error_K': 3.6515463079922483e-06}
T1400-h0.1-Q25-n800 3 {'cycle': 3, 'max_species_cycle_change': 1.195918059027079e-08, 'state_change': 6.934453011808728e-13, 'elemental_residuals': {'C': 5.349447418109814e-05, 'H': 5.349447411765719e-05, 'O': 5.3494474470978145e-05}, 'mass_residual': 5.349447433320365e-05, 'max_pressure_relative_error': 2.413850632554393e-05, 'max_temperature_error_K': 3.651734232335002e-06}
