/home/runner/work/Electrification-Suite/Electrification-Suite/tools/openmkm_dynamic/run_rph_fixed_pulse.py:25: UserWarning: NasaPoly2::validate: 
For species OHV, discontinuity in h/RT detected at Tmid = 1000
	Value computed using low-temperature polynomial:  53.62056162666667
	Value computed using high-temperature polynomial: 53.5841554314

  gas=ct.Solution("gri30.yaml" if inert else str(base.MECH))
/home/runner/work/Electrification-Suite/Electrification-Suite/tools/openmkm_dynamic/run_rph_fixed_pulse.py:25: UserWarning: NasaPoly2::validate: 
For species CHV, discontinuity in h/RT detected at Tmid = 1000
	Value computed using low-temperature polynomial:  107.5046684
	Value computed using high-temperature polynomial: 107.34847808033332

  gas=ct.Solution("gri30.yaml" if inert else str(base.MECH))
/home/runner/work/Electrification-Suite/Electrification-Suite/tools/openmkm_dynamic/run_rph_fixed_pulse.py:34: UserWarning: NasaPoly2::validate: 
For species OHV, discontinuity in h/RT detected at Tmid = 1000
	Value computed using low-temperature polynomial:  53.62056162666667
	Value computed using high-temperature polynomial: 53.5841554314

  inlet=ct.Reservoir(gas,clone=True);exhaust=ct.Reservoir(gas,clone=True)
/home/runner/work/Electrification-Suite/Electrification-Suite/tools/openmkm_dynamic/run_rph_fixed_pulse.py:34: UserWarning: NasaPoly2::validate: 
For species CHV, discontinuity in h/RT detected at Tmid = 1000
	Value computed using low-temperature polynomial:  107.5046684
	Value computed using high-temperature polynomial: 107.34847808033332

  inlet=ct.Reservoir(gas,clone=True);exhaust=ct.Reservoir(gas,clone=True)
/home/runner/work/Electrification-Suite/Electrification-Suite/tools/openmkm_dynamic/run_rph_fixed_pulse.py:35: UserWarning: NasaPoly2::validate: 
For species OHV, discontinuity in h/RT detected at Tmid = 1000
	Value computed using low-temperature polynomial:  53.62056162666667
	Value computed using high-temperature polynomial: 53.5841554314

  r=PrescribedTemperatureReactor(gas,energy="off",volume=vol,clone=True)
/home/runner/work/Electrification-Suite/Electrification-Suite/tools/openmkm_dynamic/run_rph_fixed_pulse.py:35: UserWarning: NasaPoly2::validate: 
For species CHV, discontinuity in h/RT detected at Tmid = 1000
	Value computed using low-temperature polynomial:  107.5046684
	Value computed using high-temperature polynomial: 107.34847808033332

  r=PrescribedTemperatureReactor(gas,energy="off",volume=vol,clone=True)
T1400-h0.1-Q12.5-n800 1 {'cycle': 1, 'max_species_cycle_change': None, 'state_change': None, 'elemental_residuals': {'C': 0.00010714048352139391, 'H': 0.00010714051004079993, 'O': 0.00010714045809938465}, 'mass_residual': 0.00010714047175064275, 'max_pressure_relative_error': 2.4138506056869957e-05, 'max_temperature_error_K': 2.947717803181149e-08}
T1400-h0.1-Q12.5-n800 2 {'cycle': 2, 'max_species_cycle_change': 3.82251391650712e-09, 'state_change': 2.7478019859472624e-14, 'elemental_residuals': {'C': 0.00010714808036584096, 'H': 0.0001071480805270662, 'O': 0.00010714807992848878}, 'mass_residual': 0.00010714808014303393, 'max_pressure_relative_error': 2.4138506104387503e-05, 'max_temperature_error_K': 2.939964360848535e-08}
T1400-h0.1-Q12.5-n800 3 {'cycle': 3, 'max_species_cycle_change': 7.020671877189244e-09, 'state_change': 1.957323192414151e-13, 'elemental_residuals': {'C': 0.00010716212472533712, 'H': 0.00010716212461885159, 'O': 0.00010716212420561468}, 'mass_residual': 0.00010716212444096704, 'max_pressure_relative_error': 2.4138802357409617e-05, 'max_temperature_error_K': 2.9543571145040914e-08}
