/home/runner/work/Electrification-Suite/Electrification-Suite/tools/openmkm_dynamic/run_rph_fixed_pulse.py:25: UserWarning: NasaPoly2::validate: 
For species OHV, discontinuity in h/RT detected at Tmid = 1000
	Value computed using low-temperature polynomial:  53.62056162666667
	Value computed using high-temperature polynomial: 53.5841554314

  gas=ct.Solution("gri30.yaml" if inert else str(base.MECH))
/home/runner/work/Electrification-Suite/Electrification-Suite/tools/openmkm_dynamic/run_rph_fixed_pulse.py:25: UserWarning: NasaPoly2::validate: 
For species CHV, discontinuity in h/RT detected at Tmid = 1000
	Value computed using low-temperature polynomial:  107.5046684
	Value computed using high-temperature polynomial: 107.34847808033332

  gas=ct.Solution("gri30.yaml" if inert else str(base.MECH))
/home/runner/work/Electrification-Suite/Electrification-Suite/tools/openmkm_dynamic/run_rph_fixed_pulse.py:34: UserWarning: NasaPoly2::validate: 
For species OHV, discontinuity in h/RT detected at Tmid = 1000
	Value computed using low-temperature polynomial:  53.62056162666667
	Value computed using high-temperature polynomial: 53.5841554314

  inlet=ct.Reservoir(gas,clone=True);exhaust=ct.Reservoir(gas,clone=True)
/home/runner/work/Electrification-Suite/Electrification-Suite/tools/openmkm_dynamic/run_rph_fixed_pulse.py:34: UserWarning: NasaPoly2::validate: 
For species CHV, discontinuity in h/RT detected at Tmid = 1000
	Value computed using low-temperature polynomial:  107.5046684
	Value computed using high-temperature polynomial: 107.34847808033332

  inlet=ct.Reservoir(gas,clone=True);exhaust=ct.Reservoir(gas,clone=True)
/home/runner/work/Electrification-Suite/Electrification-Suite/tools/openmkm_dynamic/run_rph_fixed_pulse.py:35: UserWarning: NasaPoly2::validate: 
For species OHV, discontinuity in h/RT detected at Tmid = 1000
	Value computed using low-temperature polynomial:  53.62056162666667
	Value computed using high-temperature polynomial: 53.5841554314

  r=PrescribedTemperatureReactor(gas,energy="off",volume=vol,clone=True)
/home/runner/work/Electrification-Suite/Electrification-Suite/tools/openmkm_dynamic/run_rph_fixed_pulse.py:35: UserWarning: NasaPoly2::validate: 
For species CHV, discontinuity in h/RT detected at Tmid = 1000
	Value computed using low-temperature polynomial:  107.5046684
	Value computed using high-temperature polynomial: 107.34847808033332

  r=PrescribedTemperatureReactor(gas,energy="off",volume=vol,clone=True)
T1400-h0.8-Q25-n800 1 {'cycle': 1, 'max_species_cycle_change': None, 'state_change': None, 'elemental_residuals': {'C': -2.855465428578924e-05, 'H': -2.8554451014087793e-05, 'O': -2.855495408187239e-05}, 'mass_residual': -2.855480037739191e-05, 'max_pressure_relative_error': 2.4138506058202225e-05, 'max_temperature_error_K': 3.667894361569779e-06}
T1400-h0.8-Q25-n800 2 {'cycle': 2, 'max_species_cycle_change': 3.1815363399356755e-08, 'state_change': 2.5424107263916085e-13, 'elemental_residuals': {'C': -2.861810770369219e-05, 'H': -2.8618025335572232e-05, 'O': -2.861822650729719e-05}, 'mass_residual': -2.8618165472453603e-05, 'max_pressure_relative_error': 2.4138106372362245e-05, 'max_temperature_error_K': 3.651487304523471e-06}
T1400-h0.8-Q25-n800 3 {'cycle': 3, 'max_species_cycle_change': 2.8814894803552704e-08, 'state_change': 6.096234628216735e-13, 'elemental_residuals': {'C': -2.8560696501411932e-05, 'H': -2.856044833503428e-05, 'O': -2.8560781976741146e-05}, 'mass_residual': -2.8560725384617262e-05, 'max_pressure_relative_error': 2.413850628513181e-05, 'max_temperature_error_K': 3.651437054941198e-06}
