/home/runner/work/Electrification-Suite/Electrification-Suite/tools/openmkm_dynamic/run_rph_fixed_pulse.py:25: UserWarning: NasaPoly2::validate: 
For species OHV, discontinuity in h/RT detected at Tmid = 1000
	Value computed using low-temperature polynomial:  53.62056162666667
	Value computed using high-temperature polynomial: 53.5841554314

  gas=ct.Solution("gri30.yaml" if inert else str(base.MECH))
/home/runner/work/Electrification-Suite/Electrification-Suite/tools/openmkm_dynamic/run_rph_fixed_pulse.py:25: UserWarning: NasaPoly2::validate: 
For species CHV, discontinuity in h/RT detected at Tmid = 1000
	Value computed using low-temperature polynomial:  107.5046684
	Value computed using high-temperature polynomial: 107.34847808033332

  gas=ct.Solution("gri30.yaml" if inert else str(base.MECH))
/home/runner/work/Electrification-Suite/Electrification-Suite/tools/openmkm_dynamic/run_rph_fixed_pulse.py:34: UserWarning: NasaPoly2::validate: 
For species OHV, discontinuity in h/RT detected at Tmid = 1000
	Value computed using low-temperature polynomial:  53.62056162666667
	Value computed using high-temperature polynomial: 53.5841554314

  inlet=ct.Reservoir(gas,clone=True);exhaust=ct.Reservoir(gas,clone=True)
/home/runner/work/Electrification-Suite/Electrification-Suite/tools/openmkm_dynamic/run_rph_fixed_pulse.py:34: UserWarning: NasaPoly2::validate: 
For species CHV, discontinuity in h/RT detected at Tmid = 1000
	Value computed using low-temperature polynomial:  107.5046684
	Value computed using high-temperature polynomial: 107.34847808033332

  inlet=ct.Reservoir(gas,clone=True);exhaust=ct.Reservoir(gas,clone=True)
/home/runner/work/Electrification-Suite/Electrification-Suite/tools/openmkm_dynamic/run_rph_fixed_pulse.py:35: UserWarning: NasaPoly2::validate: 
For species OHV, discontinuity in h/RT detected at Tmid = 1000
	Value computed using low-temperature polynomial:  53.62056162666667
	Value computed using high-temperature polynomial: 53.5841554314

  r=PrescribedTemperatureReactor(gas,energy="off",volume=vol,clone=True)
/home/runner/work/Electrification-Suite/Electrification-Suite/tools/openmkm_dynamic/run_rph_fixed_pulse.py:35: UserWarning: NasaPoly2::validate: 
For species CHV, discontinuity in h/RT detected at Tmid = 1000
	Value computed using low-temperature polynomial:  107.5046684
	Value computed using high-temperature polynomial: 107.34847808033332

  r=PrescribedTemperatureReactor(gas,energy="off",volume=vol,clone=True)
T1400-h0.3-Q100-n400 1 {'cycle': 1, 'max_species_cycle_change': None, 'state_change': None, 'elemental_residuals': {'C': 1.474776811524112e-05, 'H': 1.474737463268866e-05, 'O': 1.4748161093076177e-05}, 'mass_residual': 1.4747951092361095e-05, 'max_pressure_relative_error': 2.4059525152608785e-05, 'max_temperature_error_K': 2.7490045795275364e-07}
T1400-h0.3-Q100-n400 2 {'cycle': 2, 'max_species_cycle_change': 3.2501076829838382e-09, 'state_change': 3.955724636739433e-13, 'elemental_residuals': {'C': 1.4741662105227307e-05, 'H': 1.4741662623703633e-05, 'O': 1.4741662314542843e-05}, 'mass_residual': 1.474166225191392e-05, 'max_pressure_relative_error': 2.405952517414711e-05, 'max_temperature_error_K': 2.747956386883743e-07}
T1400-h0.3-Q100-n400 3 {'cycle': 3, 'max_species_cycle_change': 8.738063050905964e-09, 'state_change': 2.9332092310596636e-13, 'elemental_residuals': {'C': 1.4759139191715749e-05, 'H': 1.4759138722283078e-05, 'O': 1.4759138625552247e-05}, 'mass_residual': 1.4759138860839516e-05, 'max_pressure_relative_error': 2.4059525159270123e-05, 'max_temperature_error_K': 2.746604650383233e-07}
