/home/runner/work/Electrification-Suite/Electrification-Suite/tools/openmkm_dynamic/run_rph_fixed_pulse.py:25: UserWarning: NasaPoly2::validate: 
For species OHV, discontinuity in h/RT detected at Tmid = 1000
	Value computed using low-temperature polynomial:  53.62056162666667
	Value computed using high-temperature polynomial: 53.5841554314

  gas=ct.Solution("gri30.yaml" if inert else str(base.MECH))
/home/runner/work/Electrification-Suite/Electrification-Suite/tools/openmkm_dynamic/run_rph_fixed_pulse.py:25: UserWarning: NasaPoly2::validate: 
For species CHV, discontinuity in h/RT detected at Tmid = 1000
	Value computed using low-temperature polynomial:  107.5046684
	Value computed using high-temperature polynomial: 107.34847808033332

  gas=ct.Solution("gri30.yaml" if inert else str(base.MECH))
/home/runner/work/Electrification-Suite/Electrification-Suite/tools/openmkm_dynamic/run_rph_fixed_pulse.py:34: UserWarning: NasaPoly2::validate: 
For species OHV, discontinuity in h/RT detected at Tmid = 1000
	Value computed using low-temperature polynomial:  53.62056162666667
	Value computed using high-temperature polynomial: 53.5841554314

  inlet=ct.Reservoir(gas,clone=True);exhaust=ct.Reservoir(gas,clone=True)
/home/runner/work/Electrification-Suite/Electrification-Suite/tools/openmkm_dynamic/run_rph_fixed_pulse.py:34: UserWarning: NasaPoly2::validate: 
For species CHV, discontinuity in h/RT detected at Tmid = 1000
	Value computed using low-temperature polynomial:  107.5046684
	Value computed using high-temperature polynomial: 107.34847808033332

  inlet=ct.Reservoir(gas,clone=True);exhaust=ct.Reservoir(gas,clone=True)
/home/runner/work/Electrification-Suite/Electrification-Suite/tools/openmkm_dynamic/run_rph_fixed_pulse.py:35: UserWarning: NasaPoly2::validate: 
For species OHV, discontinuity in h/RT detected at Tmid = 1000
	Value computed using low-temperature polynomial:  53.62056162666667
	Value computed using high-temperature polynomial: 53.5841554314

  r=PrescribedTemperatureReactor(gas,energy="off",volume=vol,clone=True)
/home/runner/work/Electrification-Suite/Electrification-Suite/tools/openmkm_dynamic/run_rph_fixed_pulse.py:35: UserWarning: NasaPoly2::validate: 
For species CHV, discontinuity in h/RT detected at Tmid = 1000
	Value computed using low-temperature polynomial:  107.5046684
	Value computed using high-temperature polynomial: 107.34847808033332

  r=PrescribedTemperatureReactor(gas,energy="off",volume=vol,clone=True)
T1400-h0.1-Q200-n800 1 {'cycle': 1, 'max_species_cycle_change': None, 'state_change': None, 'elemental_residuals': {'C': 6.626911947495311e-06, 'H': 6.626708915858478e-06, 'O': 6.627115174855131e-06}, 'mass_residual': 6.62700660263645e-06, 'max_pressure_relative_error': 2.4138506053983377e-05, 'max_temperature_error_K': 2.25293479161337e-06}
T1400-h0.1-Q200-n800 2 {'cycle': 2, 'max_species_cycle_change': 2.8630471493595877e-08, 'state_change': 2.0317081350640365e-13, 'elemental_residuals': {'C': 6.683968808443595e-06, 'H': 6.683968913529632e-06, 'O': 6.683968785878638e-06}, 'mass_residual': 6.683968805182949e-06, 'max_pressure_relative_error': 2.4138123574379833e-05, 'max_temperature_error_K': 2.170223410757899e-06}
T1400-h0.1-Q200-n800 3 {'cycle': 3, 'max_species_cycle_change': 8.699294118397205e-09, 'state_change': 8.338885137959551e-13, 'elemental_residuals': {'C': 6.666570655439566e-06, 'H': 6.666570761759374e-06, 'O': 6.6665707370155785e-06}, 'mass_residual': 6.666570710397499e-06, 'max_pressure_relative_error': 2.4138505829718326e-05, 'max_temperature_error_K': 2.1701209789171116e-06}
