/home/runner/work/Electrification-Suite/Electrification-Suite/tools/openmkm_dynamic/run_rph_fixed_pulse.py:25: UserWarning: NasaPoly2::validate: 
For species OHV, discontinuity in h/RT detected at Tmid = 1000
	Value computed using low-temperature polynomial:  53.62056162666667
	Value computed using high-temperature polynomial: 53.5841554314

  gas=ct.Solution("gri30.yaml" if inert else str(base.MECH))
/home/runner/work/Electrification-Suite/Electrification-Suite/tools/openmkm_dynamic/run_rph_fixed_pulse.py:25: UserWarning: NasaPoly2::validate: 
For species CHV, discontinuity in h/RT detected at Tmid = 1000
	Value computed using low-temperature polynomial:  107.5046684
	Value computed using high-temperature polynomial: 107.34847808033332

  gas=ct.Solution("gri30.yaml" if inert else str(base.MECH))
/home/runner/work/Electrification-Suite/Electrification-Suite/tools/openmkm_dynamic/run_rph_fixed_pulse.py:34: UserWarning: NasaPoly2::validate: 
For species OHV, discontinuity in h/RT detected at Tmid = 1000
	Value computed using low-temperature polynomial:  53.62056162666667
	Value computed using high-temperature polynomial: 53.5841554314

  inlet=ct.Reservoir(gas,clone=True);exhaust=ct.Reservoir(gas,clone=True)
/home/runner/work/Electrification-Suite/Electrification-Suite/tools/openmkm_dynamic/run_rph_fixed_pulse.py:34: UserWarning: NasaPoly2::validate: 
For species CHV, discontinuity in h/RT detected at Tmid = 1000
	Value computed using low-temperature polynomial:  107.5046684
	Value computed using high-temperature polynomial: 107.34847808033332

  inlet=ct.Reservoir(gas,clone=True);exhaust=ct.Reservoir(gas,clone=True)
/home/runner/work/Electrification-Suite/Electrification-Suite/tools/openmkm_dynamic/run_rph_fixed_pulse.py:35: UserWarning: NasaPoly2::validate: 
For species OHV, discontinuity in h/RT detected at Tmid = 1000
	Value computed using low-temperature polynomial:  53.62056162666667
	Value computed using high-temperature polynomial: 53.5841554314

  r=PrescribedTemperatureReactor(gas,energy="off",volume=vol,clone=True)
/home/runner/work/Electrification-Suite/Electrification-Suite/tools/openmkm_dynamic/run_rph_fixed_pulse.py:35: UserWarning: NasaPoly2::validate: 
For species CHV, discontinuity in h/RT detected at Tmid = 1000
	Value computed using low-temperature polynomial:  107.5046684
	Value computed using high-temperature polynomial: 107.34847808033332

  r=PrescribedTemperatureReactor(gas,energy="off",volume=vol,clone=True)
T1400-h0.5-Q25-n400 1 {'cycle': 1, 'max_species_cycle_change': None, 'state_change': None, 'elemental_residuals': {'C': 1.4163781544425137e-05, 'H': 1.4163799198296031e-05, 'O': 1.4163752036620596e-05}, 'mass_residual': 1.4163767006918756e-05, 'max_pressure_relative_error': 2.4059525153941053e-05, 'max_temperature_error_K': 4.031054913866683e-06}
T1400-h0.5-Q25-n400 2 {'cycle': 2, 'max_species_cycle_change': 2.520759084800872e-08, 'state_change': 5.148104165186851e-13, 'elemental_residuals': {'C': 1.4214045771399218e-05, 'H': 1.4214062690930179e-05, 'O': 1.4214076371504083e-05}, 'mass_residual': 1.421406321294895e-05, 'max_pressure_relative_error': 2.4059524878161653e-05, 'max_temperature_error_K': 3.976684865847346e-06}
T1400-h0.5-Q25-n400 3 {'cycle': 3, 'max_species_cycle_change': 1.8462473827529635e-08, 'state_change': 1.1657341758564144e-13, 'elemental_residuals': {'C': 1.4177144416640334e-05, 'H': 1.4177181852908718e-05, 'O': 1.4177174166375107e-05}, 'mass_residual': 1.4177162781078442e-05, 'max_pressure_relative_error': 2.4059524898589757e-05, 'max_temperature_error_K': 3.976874950240017e-06}
