/home/runner/work/Electrification-Suite/Electrification-Suite/tools/openmkm_dynamic/run_rph_fixed_pulse.py:25: UserWarning: NasaPoly2::validate: 
For species OHV, discontinuity in h/RT detected at Tmid = 1000
	Value computed using low-temperature polynomial:  53.62056162666667
	Value computed using high-temperature polynomial: 53.5841554314

  gas=ct.Solution("gri30.yaml" if inert else str(base.MECH))
/home/runner/work/Electrification-Suite/Electrification-Suite/tools/openmkm_dynamic/run_rph_fixed_pulse.py:25: UserWarning: NasaPoly2::validate: 
For species CHV, discontinuity in h/RT detected at Tmid = 1000
	Value computed using low-temperature polynomial:  107.5046684
	Value computed using high-temperature polynomial: 107.34847808033332

  gas=ct.Solution("gri30.yaml" if inert else str(base.MECH))
/home/runner/work/Electrification-Suite/Electrification-Suite/tools/openmkm_dynamic/run_rph_fixed_pulse.py:34: UserWarning: NasaPoly2::validate: 
For species OHV, discontinuity in h/RT detected at Tmid = 1000
	Value computed using low-temperature polynomial:  53.62056162666667
	Value computed using high-temperature polynomial: 53.5841554314

  inlet=ct.Reservoir(gas,clone=True);exhaust=ct.Reservoir(gas,clone=True)
/home/runner/work/Electrification-Suite/Electrification-Suite/tools/openmkm_dynamic/run_rph_fixed_pulse.py:34: UserWarning: NasaPoly2::validate: 
For species CHV, discontinuity in h/RT detected at Tmid = 1000
	Value computed using low-temperature polynomial:  107.5046684
	Value computed using high-temperature polynomial: 107.34847808033332

  inlet=ct.Reservoir(gas,clone=True);exhaust=ct.Reservoir(gas,clone=True)
/home/runner/work/Electrification-Suite/Electrification-Suite/tools/openmkm_dynamic/run_rph_fixed_pulse.py:35: UserWarning: NasaPoly2::validate: 
For species OHV, discontinuity in h/RT detected at Tmid = 1000
	Value computed using low-temperature polynomial:  53.62056162666667
	Value computed using high-temperature polynomial: 53.5841554314

  r=PrescribedTemperatureReactor(gas,energy="off",volume=vol,clone=True)
/home/runner/work/Electrification-Suite/Electrification-Suite/tools/openmkm_dynamic/run_rph_fixed_pulse.py:35: UserWarning: NasaPoly2::validate: 
For species CHV, discontinuity in h/RT detected at Tmid = 1000
	Value computed using low-temperature polynomial:  107.5046684
	Value computed using high-temperature polynomial: 107.34847808033332

  r=PrescribedTemperatureReactor(gas,energy="off",volume=vol,clone=True)
T1400-h0.5-Q25-n800 1 {'cycle': 1, 'max_species_cycle_change': None, 'state_change': None, 'elemental_residuals': {'C': 6.229931119185291e-06, 'H': 6.230016107450965e-06, 'O': 6.2299136981384795e-06}, 'mass_residual': 6.2299275444836484e-06, 'max_pressure_relative_error': 2.4138506058202225e-05, 'max_temperature_error_K': 3.667894361569779e-06}
T1400-h0.5-Q25-n800 2 {'cycle': 2, 'max_species_cycle_change': 1.0694579666292725e-08, 'state_change': 6.583622536027178e-14, 'elemental_residuals': {'C': 6.25123471584399e-06, 'H': 6.251233278609821e-06, 'O': 6.251300069353829e-06}, 'mass_residual': 6.251269444522389e-06, 'max_pressure_relative_error': 2.413850647364768e-05, 'max_temperature_error_K': 3.6514973089651903e-06}
T1400-h0.5-Q25-n800 3 {'cycle': 3, 'max_species_cycle_change': 1.2726422249365044e-08, 'state_change': 8.353318037279678e-13, 'elemental_residuals': {'C': 6.276716566542934e-06, 'H': 6.276738291707076e-06, 'O': 6.2765680746647025e-06}, 'mass_residual': 6.276638901979661e-06, 'max_pressure_relative_error': 2.413850629712222e-05, 'max_temperature_error_K': 3.651989572972525e-06}
