/home/runner/work/Electrification-Suite/Electrification-Suite/tools/openmkm_dynamic/run_rph_fixed_pulse.py:25: UserWarning: NasaPoly2::validate: 
For species OHV, discontinuity in h/RT detected at Tmid = 1000
	Value computed using low-temperature polynomial:  53.62056162666667
	Value computed using high-temperature polynomial: 53.5841554314

  gas=ct.Solution("gri30.yaml" if inert else str(base.MECH))
/home/runner/work/Electrification-Suite/Electrification-Suite/tools/openmkm_dynamic/run_rph_fixed_pulse.py:25: UserWarning: NasaPoly2::validate: 
For species CHV, discontinuity in h/RT detected at Tmid = 1000
	Value computed using low-temperature polynomial:  107.5046684
	Value computed using high-temperature polynomial: 107.34847808033332

  gas=ct.Solution("gri30.yaml" if inert else str(base.MECH))
/home/runner/work/Electrification-Suite/Electrification-Suite/tools/openmkm_dynamic/run_rph_fixed_pulse.py:34: UserWarning: NasaPoly2::validate: 
For species OHV, discontinuity in h/RT detected at Tmid = 1000
	Value computed using low-temperature polynomial:  53.62056162666667
	Value computed using high-temperature polynomial: 53.5841554314

  inlet=ct.Reservoir(gas,clone=True);exhaust=ct.Reservoir(gas,clone=True)
/home/runner/work/Electrification-Suite/Electrification-Suite/tools/openmkm_dynamic/run_rph_fixed_pulse.py:34: UserWarning: NasaPoly2::validate: 
For species CHV, discontinuity in h/RT detected at Tmid = 1000
	Value computed using low-temperature polynomial:  107.5046684
	Value computed using high-temperature polynomial: 107.34847808033332

  inlet=ct.Reservoir(gas,clone=True);exhaust=ct.Reservoir(gas,clone=True)
/home/runner/work/Electrification-Suite/Electrification-Suite/tools/openmkm_dynamic/run_rph_fixed_pulse.py:35: UserWarning: NasaPoly2::validate: 
For species OHV, discontinuity in h/RT detected at Tmid = 1000
	Value computed using low-temperature polynomial:  53.62056162666667
	Value computed using high-temperature polynomial: 53.5841554314

  r=PrescribedTemperatureReactor(gas,energy="off",volume=vol,clone=True)
/home/runner/work/Electrification-Suite/Electrification-Suite/tools/openmkm_dynamic/run_rph_fixed_pulse.py:35: UserWarning: NasaPoly2::validate: 
For species CHV, discontinuity in h/RT detected at Tmid = 1000
	Value computed using low-temperature polynomial:  107.5046684
	Value computed using high-temperature polynomial: 107.34847808033332

  r=PrescribedTemperatureReactor(gas,energy="off",volume=vol,clone=True)
T1400-h0.3-Q12.5-n800 1 {'cycle': 1, 'max_species_cycle_change': None, 'state_change': None, 'elemental_residuals': {'C': 5.9936404988162916e-05, 'H': 5.993643450036418e-05, 'O': 5.993638300276311e-05}, 'mass_residual': 5.9936395254045846e-05, 'max_pressure_relative_error': 2.4138506056869957e-05, 'max_temperature_error_K': 2.947717803181149e-08}
T1400-h0.3-Q12.5-n800 2 {'cycle': 2, 'max_species_cycle_change': 4.579797902026783e-08, 'state_change': 3.6615155352137663e-13, 'elemental_residuals': {'C': 6.002798633567354e-05, 'H': 6.0027985179533716e-05, 'O': 6.002798337011462e-05}, 'mass_residual': 6.002798467506578e-05, 'max_pressure_relative_error': 2.413814320267882e-05, 'max_temperature_error_K': 2.9777538657072e-08}
T1400-h0.3-Q12.5-n800 3 {'cycle': 3, 'max_species_cycle_change': 4.7308515271904383e-08, 'state_change': 1.0299538999447577e-12, 'elemental_residuals': {'C': 5.9933343653468695e-05, 'H': 5.993335186312345e-05, 'O': 5.993333281909238e-05}, 'mass_residual': 5.99333384303613e-05, 'max_pressure_relative_error': 2.4138506035109586e-05, 'max_temperature_error_K': 3.047398422495462e-08}
