/home/runner/work/Electrification-Suite/Electrification-Suite/tools/openmkm_dynamic/run_rph_fixed_pulse.py:25: UserWarning: NasaPoly2::validate: 
For species OHV, discontinuity in h/RT detected at Tmid = 1000
	Value computed using low-temperature polynomial:  53.62056162666667
	Value computed using high-temperature polynomial: 53.5841554314

  gas=ct.Solution("gri30.yaml" if inert else str(base.MECH))
/home/runner/work/Electrification-Suite/Electrification-Suite/tools/openmkm_dynamic/run_rph_fixed_pulse.py:25: UserWarning: NasaPoly2::validate: 
For species CHV, discontinuity in h/RT detected at Tmid = 1000
	Value computed using low-temperature polynomial:  107.5046684
	Value computed using high-temperature polynomial: 107.34847808033332

  gas=ct.Solution("gri30.yaml" if inert else str(base.MECH))
/home/runner/work/Electrification-Suite/Electrification-Suite/tools/openmkm_dynamic/run_rph_fixed_pulse.py:34: UserWarning: NasaPoly2::validate: 
For species OHV, discontinuity in h/RT detected at Tmid = 1000
	Value computed using low-temperature polynomial:  53.62056162666667
	Value computed using high-temperature polynomial: 53.5841554314

  inlet=ct.Reservoir(gas,clone=True);exhaust=ct.Reservoir(gas,clone=True)
/home/runner/work/Electrification-Suite/Electrification-Suite/tools/openmkm_dynamic/run_rph_fixed_pulse.py:34: UserWarning: NasaPoly2::validate: 
For species CHV, discontinuity in h/RT detected at Tmid = 1000
	Value computed using low-temperature polynomial:  107.5046684
	Value computed using high-temperature polynomial: 107.34847808033332

  inlet=ct.Reservoir(gas,clone=True);exhaust=ct.Reservoir(gas,clone=True)
/home/runner/work/Electrification-Suite/Electrification-Suite/tools/openmkm_dynamic/run_rph_fixed_pulse.py:35: UserWarning: NasaPoly2::validate: 
For species OHV, discontinuity in h/RT detected at Tmid = 1000
	Value computed using low-temperature polynomial:  53.62056162666667
	Value computed using high-temperature polynomial: 53.5841554314

  r=PrescribedTemperatureReactor(gas,energy="off",volume=vol,clone=True)
/home/runner/work/Electrification-Suite/Electrification-Suite/tools/openmkm_dynamic/run_rph_fixed_pulse.py:35: UserWarning: NasaPoly2::validate: 
For species CHV, discontinuity in h/RT detected at Tmid = 1000
	Value computed using low-temperature polynomial:  107.5046684
	Value computed using high-temperature polynomial: 107.34847808033332

  r=PrescribedTemperatureReactor(gas,energy="off",volume=vol,clone=True)
T1400-h0.5-Q12.5-n800 1 {'cycle': 1, 'max_species_cycle_change': None, 'state_change': None, 'elemental_residuals': {'C': 1.337815450957944e-05, 'H': 1.3378232318505035e-05, 'O': 1.3378144316458624e-05}, 'mass_residual': 1.3378154300685942e-05, 'max_pressure_relative_error': 2.4138506056869957e-05, 'max_temperature_error_K': 2.947717803181149e-08}
T1400-h0.5-Q12.5-n800 2 {'cycle': 2, 'max_species_cycle_change': 2.8904316218270054e-08, 'state_change': 3.1818991885756986e-13, 'elemental_residuals': {'C': 1.3435945054576267e-05, 'H': 1.3435911802492219e-05, 'O': 1.3435946428309186e-05}, 'mass_residual': 1.3435943554035744e-05, 'max_pressure_relative_error': 2.4138506058202225e-05, 'max_temperature_error_K': 2.9541297408286482e-08}
T1400-h0.5-Q12.5-n800 3 {'cycle': 3, 'max_species_cycle_change': 2.1511725734058018e-08, 'state_change': 4.831135491656369e-13, 'elemental_residuals': {'C': 1.3392967566455715e-05, 'H': 1.3392982445961562e-05, 'O': 1.339296018548557e-05}, 'mass_residual': 1.3392964634974114e-05, 'max_pressure_relative_error': 2.413850603533163e-05, 'max_temperature_error_K': 2.991032488353085e-08}
