/home/runner/work/Electrification-Suite/Electrification-Suite/tools/openmkm_dynamic/run_rph_fixed_pulse.py:25: UserWarning: NasaPoly2::validate: 
For species OHV, discontinuity in h/RT detected at Tmid = 1000
	Value computed using low-temperature polynomial:  53.62056162666667
	Value computed using high-temperature polynomial: 53.5841554314

  gas=ct.Solution("gri30.yaml" if inert else str(base.MECH))
/home/runner/work/Electrification-Suite/Electrification-Suite/tools/openmkm_dynamic/run_rph_fixed_pulse.py:25: UserWarning: NasaPoly2::validate: 
For species CHV, discontinuity in h/RT detected at Tmid = 1000
	Value computed using low-temperature polynomial:  107.5046684
	Value computed using high-temperature polynomial: 107.34847808033332

  gas=ct.Solution("gri30.yaml" if inert else str(base.MECH))
/home/runner/work/Electrification-Suite/Electrification-Suite/tools/openmkm_dynamic/run_rph_fixed_pulse.py:34: UserWarning: NasaPoly2::validate: 
For species OHV, discontinuity in h/RT detected at Tmid = 1000
	Value computed using low-temperature polynomial:  53.62056162666667
	Value computed using high-temperature polynomial: 53.5841554314

  inlet=ct.Reservoir(gas,clone=True);exhaust=ct.Reservoir(gas,clone=True)
/home/runner/work/Electrification-Suite/Electrification-Suite/tools/openmkm_dynamic/run_rph_fixed_pulse.py:34: UserWarning: NasaPoly2::validate: 
For species CHV, discontinuity in h/RT detected at Tmid = 1000
	Value computed using low-temperature polynomial:  107.5046684
	Value computed using high-temperature polynomial: 107.34847808033332

  inlet=ct.Reservoir(gas,clone=True);exhaust=ct.Reservoir(gas,clone=True)
/home/runner/work/Electrification-Suite/Electrification-Suite/tools/openmkm_dynamic/run_rph_fixed_pulse.py:35: UserWarning: NasaPoly2::validate: 
For species OHV, discontinuity in h/RT detected at Tmid = 1000
	Value computed using low-temperature polynomial:  53.62056162666667
	Value computed using high-temperature polynomial: 53.5841554314

  r=PrescribedTemperatureReactor(gas,energy="off",volume=vol,clone=True)
/home/runner/work/Electrification-Suite/Electrification-Suite/tools/openmkm_dynamic/run_rph_fixed_pulse.py:35: UserWarning: NasaPoly2::validate: 
For species CHV, discontinuity in h/RT detected at Tmid = 1000
	Value computed using low-temperature polynomial:  107.5046684
	Value computed using high-temperature polynomial: 107.34847808033332

  r=PrescribedTemperatureReactor(gas,energy="off",volume=vol,clone=True)
T1400-h0.5-Q100-n800 1 {'cycle': 1, 'max_species_cycle_change': None, 'state_change': None, 'elemental_residuals': {'C': 1.3284821945200582e-06, 'H': 1.3288408790019129e-06, 'O': 1.3281260489959251e-06}, 'mass_residual': 1.3283165213646724e-06, 'max_pressure_relative_error': 2.4138506046655905e-05, 'max_temperature_error_K': 8.903848538466264e-07}
T1400-h0.5-Q100-n800 2 {'cycle': 2, 'max_species_cycle_change': 2.2676878042027226e-08, 'state_change': 4.547473508864641e-13, 'elemental_residuals': {'C': 1.2835073946708247e-06, 'H': 1.2835379641643248e-06, 'O': 1.2835046692876737e-06}, 'mass_residual': 1.2835079900146501e-06, 'max_pressure_relative_error': 2.413850598559364e-05, 'max_temperature_error_K': 8.905049071472604e-07}
T1400-h0.5-Q100-n800 3 {'cycle': 3, 'max_species_cycle_change': 1.5628246086141218e-08, 'state_change': 9.482414853323462e-13, 'elemental_residuals': {'C': 1.2522383168645902e-06, 'H': 1.2522375854641801e-06, 'O': 1.2522429856656877e-06}, 'mass_residual': 1.2522407625950425e-06, 'max_pressure_relative_error': 2.413853453697712e-05, 'max_temperature_error_K': 8.907821893444634e-07}
