/home/runner/work/Electrification-Suite/Electrification-Suite/tools/openmkm_dynamic/run_rph_fixed_pulse.py:25: UserWarning: NasaPoly2::validate: 
For species OHV, discontinuity in h/RT detected at Tmid = 1000
	Value computed using low-temperature polynomial:  53.62056162666667
	Value computed using high-temperature polynomial: 53.5841554314

  gas=ct.Solution("gri30.yaml" if inert else str(base.MECH))
/home/runner/work/Electrification-Suite/Electrification-Suite/tools/openmkm_dynamic/run_rph_fixed_pulse.py:25: UserWarning: NasaPoly2::validate: 
For species CHV, discontinuity in h/RT detected at Tmid = 1000
	Value computed using low-temperature polynomial:  107.5046684
	Value computed using high-temperature polynomial: 107.34847808033332

  gas=ct.Solution("gri30.yaml" if inert else str(base.MECH))
/home/runner/work/Electrification-Suite/Electrification-Suite/tools/openmkm_dynamic/run_rph_fixed_pulse.py:34: UserWarning: NasaPoly2::validate: 
For species OHV, discontinuity in h/RT detected at Tmid = 1000
	Value computed using low-temperature polynomial:  53.62056162666667
	Value computed using high-temperature polynomial: 53.5841554314

  inlet=ct.Reservoir(gas,clone=True);exhaust=ct.Reservoir(gas,clone=True)
/home/runner/work/Electrification-Suite/Electrification-Suite/tools/openmkm_dynamic/run_rph_fixed_pulse.py:34: UserWarning: NasaPoly2::validate: 
For species CHV, discontinuity in h/RT detected at Tmid = 1000
	Value computed using low-temperature polynomial:  107.5046684
	Value computed using high-temperature polynomial: 107.34847808033332

  inlet=ct.Reservoir(gas,clone=True);exhaust=ct.Reservoir(gas,clone=True)
/home/runner/work/Electrification-Suite/Electrification-Suite/tools/openmkm_dynamic/run_rph_fixed_pulse.py:35: UserWarning: NasaPoly2::validate: 
For species OHV, discontinuity in h/RT detected at Tmid = 1000
	Value computed using low-temperature polynomial:  53.62056162666667
	Value computed using high-temperature polynomial: 53.5841554314

  r=PrescribedTemperatureReactor(gas,energy="off",volume=vol,clone=True)
/home/runner/work/Electrification-Suite/Electrification-Suite/tools/openmkm_dynamic/run_rph_fixed_pulse.py:35: UserWarning: NasaPoly2::validate: 
For species CHV, discontinuity in h/RT detected at Tmid = 1000
	Value computed using low-temperature polynomial:  107.5046684
	Value computed using high-temperature polynomial: 107.34847808033332

  r=PrescribedTemperatureReactor(gas,energy="off",volume=vol,clone=True)
T1400-h0.5-Q200-n400 1 {'cycle': 1, 'max_species_cycle_change': None, 'state_change': None, 'elemental_residuals': {'C': 1.2742520185921877e-06, 'H': 1.2743390677598374e-06, 'O': 1.274168480078466e-06}, 'mass_residual': 1.27421335134692e-06, 'max_pressure_relative_error': 2.4059525153496963e-05, 'max_temperature_error_K': 6.903627991050598e-06}
T1400-h0.5-Q200-n400 2 {'cycle': 2, 'max_species_cycle_change': 1.6672306868414921e-09, 'state_change': 2.2459811788166917e-13, 'elemental_residuals': {'C': 1.2709213711795486e-06, 'H': 1.2709228979723177e-06, 'O': 1.2709226750127156e-06}, 'mass_residual': 1.270922171322831e-06, 'max_pressure_relative_error': 2.405952459838545e-05, 'max_temperature_error_K': 6.8896624725311995e-06}
T1400-h0.5-Q200-n400 3 {'cycle': 3, 'max_species_cycle_change': 8.979701482392244e-09, 'state_change': 6.380451722520775e-13, 'elemental_residuals': {'C': 1.252993322572037e-06, 'H': 1.2529976637970783e-06, 'O': 1.252991146572054e-06}, 'mass_residual': 1.2529924492487098e-06, 'max_pressure_relative_error': 2.4059524706521174e-05, 'max_temperature_error_K': 6.8901426857337356e-06}
