/home/runner/work/Electrification-Suite/Electrification-Suite/tools/openmkm_dynamic/run_rph_fixed_pulse.py:25: UserWarning: NasaPoly2::validate: 
For species OHV, discontinuity in h/RT detected at Tmid = 1000
	Value computed using low-temperature polynomial:  53.62056162666667
	Value computed using high-temperature polynomial: 53.5841554314

  gas=ct.Solution("gri30.yaml" if inert else str(base.MECH))
/home/runner/work/Electrification-Suite/Electrification-Suite/tools/openmkm_dynamic/run_rph_fixed_pulse.py:25: UserWarning: NasaPoly2::validate: 
For species CHV, discontinuity in h/RT detected at Tmid = 1000
	Value computed using low-temperature polynomial:  107.5046684
	Value computed using high-temperature polynomial: 107.34847808033332

  gas=ct.Solution("gri30.yaml" if inert else str(base.MECH))
/home/runner/work/Electrification-Suite/Electrification-Suite/tools/openmkm_dynamic/run_rph_fixed_pulse.py:34: UserWarning: NasaPoly2::validate: 
For species OHV, discontinuity in h/RT detected at Tmid = 1000
	Value computed using low-temperature polynomial:  53.62056162666667
	Value computed using high-temperature polynomial: 53.5841554314

  inlet=ct.Reservoir(gas,clone=True);exhaust=ct.Reservoir(gas,clone=True)
/home/runner/work/Electrification-Suite/Electrification-Suite/tools/openmkm_dynamic/run_rph_fixed_pulse.py:34: UserWarning: NasaPoly2::validate: 
For species CHV, discontinuity in h/RT detected at Tmid = 1000
	Value computed using low-temperature polynomial:  107.5046684
	Value computed using high-temperature polynomial: 107.34847808033332

  inlet=ct.Reservoir(gas,clone=True);exhaust=ct.Reservoir(gas,clone=True)
/home/runner/work/Electrification-Suite/Electrification-Suite/tools/openmkm_dynamic/run_rph_fixed_pulse.py:35: UserWarning: NasaPoly2::validate: 
For species OHV, discontinuity in h/RT detected at Tmid = 1000
	Value computed using low-temperature polynomial:  53.62056162666667
	Value computed using high-temperature polynomial: 53.5841554314

  r=PrescribedTemperatureReactor(gas,energy="off",volume=vol,clone=True)
/home/runner/work/Electrification-Suite/Electrification-Suite/tools/openmkm_dynamic/run_rph_fixed_pulse.py:35: UserWarning: NasaPoly2::validate: 
For species CHV, discontinuity in h/RT detected at Tmid = 1000
	Value computed using low-temperature polynomial:  107.5046684
	Value computed using high-temperature polynomial: 107.34847808033332

  r=PrescribedTemperatureReactor(gas,energy="off",volume=vol,clone=True)
T1400-h0.5-Q12.5-n400 1 {'cycle': 1, 'max_species_cycle_change': None, 'state_change': None, 'elemental_residuals': {'C': 3.137552669798614e-05, 'H': 3.137547789998209e-05, 'O': 3.137556736380206e-05}, 'mass_residual': 3.137554509081178e-05, 'max_pressure_relative_error': 2.4059525153719008e-05, 'max_temperature_error_K': 1.1813472156063654e-06}
T1400-h0.5-Q12.5-n400 2 {'cycle': 2, 'max_species_cycle_change': 7.2988983745858604e-09, 'state_change': 1.1357581541915351e-13, 'elemental_residuals': {'C': 3.138904892990945e-05, 'H': 3.138896959913283e-05, 'O': 3.138928514294891e-05}, 'mass_residual': 3.138916946647095e-05, 'max_pressure_relative_error': 2.4059525232100754e-05, 'max_temperature_error_K': 1.180866320282803e-06}
T1400-h0.5-Q12.5-n400 3 {'cycle': 3, 'max_species_cycle_change': 1.4925561064860204e-08, 'state_change': 2.1449508835758024e-13, 'elemental_residuals': {'C': 3.136028397693247e-05, 'H': 3.136026437498817e-05, 'O': 3.136029689242751e-05}, 'mass_residual': 3.1360289541712625e-05, 'max_pressure_relative_error': 2.405952523054644e-05, 'max_temperature_error_K': 1.180774006570573e-06}
