/home/runner/work/Electrification-Suite/Electrification-Suite/tools/openmkm_dynamic/run_rph_fixed_pulse.py:25: UserWarning: NasaPoly2::validate: 
For species OHV, discontinuity in h/RT detected at Tmid = 1000
	Value computed using low-temperature polynomial:  53.62056162666667
	Value computed using high-temperature polynomial: 53.5841554314

  gas=ct.Solution("gri30.yaml" if inert else str(base.MECH))
/home/runner/work/Electrification-Suite/Electrification-Suite/tools/openmkm_dynamic/run_rph_fixed_pulse.py:25: UserWarning: NasaPoly2::validate: 
For species CHV, discontinuity in h/RT detected at Tmid = 1000
	Value computed using low-temperature polynomial:  107.5046684
	Value computed using high-temperature polynomial: 107.34847808033332

  gas=ct.Solution("gri30.yaml" if inert else str(base.MECH))
/home/runner/work/Electrification-Suite/Electrification-Suite/tools/openmkm_dynamic/run_rph_fixed_pulse.py:34: UserWarning: NasaPoly2::validate: 
For species OHV, discontinuity in h/RT detected at Tmid = 1000
	Value computed using low-temperature polynomial:  53.62056162666667
	Value computed using high-temperature polynomial: 53.5841554314

  inlet=ct.Reservoir(gas,clone=True);exhaust=ct.Reservoir(gas,clone=True)
/home/runner/work/Electrification-Suite/Electrification-Suite/tools/openmkm_dynamic/run_rph_fixed_pulse.py:34: UserWarning: NasaPoly2::validate: 
For species CHV, discontinuity in h/RT detected at Tmid = 1000
	Value computed using low-temperature polynomial:  107.5046684
	Value computed using high-temperature polynomial: 107.34847808033332

  inlet=ct.Reservoir(gas,clone=True);exhaust=ct.Reservoir(gas,clone=True)
/home/runner/work/Electrification-Suite/Electrification-Suite/tools/openmkm_dynamic/run_rph_fixed_pulse.py:35: UserWarning: NasaPoly2::validate: 
For species OHV, discontinuity in h/RT detected at Tmid = 1000
	Value computed using low-temperature polynomial:  53.62056162666667
	Value computed using high-temperature polynomial: 53.5841554314

  r=PrescribedTemperatureReactor(gas,energy="off",volume=vol,clone=True)
/home/runner/work/Electrification-Suite/Electrification-Suite/tools/openmkm_dynamic/run_rph_fixed_pulse.py:35: UserWarning: NasaPoly2::validate: 
For species CHV, discontinuity in h/RT detected at Tmid = 1000
	Value computed using low-temperature polynomial:  107.5046684
	Value computed using high-temperature polynomial: 107.34847808033332

  r=PrescribedTemperatureReactor(gas,energy="off",volume=vol,clone=True)
T1400-h0.1-Q100-n400 1 {'cycle': 1, 'max_species_cycle_change': None, 'state_change': None, 'elemental_residuals': {'C': 2.6717452848514355e-05, 'H': 2.6717060075997245e-05, 'O': 2.671784556500209e-05}, 'mass_residual': 2.6717635729201722e-05, 'max_pressure_relative_error': 2.4059525152608785e-05, 'max_temperature_error_K': 2.7490045795275364e-07}
T1400-h0.1-Q100-n400 2 {'cycle': 2, 'max_species_cycle_change': 3.4938063830924904e-08, 'state_change': 5.46229728115577e-14, 'elemental_residuals': {'C': 2.664796999897177e-05, 'H': 2.6647970006703145e-05, 'O': 2.6647970002126352e-05}, 'mass_residual': 2.66479700023089e-05, 'max_pressure_relative_error': 2.405952510753373e-05, 'max_temperature_error_K': 2.749245595623506e-07}
T1400-h0.1-Q100-n400 3 {'cycle': 3, 'max_species_cycle_change': 5.5311277058489594e-08, 'state_change': 8.326672684688674e-13, 'elemental_residuals': {'C': 2.675859285549018e-05, 'H': 2.6758593575748344e-05, 'O': 2.675859273946218e-05}, 'mass_residual': 2.675859284302789e-05, 'max_pressure_relative_error': 2.4059525094877188e-05, 'max_temperature_error_K': 2.7560690796235576e-07}
