stage: loading mechanism
/home/runner/work/Electrification-Suite/Electrification-Suite/tools/openmkm_dynamic/run_rph_fixed_pulse.py:28: UserWarning: NasaPoly2::validate: 
For species OHV, discontinuity in h/RT detected at Tmid = 1000
	Value computed using low-temperature polynomial:  53.62056162666667
	Value computed using high-temperature polynomial: 53.5841554314

  gas=ct.Solution("gri30.yaml" if inert else str(base.MECH))
/home/runner/work/Electrification-Suite/Electrification-Suite/tools/openmkm_dynamic/run_rph_fixed_pulse.py:28: UserWarning: NasaPoly2::validate: 
For species CHV, discontinuity in h/RT detected at Tmid = 1000
	Value computed using low-temperature polynomial:  107.5046684
	Value computed using high-temperature polynomial: 107.34847808033332

  gas=ct.Solution("gri30.yaml" if inert else str(base.MECH))
stage: mechanism loaded 3.2648176949999765
/home/runner/work/Electrification-Suite/Electrification-Suite/tools/openmkm_dynamic/run_rph_fixed_pulse.py:38: UserWarning: NasaPoly2::validate: 
For species OHV, discontinuity in h/RT detected at Tmid = 1000
	Value computed using low-temperature polynomial:  53.62056162666667
	Value computed using high-temperature polynomial: 53.5841554314

  inlet=ct.Reservoir(gas,clone=True);exhaust=ct.Reservoir(gas,clone=True)
/home/runner/work/Electrification-Suite/Electrification-Suite/tools/openmkm_dynamic/run_rph_fixed_pulse.py:38: UserWarning: NasaPoly2::validate: 
For species CHV, discontinuity in h/RT detected at Tmid = 1000
	Value computed using low-temperature polynomial:  107.5046684
	Value computed using high-temperature polynomial: 107.34847808033332

  inlet=ct.Reservoir(gas,clone=True);exhaust=ct.Reservoir(gas,clone=True)
/home/runner/work/Electrification-Suite/Electrification-Suite/tools/openmkm_dynamic/run_rph_fixed_pulse.py:39: UserWarning: NasaPoly2::validate: 
For species OHV, discontinuity in h/RT detected at Tmid = 1000
	Value computed using low-temperature polynomial:  53.62056162666667
	Value computed using high-temperature polynomial: 53.5841554314

  r=PrescribedTemperatureReactor(gas,energy="off",volume=vol,clone=True)
/home/runner/work/Electrification-Suite/Electrification-Suite/tools/openmkm_dynamic/run_rph_fixed_pulse.py:39: UserWarning: NasaPoly2::validate: 
For species CHV, discontinuity in h/RT detected at Tmid = 1000
	Value computed using low-temperature polynomial:  107.5046684
	Value computed using high-temperature polynomial: 107.34847808033332

  r=PrescribedTemperatureReactor(gas,energy="off",volume=vol,clone=True)
stage: integrating 3.6689353059999803
n800 1 {'cycle': 1, 'max_species_cycle_change': None, 'state_change': None, 'elemental_residuals': {'C': 9.958929652185462e-06, 'H': 9.958932380116096e-06, 'O': 9.958924051111645e-06}, 'mass_residual': 9.958927770539956e-06, 'max_pressure_relative_error': 2.7873953759804948e-05, 'max_temperature_error_K': 3.4778395274770446e-08}
n800 2 {'cycle': 2, 'max_species_cycle_change': 1.3627543538063946e-11, 'state_change': 8.30002733209767e-13, 'elemental_residuals': {'C': 9.958954116092494e-06, 'H': 9.958955230655434e-06, 'O': 9.958953882434996e-06}, 'mass_residual': 9.95895415368428e-06, 'max_pressure_relative_error': 2.7873953703627663e-05, 'max_temperature_error_K': 3.383865987416357e-08}
n800 3 {'cycle': 3, 'max_species_cycle_change': 1.1219775108983754e-10, 'state_change': 2.320366121466577e-13, 'elemental_residuals': {'C': 9.958786653370814e-06, 'H': 9.958786970705223e-06, 'O': 9.958786083753376e-06}, 'mass_residual': 9.958786451319146e-06, 'max_pressure_relative_error': 2.7873953709622867e-05, 'max_temperature_error_K': 3.389732228242792e-08}
