/home/runner/work/Electrification-Suite/Electrification-Suite/tools/openmkm_dynamic/match_cjh_rph_39.py:38: UserWarning: NasaPoly2::validate: 
For species OHV, discontinuity in h/RT detected at Tmid = 1000
	Value computed using low-temperature polynomial:  53.62056162666667
	Value computed using high-temperature polynomial: 53.5841554314

  gas=ct.Solution(str(base.MECH))
/home/runner/work/Electrification-Suite/Electrification-Suite/tools/openmkm_dynamic/match_cjh_rph_39.py:38: UserWarning: NasaPoly2::validate: 
For species CHV, discontinuity in h/RT detected at Tmid = 1000
	Value computed using low-temperature polynomial:  107.5046684
	Value computed using high-temperature polynomial: 107.34847808033332

  gas=ct.Solution(str(base.MECH))
stage: importing cantera
stage: loading mechanism
/home/runner/work/Electrification-Suite/Electrification-Suite/tools/openmkm_dynamic/run_cjh_feed_ratio_01.py:34: UserWarning: NasaPoly2::validate: 
For species OHV, discontinuity in h/RT detected at Tmid = 1000
	Value computed using low-temperature polynomial:  53.62056162666667
	Value computed using high-temperature polynomial: 53.5841554314

  gas=ct.Solution("gri30.yaml" if cold else str(MECH))
/home/runner/work/Electrification-Suite/Electrification-Suite/tools/openmkm_dynamic/run_cjh_feed_ratio_01.py:34: UserWarning: NasaPoly2::validate: 
For species CHV, discontinuity in h/RT detected at Tmid = 1000
	Value computed using low-temperature polynomial:  107.5046684
	Value computed using high-temperature polynomial: 107.34847808033332

  gas=ct.Solution("gri30.yaml" if cold else str(MECH))
stage: mechanism loaded 3.0415895980000016
/home/runner/work/Electrification-Suite/Electrification-Suite/tools/openmkm_dynamic/run_cjh_feed_ratio_01.py:41: UserWarning: NasaPoly2::validate: 
For species OHV, discontinuity in h/RT detected at Tmid = 1000
	Value computed using low-temperature polynomial:  53.62056162666667
	Value computed using high-temperature polynomial: 53.5841554314

  inlet=ct.Reservoir(gas,clone=True); exhaust=ct.Reservoir(gas,clone=True)
/home/runner/work/Electrification-Suite/Electrification-Suite/tools/openmkm_dynamic/run_cjh_feed_ratio_01.py:41: UserWarning: NasaPoly2::validate: 
For species CHV, discontinuity in h/RT detected at Tmid = 1000
	Value computed using low-temperature polynomial:  107.5046684
	Value computed using high-temperature polynomial: 107.34847808033332

  inlet=ct.Reservoir(gas,clone=True); exhaust=ct.Reservoir(gas,clone=True)
/home/runner/work/Electrification-Suite/Electrification-Suite/tools/openmkm_dynamic/run_cjh_feed_ratio_01.py:43: UserWarning: NasaPoly2::validate: 
For species OHV, discontinuity in h/RT detected at Tmid = 1000
	Value computed using low-temperature polynomial:  53.62056162666667
	Value computed using high-temperature polynomial: 53.5841554314

  r=reactor_type(gas,energy="off",volume=p["volume_m3"],clone=True)
/home/runner/work/Electrification-Suite/Electrification-Suite/tools/openmkm_dynamic/run_cjh_feed_ratio_01.py:43: UserWarning: NasaPoly2::validate: 
For species CHV, discontinuity in h/RT detected at Tmid = 1000
	Value computed using low-temperature polynomial:  107.5046684
	Value computed using high-temperature polynomial: 107.34847808033332

  r=reactor_type(gas,energy="off",volume=p["volume_m3"],clone=True)
stage: integration 1 3.4861896150000007
stage: integration 20 3.4892194699999948
stage: importing cantera
stage: loading mechanism
stage: mechanism loaded 2.977973375000005
stage: integration 1 3.88891498000001
stage: integration 20 4.1928136400000255
stage: importing cantera
stage: loading mechanism
stage: mechanism loaded 2.9544664539999985
stage: integration 1 3.4850454779999893
stage: integration 20 3.5225233199999764
stage: importing cantera
stage: loading mechanism
stage: mechanism loaded 2.9460368700000004
stage: integration 1 3.6187071110000204
stage: integration 20 3.673820362000015
stage: importing cantera
stage: loading mechanism
stage: mechanism loaded 2.9488965279999775
stage: integration 1 3.727333055999992
stage: integration 20 4.689812508999978
stage: importing cantera
stage: loading mechanism
stage: mechanism loaded 2.9452254859999982
stage: integration 1 3.7743643459999987
stage: integration 20 5.089157968999984
stage: importing cantera
stage: loading mechanism
stage: mechanism loaded 2.943142039999998
stage: integration 1 3.8298364030000016
stage: integration 20 4.455095634000003
stage: importing cantera
stage: loading mechanism
stage: mechanism loaded 2.965143779000016
stage: integration 1 3.7875856630000158
stage: integration 20 4.906253277000019
stage: importing cantera
stage: loading mechanism
stage: mechanism loaded 2.94863583099999
stage: integration 1 3.732158867999999
stage: integration 20 4.3659120209999855
stage: importing cantera
stage: loading mechanism
stage: mechanism loaded 2.976387442999993
stage: integration 1 3.844987500999963
stage: integration 20 4.531876368000013
stage: importing cantera
stage: loading mechanism
stage: mechanism loaded 2.9634052309999674
stage: integration 1 3.70857356099998
stage: integration 20 4.623342033999961
stage: importing cantera
stage: loading mechanism
stage: mechanism loaded 3.000623152000003
stage: integration 1 4.040639963999979
stage: integration 20 5.46586957400001
