/home/runner/work/Electrification-Suite/Electrification-Suite/tools/openmkm_dynamic/match_cjh_rph_39.py:38: UserWarning: NasaPoly2::validate: 
For species OHV, discontinuity in h/RT detected at Tmid = 1000
	Value computed using low-temperature polynomial:  53.62056162666667
	Value computed using high-temperature polynomial: 53.5841554314

  gas=ct.Solution(str(base.MECH))
/home/runner/work/Electrification-Suite/Electrification-Suite/tools/openmkm_dynamic/match_cjh_rph_39.py:38: UserWarning: NasaPoly2::validate: 
For species CHV, discontinuity in h/RT detected at Tmid = 1000
	Value computed using low-temperature polynomial:  107.5046684
	Value computed using high-temperature polynomial: 107.34847808033332

  gas=ct.Solution(str(base.MECH))
stage: importing cantera
stage: loading mechanism
/home/runner/work/Electrification-Suite/Electrification-Suite/tools/openmkm_dynamic/run_cjh_feed_ratio_01.py:34: UserWarning: NasaPoly2::validate: 
For species OHV, discontinuity in h/RT detected at Tmid = 1000
	Value computed using low-temperature polynomial:  53.62056162666667
	Value computed using high-temperature polynomial: 53.5841554314

  gas=ct.Solution("gri30.yaml" if cold else str(MECH))
/home/runner/work/Electrification-Suite/Electrification-Suite/tools/openmkm_dynamic/run_cjh_feed_ratio_01.py:34: UserWarning: NasaPoly2::validate: 
For species CHV, discontinuity in h/RT detected at Tmid = 1000
	Value computed using low-temperature polynomial:  107.5046684
	Value computed using high-temperature polynomial: 107.34847808033332

  gas=ct.Solution("gri30.yaml" if cold else str(MECH))
stage: mechanism loaded 2.9235752809999838
/home/runner/work/Electrification-Suite/Electrification-Suite/tools/openmkm_dynamic/run_cjh_feed_ratio_01.py:41: UserWarning: NasaPoly2::validate: 
For species OHV, discontinuity in h/RT detected at Tmid = 1000
	Value computed using low-temperature polynomial:  53.62056162666667
	Value computed using high-temperature polynomial: 53.5841554314

  inlet=ct.Reservoir(gas,clone=True); exhaust=ct.Reservoir(gas,clone=True)
/home/runner/work/Electrification-Suite/Electrification-Suite/tools/openmkm_dynamic/run_cjh_feed_ratio_01.py:41: UserWarning: NasaPoly2::validate: 
For species CHV, discontinuity in h/RT detected at Tmid = 1000
	Value computed using low-temperature polynomial:  107.5046684
	Value computed using high-temperature polynomial: 107.34847808033332

  inlet=ct.Reservoir(gas,clone=True); exhaust=ct.Reservoir(gas,clone=True)
/home/runner/work/Electrification-Suite/Electrification-Suite/tools/openmkm_dynamic/run_cjh_feed_ratio_01.py:43: UserWarning: NasaPoly2::validate: 
For species OHV, discontinuity in h/RT detected at Tmid = 1000
	Value computed using low-temperature polynomial:  53.62056162666667
	Value computed using high-temperature polynomial: 53.5841554314

  r=reactor_type(gas,energy="off",volume=p["volume_m3"],clone=True)
/home/runner/work/Electrification-Suite/Electrification-Suite/tools/openmkm_dynamic/run_cjh_feed_ratio_01.py:43: UserWarning: NasaPoly2::validate: 
For species CHV, discontinuity in h/RT detected at Tmid = 1000
	Value computed using low-temperature polynomial:  107.5046684
	Value computed using high-temperature polynomial: 107.34847808033332

  r=reactor_type(gas,energy="off",volume=p["volume_m3"],clone=True)
stage: integration 1 3.7763116490000073
stage: integration 20 3.8790766479999945
stage: importing cantera
stage: loading mechanism
stage: mechanism loaded 2.9452627750000033
stage: integration 1 3.6375429370000063
stage: integration 20 3.701387135999994
stage: importing cantera
stage: loading mechanism
stage: mechanism loaded 2.966438093000022
stage: integration 1 3.6741729930000133
stage: integration 20 3.777811466000003
stage: importing cantera
stage: loading mechanism
stage: mechanism loaded 2.968875627000017
stage: integration 1 3.7753922560000035
stage: integration 20 3.940855838999994
stage: importing cantera
stage: loading mechanism
stage: mechanism loaded 2.962163413000013
stage: integration 1 3.7439293959999986
stage: integration 20 3.8613345539999955
stage: importing cantera
stage: loading mechanism
stage: mechanism loaded 2.992899761000018
stage: integration 1 3.81841484200001
stage: integration 20 3.927376188000011
stage: importing cantera
stage: loading mechanism
stage: mechanism loaded 2.980542708999991
stage: integration 1 3.813725880999982
stage: integration 20 3.932449402000003
stage: importing cantera
stage: loading mechanism
stage: mechanism loaded 2.990128554999984
stage: integration 1 3.7627208389999964
stage: integration 20 3.9150986299999886
stage: importing cantera
stage: loading mechanism
stage: mechanism loaded 2.961111312000014
stage: integration 1 3.948854262999987
stage: integration 20 4.12760530700001
