/home/runner/work/Electrification-Suite/Electrification-Suite/tools/openmkm_dynamic/run_rph_fixed_pulse.py:20: UserWarning: NasaPoly2::validate: 
For species OHV, discontinuity in h/RT detected at Tmid = 1000
	Value computed using low-temperature polynomial:  53.62056162666667
	Value computed using high-temperature polynomial: 53.5841554314

  gas=ct.Solution("gri30.yaml" if inert else str(base.MECH))
/home/runner/work/Electrification-Suite/Electrification-Suite/tools/openmkm_dynamic/run_rph_fixed_pulse.py:20: UserWarning: NasaPoly2::validate: 
For species CHV, discontinuity in h/RT detected at Tmid = 1000
	Value computed using low-temperature polynomial:  107.5046684
	Value computed using high-temperature polynomial: 107.34847808033332

  gas=ct.Solution("gri30.yaml" if inert else str(base.MECH))
/home/runner/work/Electrification-Suite/Electrification-Suite/tools/openmkm_dynamic/run_rph_fixed_pulse.py:29: UserWarning: NasaPoly2::validate: 
For species OHV, discontinuity in h/RT detected at Tmid = 1000
	Value computed using low-temperature polynomial:  53.62056162666667
	Value computed using high-temperature polynomial: 53.5841554314

  inlet=ct.Reservoir(gas,clone=True);exhaust=ct.Reservoir(gas,clone=True)
/home/runner/work/Electrification-Suite/Electrification-Suite/tools/openmkm_dynamic/run_rph_fixed_pulse.py:29: UserWarning: NasaPoly2::validate: 
For species CHV, discontinuity in h/RT detected at Tmid = 1000
	Value computed using low-temperature polynomial:  107.5046684
	Value computed using high-temperature polynomial: 107.34847808033332

  inlet=ct.Reservoir(gas,clone=True);exhaust=ct.Reservoir(gas,clone=True)
/home/runner/work/Electrification-Suite/Electrification-Suite/tools/openmkm_dynamic/run_rph_fixed_pulse.py:30: UserWarning: NasaPoly2::validate: 
For species OHV, discontinuity in h/RT detected at Tmid = 1000
	Value computed using low-temperature polynomial:  53.62056162666667
	Value computed using high-temperature polynomial: 53.5841554314

  r=PrescribedTemperatureReactor(gas,energy="off",volume=vol,clone=True)
/home/runner/work/Electrification-Suite/Electrification-Suite/tools/openmkm_dynamic/run_rph_fixed_pulse.py:30: UserWarning: NasaPoly2::validate: 
For species CHV, discontinuity in h/RT detected at Tmid = 1000
	Value computed using low-temperature polynomial:  107.5046684
	Value computed using high-temperature polynomial: 107.34847808033332

  r=PrescribedTemperatureReactor(gas,energy="off",volume=vol,clone=True)
double-refined 1 {'cycle': 1, 'max_species_cycle_change': None, 'state_change': None, 'elemental_residuals': {'C': 1.3034556793857759e-05, 'H': 1.303457301531164e-05, 'O': 1.3034569790760304e-05}, 'mass_residual': 1.3034564805541664e-05, 'max_pressure_relative_error': 1.0455083871763193e-05, 'max_temperature_error_K': 1.2505552149377763e-11}
double-refined 2 {'cycle': 2, 'max_species_cycle_change': 3.4525268699514555e-08, 'state_change': 8.75632899521861e-13, 'elemental_residuals': {'C': 1.3102469526474405e-05, 'H': 1.3102772364767388e-05, 'O': 1.3102421140351131e-05}, 'mass_residual': 1.3102464071265952e-05, 'max_pressure_relative_error': 1.045508964048203e-05, 'max_temperature_error_K': 9.392806532559916e-10}
double-refined 3 {'cycle': 3, 'max_species_cycle_change': 2.103109908446754e-09, 'state_change': 7.347455976969286e-13, 'elemental_residuals': {'C': 1.3107580767060987e-05, 'H': 1.3107607509996908e-05, 'O': 1.310757591559577e-05}, 'mass_residual': 1.3107579979678011e-05, 'max_pressure_relative_error': 1.0455083900851037e-05, 'max_temperature_error_K': 1.423586581950076e-09}
