/home/runner/work/Electrification-Suite/Electrification-Suite/tools/openmkm_dynamic/run_rph_fixed_pulse.py:25: UserWarning: NasaPoly2::validate: 
For species OHV, discontinuity in h/RT detected at Tmid = 1000
	Value computed using low-temperature polynomial:  53.62056162666667
	Value computed using high-temperature polynomial: 53.5841554314

  gas=ct.Solution("gri30.yaml" if inert else str(base.MECH))
/home/runner/work/Electrification-Suite/Electrification-Suite/tools/openmkm_dynamic/run_rph_fixed_pulse.py:25: UserWarning: NasaPoly2::validate: 
For species CHV, discontinuity in h/RT detected at Tmid = 1000
	Value computed using low-temperature polynomial:  107.5046684
	Value computed using high-temperature polynomial: 107.34847808033332

  gas=ct.Solution("gri30.yaml" if inert else str(base.MECH))
/home/runner/work/Electrification-Suite/Electrification-Suite/tools/openmkm_dynamic/run_rph_fixed_pulse.py:34: UserWarning: NasaPoly2::validate: 
For species OHV, discontinuity in h/RT detected at Tmid = 1000
	Value computed using low-temperature polynomial:  53.62056162666667
	Value computed using high-temperature polynomial: 53.5841554314

  inlet=ct.Reservoir(gas,clone=True);exhaust=ct.Reservoir(gas,clone=True)
/home/runner/work/Electrification-Suite/Electrification-Suite/tools/openmkm_dynamic/run_rph_fixed_pulse.py:34: UserWarning: NasaPoly2::validate: 
For species CHV, discontinuity in h/RT detected at Tmid = 1000
	Value computed using low-temperature polynomial:  107.5046684
	Value computed using high-temperature polynomial: 107.34847808033332

  inlet=ct.Reservoir(gas,clone=True);exhaust=ct.Reservoir(gas,clone=True)
/home/runner/work/Electrification-Suite/Electrification-Suite/tools/openmkm_dynamic/run_rph_fixed_pulse.py:35: UserWarning: NasaPoly2::validate: 
For species OHV, discontinuity in h/RT detected at Tmid = 1000
	Value computed using low-temperature polynomial:  53.62056162666667
	Value computed using high-temperature polynomial: 53.5841554314

  r=PrescribedTemperatureReactor(gas,energy="off",volume=vol,clone=True)
/home/runner/work/Electrification-Suite/Electrification-Suite/tools/openmkm_dynamic/run_rph_fixed_pulse.py:35: UserWarning: NasaPoly2::validate: 
For species CHV, discontinuity in h/RT detected at Tmid = 1000
	Value computed using low-temperature polynomial:  107.5046684
	Value computed using high-temperature polynomial: 107.34847808033332

  r=PrescribedTemperatureReactor(gas,energy="off",volume=vol,clone=True)
Q100-hold0.1-n400 1 {'cycle': 1, 'max_species_cycle_change': None, 'state_change': None, 'elemental_residuals': {'C': 3.949568164710666e-05, 'H': 3.949463406504786e-05, 'O': 3.949591970146994e-05}, 'mass_residual': 3.9495738153942335e-05, 'max_pressure_relative_error': 3.409614760285784e-05, 'max_temperature_error_K': 5.819401849294081e-09}
Q100-hold0.1-n400 2 {'cycle': 2, 'max_species_cycle_change': 2.0731970640230912e-08, 'state_change': 5.959106657713479e-14, 'elemental_residuals': {'C': 3.9454215634102525e-05, 'H': 3.945346627764057e-05, 'O': 3.945398402541941e-05}, 'mass_residual': 3.945404190964867e-05, 'max_pressure_relative_error': 3.4096147603079885e-05, 'max_temperature_error_K': 3.384798219485674e-09}
Q100-hold0.1-n400 3 {'cycle': 3, 'max_species_cycle_change': 3.073739224257466e-08, 'state_change': 1.0196288258157438e-12, 'elemental_residuals': {'C': 3.951567441109866e-05, 'H': 3.951564563457108e-05, 'O': 3.9515912403588836e-05}, 'mass_residual': 3.9515799294347875e-05, 'max_pressure_relative_error': 3.4096147863538206e-05, 'max_temperature_error_K': 3.224613465135917e-09}
