/home/runner/work/Electrification-Suite/Electrification-Suite/tools/openmkm_dynamic/run_rph_fixed_pulse.py:25: UserWarning: NasaPoly2::validate: 
For species OHV, discontinuity in h/RT detected at Tmid = 1000
	Value computed using low-temperature polynomial:  53.62056162666667
	Value computed using high-temperature polynomial: 53.5841554314

  gas=ct.Solution("gri30.yaml" if inert else str(base.MECH))
/home/runner/work/Electrification-Suite/Electrification-Suite/tools/openmkm_dynamic/run_rph_fixed_pulse.py:25: UserWarning: NasaPoly2::validate: 
For species CHV, discontinuity in h/RT detected at Tmid = 1000
	Value computed using low-temperature polynomial:  107.5046684
	Value computed using high-temperature polynomial: 107.34847808033332

  gas=ct.Solution("gri30.yaml" if inert else str(base.MECH))
/home/runner/work/Electrification-Suite/Electrification-Suite/tools/openmkm_dynamic/run_rph_fixed_pulse.py:34: UserWarning: NasaPoly2::validate: 
For species OHV, discontinuity in h/RT detected at Tmid = 1000
	Value computed using low-temperature polynomial:  53.62056162666667
	Value computed using high-temperature polynomial: 53.5841554314

  inlet=ct.Reservoir(gas,clone=True);exhaust=ct.Reservoir(gas,clone=True)
/home/runner/work/Electrification-Suite/Electrification-Suite/tools/openmkm_dynamic/run_rph_fixed_pulse.py:34: UserWarning: NasaPoly2::validate: 
For species CHV, discontinuity in h/RT detected at Tmid = 1000
	Value computed using low-temperature polynomial:  107.5046684
	Value computed using high-temperature polynomial: 107.34847808033332

  inlet=ct.Reservoir(gas,clone=True);exhaust=ct.Reservoir(gas,clone=True)
/home/runner/work/Electrification-Suite/Electrification-Suite/tools/openmkm_dynamic/run_rph_fixed_pulse.py:35: UserWarning: NasaPoly2::validate: 
For species OHV, discontinuity in h/RT detected at Tmid = 1000
	Value computed using low-temperature polynomial:  53.62056162666667
	Value computed using high-temperature polynomial: 53.5841554314

  r=PrescribedTemperatureReactor(gas,energy="off",volume=vol,clone=True)
/home/runner/work/Electrification-Suite/Electrification-Suite/tools/openmkm_dynamic/run_rph_fixed_pulse.py:35: UserWarning: NasaPoly2::validate: 
For species CHV, discontinuity in h/RT detected at Tmid = 1000
	Value computed using low-temperature polynomial:  107.5046684
	Value computed using high-temperature polynomial: 107.34847808033332

  r=PrescribedTemperatureReactor(gas,energy="off",volume=vol,clone=True)
Q100-hold0.5-n800 1 {'cycle': 1, 'max_species_cycle_change': None, 'state_change': None, 'elemental_residuals': {'C': 3.4634605140254564e-06, 'H': 3.4595389053991394e-06, 'O': 3.4661236939536897e-06}, 'mass_residual': 3.4646162529416575e-06, 'max_pressure_relative_error': 3.425553974012452e-05, 'max_temperature_error_K': 1.4617853594245389e-08}
Q100-hold0.5-n800 2 {'cycle': 2, 'max_species_cycle_change': 8.095284581566276e-09, 'state_change': 4.5086157030027607e-13, 'elemental_residuals': {'C': 3.461312749629765e-06, 'H': 3.4603102069941495e-06, 'O': 3.4526405988865003e-06}, 'mass_residual': 3.4566245878132452e-06, 'max_pressure_relative_error': 3.4255539731686824e-05, 'max_temperature_error_K': 9.917357601807453e-09}
Q100-hold0.5-n800 3 {'cycle': 3, 'max_species_cycle_change': 1.8354515157747997e-08, 'state_change': 7.975842208907125e-13, 'elemental_residuals': {'C': 3.461742097510311e-06, 'H': 3.4402624732678327e-06, 'O': 3.484450837866178e-06}, 'mass_residual': 3.4724000110710514e-06, 'max_pressure_relative_error': 3.425553911617918e-05, 'max_temperature_error_K': 1.0527401173021644e-08}
