/home/runner/work/Electrification-Suite/Electrification-Suite/tools/openmkm_dynamic/run_rph_fixed_pulse.py:25: UserWarning: NasaPoly2::validate: 
For species OHV, discontinuity in h/RT detected at Tmid = 1000
	Value computed using low-temperature polynomial:  53.62056162666667
	Value computed using high-temperature polynomial: 53.5841554314

  gas=ct.Solution("gri30.yaml" if inert else str(base.MECH))
/home/runner/work/Electrification-Suite/Electrification-Suite/tools/openmkm_dynamic/run_rph_fixed_pulse.py:25: UserWarning: NasaPoly2::validate: 
For species CHV, discontinuity in h/RT detected at Tmid = 1000
	Value computed using low-temperature polynomial:  107.5046684
	Value computed using high-temperature polynomial: 107.34847808033332

  gas=ct.Solution("gri30.yaml" if inert else str(base.MECH))
/home/runner/work/Electrification-Suite/Electrification-Suite/tools/openmkm_dynamic/run_rph_fixed_pulse.py:34: UserWarning: NasaPoly2::validate: 
For species OHV, discontinuity in h/RT detected at Tmid = 1000
	Value computed using low-temperature polynomial:  53.62056162666667
	Value computed using high-temperature polynomial: 53.5841554314

  inlet=ct.Reservoir(gas,clone=True);exhaust=ct.Reservoir(gas,clone=True)
/home/runner/work/Electrification-Suite/Electrification-Suite/tools/openmkm_dynamic/run_rph_fixed_pulse.py:34: UserWarning: NasaPoly2::validate: 
For species CHV, discontinuity in h/RT detected at Tmid = 1000
	Value computed using low-temperature polynomial:  107.5046684
	Value computed using high-temperature polynomial: 107.34847808033332

  inlet=ct.Reservoir(gas,clone=True);exhaust=ct.Reservoir(gas,clone=True)
/home/runner/work/Electrification-Suite/Electrification-Suite/tools/openmkm_dynamic/run_rph_fixed_pulse.py:35: UserWarning: NasaPoly2::validate: 
For species OHV, discontinuity in h/RT detected at Tmid = 1000
	Value computed using low-temperature polynomial:  53.62056162666667
	Value computed using high-temperature polynomial: 53.5841554314

  r=PrescribedTemperatureReactor(gas,energy="off",volume=vol,clone=True)
/home/runner/work/Electrification-Suite/Electrification-Suite/tools/openmkm_dynamic/run_rph_fixed_pulse.py:35: UserWarning: NasaPoly2::validate: 
For species CHV, discontinuity in h/RT detected at Tmid = 1000
	Value computed using low-temperature polynomial:  107.5046684
	Value computed using high-temperature polynomial: 107.34847808033332

  r=PrescribedTemperatureReactor(gas,energy="off",volume=vol,clone=True)
Q100-hold0.1-n800 1 {'cycle': 1, 'max_species_cycle_change': None, 'state_change': None, 'elemental_residuals': {'C': 1.9928880828658008e-05, 'H': 1.9928046362052574e-05, 'O': 1.992937592256049e-05}, 'mass_residual': 1.9929088603913803e-05, 'max_pressure_relative_error': 3.425553974012452e-05, 'max_temperature_error_K': 1.4617853594245389e-08}
Q100-hold0.1-n800 2 {'cycle': 2, 'max_species_cycle_change': 5.599188723781623e-09, 'state_change': 1.3101741913601472e-12, 'elemental_residuals': {'C': 1.9939510253138878e-05, 'H': 1.9939501438599834e-05, 'O': 1.993955470488152e-05}, 'mass_residual': 1.9939533351346503e-05, 'max_pressure_relative_error': 3.42555399774902e-05, 'max_temperature_error_K': 1.0500912139832508e-08}
Q100-hold0.1-n800 3 {'cycle': 3, 'max_species_cycle_change': 2.3828337081255313e-09, 'state_change': 1.7036186813886607e-14, 'elemental_residuals': {'C': 1.994475564887356e-05, 'H': 1.9946390358929715e-05, 'O': 1.9945235143604864e-05}, 'mass_residual': 1.9945120903105168e-05, 'max_pressure_relative_error': 3.425554034341971e-05, 'max_temperature_error_K': 1.062630872183945e-08}
