/home/runner/work/Electrification-Suite/Electrification-Suite/tools/openmkm_dynamic/run_rph_fixed_pulse.py:25: UserWarning: NasaPoly2::validate: 
For species OHV, discontinuity in h/RT detected at Tmid = 1000
	Value computed using low-temperature polynomial:  53.62056162666667
	Value computed using high-temperature polynomial: 53.5841554314

  gas=ct.Solution("gri30.yaml" if inert else str(base.MECH))
/home/runner/work/Electrification-Suite/Electrification-Suite/tools/openmkm_dynamic/run_rph_fixed_pulse.py:25: UserWarning: NasaPoly2::validate: 
For species CHV, discontinuity in h/RT detected at Tmid = 1000
	Value computed using low-temperature polynomial:  107.5046684
	Value computed using high-temperature polynomial: 107.34847808033332

  gas=ct.Solution("gri30.yaml" if inert else str(base.MECH))
/home/runner/work/Electrification-Suite/Electrification-Suite/tools/openmkm_dynamic/run_rph_fixed_pulse.py:34: UserWarning: NasaPoly2::validate: 
For species OHV, discontinuity in h/RT detected at Tmid = 1000
	Value computed using low-temperature polynomial:  53.62056162666667
	Value computed using high-temperature polynomial: 53.5841554314

  inlet=ct.Reservoir(gas,clone=True);exhaust=ct.Reservoir(gas,clone=True)
/home/runner/work/Electrification-Suite/Electrification-Suite/tools/openmkm_dynamic/run_rph_fixed_pulse.py:34: UserWarning: NasaPoly2::validate: 
For species CHV, discontinuity in h/RT detected at Tmid = 1000
	Value computed using low-temperature polynomial:  107.5046684
	Value computed using high-temperature polynomial: 107.34847808033332

  inlet=ct.Reservoir(gas,clone=True);exhaust=ct.Reservoir(gas,clone=True)
/home/runner/work/Electrification-Suite/Electrification-Suite/tools/openmkm_dynamic/run_rph_fixed_pulse.py:35: UserWarning: NasaPoly2::validate: 
For species OHV, discontinuity in h/RT detected at Tmid = 1000
	Value computed using low-temperature polynomial:  53.62056162666667
	Value computed using high-temperature polynomial: 53.5841554314

  r=PrescribedTemperatureReactor(gas,energy="off",volume=vol,clone=True)
/home/runner/work/Electrification-Suite/Electrification-Suite/tools/openmkm_dynamic/run_rph_fixed_pulse.py:35: UserWarning: NasaPoly2::validate: 
For species CHV, discontinuity in h/RT detected at Tmid = 1000
	Value computed using low-temperature polynomial:  107.5046684
	Value computed using high-temperature polynomial: 107.34847808033332

  r=PrescribedTemperatureReactor(gas,energy="off",volume=vol,clone=True)
Q200-hold0.1-n800 1 {'cycle': 1, 'max_species_cycle_change': None, 'state_change': None, 'elemental_residuals': {'C': 9.854336221982414e-06, 'H': 9.854309777146879e-06, 'O': 9.854363020631158e-06}, 'mass_residual': 9.854348724337675e-06, 'max_pressure_relative_error': 3.425553974034656e-05, 'max_temperature_error_K': 7.746507435513195e-09}
Q200-hold0.1-n800 2 {'cycle': 2, 'max_species_cycle_change': 5.763911070655325e-09, 'state_change': 4.560796185160143e-13, 'elemental_residuals': {'C': 9.843090874086502e-06, 'H': 9.84197261464285e-06, 'O': 9.842463503022211e-06}, 'mass_residual': 9.842681504121302e-06, 'max_pressure_relative_error': 3.425553973968043e-05, 'max_temperature_error_K': 5.052925189374946e-09}
Q200-hold0.1-n800 3 {'cycle': 3, 'max_species_cycle_change': 7.386434242029338e-09, 'state_change': 4.740652315149418e-13, 'elemental_residuals': {'C': 9.857575970860989e-06, 'H': 9.857511542543434e-06, 'O': 9.857502162246893e-06}, 'mass_residual': 9.857532320802647e-06, 'max_pressure_relative_error': 3.425553973213091e-05, 'max_temperature_error_K': 4.852608981309459e-09}
