/home/runner/work/Electrification-Suite/Electrification-Suite/tools/openmkm_dynamic/run_rph_fixed_pulse.py:25: UserWarning: NasaPoly2::validate: 
For species OHV, discontinuity in h/RT detected at Tmid = 1000
	Value computed using low-temperature polynomial:  53.62056162666667
	Value computed using high-temperature polynomial: 53.5841554314

  gas=ct.Solution("gri30.yaml" if inert else str(base.MECH))
/home/runner/work/Electrification-Suite/Electrification-Suite/tools/openmkm_dynamic/run_rph_fixed_pulse.py:25: UserWarning: NasaPoly2::validate: 
For species CHV, discontinuity in h/RT detected at Tmid = 1000
	Value computed using low-temperature polynomial:  107.5046684
	Value computed using high-temperature polynomial: 107.34847808033332

  gas=ct.Solution("gri30.yaml" if inert else str(base.MECH))
/home/runner/work/Electrification-Suite/Electrification-Suite/tools/openmkm_dynamic/run_rph_fixed_pulse.py:34: UserWarning: NasaPoly2::validate: 
For species OHV, discontinuity in h/RT detected at Tmid = 1000
	Value computed using low-temperature polynomial:  53.62056162666667
	Value computed using high-temperature polynomial: 53.5841554314

  inlet=ct.Reservoir(gas,clone=True);exhaust=ct.Reservoir(gas,clone=True)
/home/runner/work/Electrification-Suite/Electrification-Suite/tools/openmkm_dynamic/run_rph_fixed_pulse.py:34: UserWarning: NasaPoly2::validate: 
For species CHV, discontinuity in h/RT detected at Tmid = 1000
	Value computed using low-temperature polynomial:  107.5046684
	Value computed using high-temperature polynomial: 107.34847808033332

  inlet=ct.Reservoir(gas,clone=True);exhaust=ct.Reservoir(gas,clone=True)
/home/runner/work/Electrification-Suite/Electrification-Suite/tools/openmkm_dynamic/run_rph_fixed_pulse.py:35: UserWarning: NasaPoly2::validate: 
For species OHV, discontinuity in h/RT detected at Tmid = 1000
	Value computed using low-temperature polynomial:  53.62056162666667
	Value computed using high-temperature polynomial: 53.5841554314

  r=PrescribedTemperatureReactor(gas,energy="off",volume=vol,clone=True)
/home/runner/work/Electrification-Suite/Electrification-Suite/tools/openmkm_dynamic/run_rph_fixed_pulse.py:35: UserWarning: NasaPoly2::validate: 
For species CHV, discontinuity in h/RT detected at Tmid = 1000
	Value computed using low-temperature polynomial:  107.5046684
	Value computed using high-temperature polynomial: 107.34847808033332

  r=PrescribedTemperatureReactor(gas,energy="off",volume=vol,clone=True)
Q200-hold0.5-n800 1 {'cycle': 1, 'max_species_cycle_change': None, 'state_change': None, 'elemental_residuals': {'C': 8.548655127967645e-07, 'H': 8.566641036785775e-07, 'O': 8.545453149868272e-07}, 'mass_residual': 8.548156566440905e-07, 'max_pressure_relative_error': 3.425553974034656e-05, 'max_temperature_error_K': 7.746507435513195e-09}
Q200-hold0.5-n800 2 {'cycle': 2, 'max_species_cycle_change': 2.737196191926472e-09, 'state_change': 3.773648060700907e-13, 'elemental_residuals': {'C': 8.605978543105987e-07, 'H': 8.609448347910845e-07, 'O': 8.602256958362412e-07}, 'mass_residual': 8.604228558327409e-07, 'max_pressure_relative_error': 3.4255539730798645e-05, 'max_temperature_error_K': 5.234369382378645e-09}
Q200-hold0.5-n800 3 {'cycle': 3, 'max_species_cycle_change': 1.3081562166838978e-08, 'state_change': 1.2567724638756772e-13, 'elemental_residuals': {'C': 8.387542096093042e-07, 'H': 8.276813000988897e-07, 'O': 8.4423149490806e-07}, 'mass_residual': 8.409292599280288e-07, 'max_pressure_relative_error': 3.425553973879225e-05, 'max_temperature_error_K': 5.443553163786419e-09}
