/home/runner/work/Electrification-Suite/Electrification-Suite/tools/openmkm_dynamic/run_rph_fixed_pulse.py:25: UserWarning: NasaPoly2::validate: 
For species OHV, discontinuity in h/RT detected at Tmid = 1000
	Value computed using low-temperature polynomial:  53.62056162666667
	Value computed using high-temperature polynomial: 53.5841554314

  gas=ct.Solution("gri30.yaml" if inert else str(base.MECH))
/home/runner/work/Electrification-Suite/Electrification-Suite/tools/openmkm_dynamic/run_rph_fixed_pulse.py:25: UserWarning: NasaPoly2::validate: 
For species CHV, discontinuity in h/RT detected at Tmid = 1000
	Value computed using low-temperature polynomial:  107.5046684
	Value computed using high-temperature polynomial: 107.34847808033332

  gas=ct.Solution("gri30.yaml" if inert else str(base.MECH))
/home/runner/work/Electrification-Suite/Electrification-Suite/tools/openmkm_dynamic/run_rph_fixed_pulse.py:34: UserWarning: NasaPoly2::validate: 
For species OHV, discontinuity in h/RT detected at Tmid = 1000
	Value computed using low-temperature polynomial:  53.62056162666667
	Value computed using high-temperature polynomial: 53.5841554314

  inlet=ct.Reservoir(gas,clone=True);exhaust=ct.Reservoir(gas,clone=True)
/home/runner/work/Electrification-Suite/Electrification-Suite/tools/openmkm_dynamic/run_rph_fixed_pulse.py:34: UserWarning: NasaPoly2::validate: 
For species CHV, discontinuity in h/RT detected at Tmid = 1000
	Value computed using low-temperature polynomial:  107.5046684
	Value computed using high-temperature polynomial: 107.34847808033332

  inlet=ct.Reservoir(gas,clone=True);exhaust=ct.Reservoir(gas,clone=True)
/home/runner/work/Electrification-Suite/Electrification-Suite/tools/openmkm_dynamic/run_rph_fixed_pulse.py:35: UserWarning: NasaPoly2::validate: 
For species OHV, discontinuity in h/RT detected at Tmid = 1000
	Value computed using low-temperature polynomial:  53.62056162666667
	Value computed using high-temperature polynomial: 53.5841554314

  r=PrescribedTemperatureReactor(gas,energy="off",volume=vol,clone=True)
/home/runner/work/Electrification-Suite/Electrification-Suite/tools/openmkm_dynamic/run_rph_fixed_pulse.py:35: UserWarning: NasaPoly2::validate: 
For species CHV, discontinuity in h/RT detected at Tmid = 1000
	Value computed using low-temperature polynomial:  107.5046684
	Value computed using high-temperature polynomial: 107.34847808033332

  r=PrescribedTemperatureReactor(gas,energy="off",volume=vol,clone=True)
Q400-hold0.5-n800 1 {'cycle': 1, 'max_species_cycle_change': None, 'state_change': None, 'elemental_residuals': {'C': -3.9215891389007366e-08, 'H': -5.5646329327559946e-08, 'O': -3.665312465103429e-08}, 'mass_residual': -3.895351501601676e-08, 'max_pressure_relative_error': 3.425553974034656e-05, 'max_temperature_error_K': 2.630713424878195e-10}
Q400-hold0.5-n800 2 {'cycle': 2, 'max_species_cycle_change': 9.46581762972798e-09, 'state_change': 4.940492459581947e-13, 'elemental_residuals': {'C': -4.0281697599712405e-08, 'H': -3.5900370112069675e-08, 'O': -4.2145512453009534e-08}, 'mass_residual': -4.098062905792219e-08, 'max_pressure_relative_error': 3.4255540162897447e-05, 'max_temperature_error_K': 5.513811629498377e-10}
Q400-hold0.5-n800 3 {'cycle': 3, 'max_species_cycle_change': 5.006058068079966e-09, 'state_change': 2.428390821762605e-12, 'elemental_residuals': {'C': -4.5244350067120066e-08, 'H': -4.614149957032669e-08, 'O': -4.587497300115175e-08}, 'mass_residual': -4.564059905003041e-08, 'max_pressure_relative_error': 3.425553982938645e-05, 'max_temperature_error_K': 2.2421318135457113e-09}
