/home/runner/work/Electrification-Suite/Electrification-Suite/tools/openmkm_dynamic/run_rph_fixed_pulse.py:25: UserWarning: NasaPoly2::validate: 
For species OHV, discontinuity in h/RT detected at Tmid = 1000
	Value computed using low-temperature polynomial:  53.62056162666667
	Value computed using high-temperature polynomial: 53.5841554314

  gas=ct.Solution("gri30.yaml" if inert else str(base.MECH))
/home/runner/work/Electrification-Suite/Electrification-Suite/tools/openmkm_dynamic/run_rph_fixed_pulse.py:25: UserWarning: NasaPoly2::validate: 
For species CHV, discontinuity in h/RT detected at Tmid = 1000
	Value computed using low-temperature polynomial:  107.5046684
	Value computed using high-temperature polynomial: 107.34847808033332

  gas=ct.Solution("gri30.yaml" if inert else str(base.MECH))
/home/runner/work/Electrification-Suite/Electrification-Suite/tools/openmkm_dynamic/run_rph_fixed_pulse.py:34: UserWarning: NasaPoly2::validate: 
For species OHV, discontinuity in h/RT detected at Tmid = 1000
	Value computed using low-temperature polynomial:  53.62056162666667
	Value computed using high-temperature polynomial: 53.5841554314

  inlet=ct.Reservoir(gas,clone=True);exhaust=ct.Reservoir(gas,clone=True)
/home/runner/work/Electrification-Suite/Electrification-Suite/tools/openmkm_dynamic/run_rph_fixed_pulse.py:34: UserWarning: NasaPoly2::validate: 
For species CHV, discontinuity in h/RT detected at Tmid = 1000
	Value computed using low-temperature polynomial:  107.5046684
	Value computed using high-temperature polynomial: 107.34847808033332

  inlet=ct.Reservoir(gas,clone=True);exhaust=ct.Reservoir(gas,clone=True)
/home/runner/work/Electrification-Suite/Electrification-Suite/tools/openmkm_dynamic/run_rph_fixed_pulse.py:35: UserWarning: NasaPoly2::validate: 
For species OHV, discontinuity in h/RT detected at Tmid = 1000
	Value computed using low-temperature polynomial:  53.62056162666667
	Value computed using high-temperature polynomial: 53.5841554314

  r=PrescribedTemperatureReactor(gas,energy="off",volume=vol,clone=True)
/home/runner/work/Electrification-Suite/Electrification-Suite/tools/openmkm_dynamic/run_rph_fixed_pulse.py:35: UserWarning: NasaPoly2::validate: 
For species CHV, discontinuity in h/RT detected at Tmid = 1000
	Value computed using low-temperature polynomial:  107.5046684
	Value computed using high-temperature polynomial: 107.34847808033332

  r=PrescribedTemperatureReactor(gas,energy="off",volume=vol,clone=True)
Q50-hold0.1-n800 1 {'cycle': 1, 'max_species_cycle_change': None, 'state_change': None, 'elemental_residuals': {'C': 4.0169510237330456e-05, 'H': 4.016954028188192e-05, 'O': 4.016951523124741e-05}, 'mass_residual': 4.0169514910322294e-05, 'max_pressure_relative_error': 3.425553974056861e-05, 'max_temperature_error_K': 8.741835699765943e-09}
Q50-hold0.1-n800 2 {'cycle': 2, 'max_species_cycle_change': 2.908751811636634e-08, 'state_change': 7.625011733125575e-13, 'elemental_residuals': {'C': 4.022743480402328e-05, 'H': 4.022750822685741e-05, 'O': 4.022737221061105e-05}, 'mass_residual': 4.022740638122383e-05, 'max_pressure_relative_error': 3.4255539733241136e-05, 'max_temperature_error_K': 9.183168003801256e-09}
Q50-hold0.1-n800 3 {'cycle': 3, 'max_species_cycle_change': 4.957794175197705e-10, 'state_change': 1.9537704787353505e-12, 'elemental_residuals': {'C': 4.022654854442378e-05, 'H': 4.0226560035147154e-05, 'O': 4.022654575329733e-05}, 'mass_residual': 4.022654783389001e-05, 'max_pressure_relative_error': 3.4255539741456786e-05, 'max_temperature_error_K': 1.045816588884918e-08}
