/home/runner/work/Electrification-Suite/Electrification-Suite/tools/openmkm_dynamic/run_rph_fixed_pulse.py:25: UserWarning: NasaPoly2::validate: 
For species OHV, discontinuity in h/RT detected at Tmid = 1000
	Value computed using low-temperature polynomial:  53.62056162666667
	Value computed using high-temperature polynomial: 53.5841554314

  gas=ct.Solution("gri30.yaml" if inert else str(base.MECH))
/home/runner/work/Electrification-Suite/Electrification-Suite/tools/openmkm_dynamic/run_rph_fixed_pulse.py:25: UserWarning: NasaPoly2::validate: 
For species CHV, discontinuity in h/RT detected at Tmid = 1000
	Value computed using low-temperature polynomial:  107.5046684
	Value computed using high-temperature polynomial: 107.34847808033332

  gas=ct.Solution("gri30.yaml" if inert else str(base.MECH))
/home/runner/work/Electrification-Suite/Electrification-Suite/tools/openmkm_dynamic/run_rph_fixed_pulse.py:34: UserWarning: NasaPoly2::validate: 
For species OHV, discontinuity in h/RT detected at Tmid = 1000
	Value computed using low-temperature polynomial:  53.62056162666667
	Value computed using high-temperature polynomial: 53.5841554314

  inlet=ct.Reservoir(gas,clone=True);exhaust=ct.Reservoir(gas,clone=True)
/home/runner/work/Electrification-Suite/Electrification-Suite/tools/openmkm_dynamic/run_rph_fixed_pulse.py:34: UserWarning: NasaPoly2::validate: 
For species CHV, discontinuity in h/RT detected at Tmid = 1000
	Value computed using low-temperature polynomial:  107.5046684
	Value computed using high-temperature polynomial: 107.34847808033332

  inlet=ct.Reservoir(gas,clone=True);exhaust=ct.Reservoir(gas,clone=True)
/home/runner/work/Electrification-Suite/Electrification-Suite/tools/openmkm_dynamic/run_rph_fixed_pulse.py:35: UserWarning: NasaPoly2::validate: 
For species OHV, discontinuity in h/RT detected at Tmid = 1000
	Value computed using low-temperature polynomial:  53.62056162666667
	Value computed using high-temperature polynomial: 53.5841554314

  r=PrescribedTemperatureReactor(gas,energy="off",volume=vol,clone=True)
/home/runner/work/Electrification-Suite/Electrification-Suite/tools/openmkm_dynamic/run_rph_fixed_pulse.py:35: UserWarning: NasaPoly2::validate: 
For species CHV, discontinuity in h/RT detected at Tmid = 1000
	Value computed using low-temperature polynomial:  107.5046684
	Value computed using high-temperature polynomial: 107.34847808033332

  r=PrescribedTemperatureReactor(gas,energy="off",volume=vol,clone=True)
T1400-h0.8-Q12.5-n800 1 {'cycle': 1, 'max_species_cycle_change': None, 'state_change': None, 'elemental_residuals': {'C': -5.5246284729284745e-05, 'H': -5.5246131734862554e-05, 'O': -5.524619879662929e-05}, 'mass_residual': -5.5246228669499615e-05, 'max_pressure_relative_error': 2.4138506056869957e-05, 'max_temperature_error_K': 2.947717803181149e-08}
T1400-h0.8-Q12.5-n800 2 {'cycle': 2, 'max_species_cycle_change': 9.390948707554969e-08, 'state_change': 7.532863222081687e-13, 'elemental_residuals': {'C': -5.5074294517121664e-05, 'H': -5.507432707699296e-05, 'O': -5.5074373050313386e-05}, 'mass_residual': -5.507433854401395e-05, 'max_pressure_relative_error': 2.4138545380303356e-05, 'max_temperature_error_K': 2.9544935387093574e-08}
T1400-h0.8-Q12.5-n800 3 {'cycle': 3, 'max_species_cycle_change': 1.4732544961759686e-07, 'state_change': 3.7547742692822794e-13, 'elemental_residuals': {'C': -5.477987828292567e-05, 'H': -5.4779876401611695e-05, 'O': -5.4779840335859815e-05}, 'mass_residual': -5.477985793785052e-05, 'max_pressure_relative_error': 2.4138497207948362e-05, 'max_temperature_error_K': 2.954959654744016e-08}
T1400-h0.8-Q12.5-n800 4 {'cycle': 4, 'max_species_cycle_change': 4.922937640872149e-08, 'state_change': 7.109868249699502e-13, 'elemental_residuals': {'C': -5.4878372362305844e-05, 'H': -5.487818459867746e-05, 'O': -5.487833536235356e-05}, 'mass_residual': -5.487834003895301e-05, 'max_pressure_relative_error': 2.413849722082695e-05, 'max_temperature_error_K': 2.9899638320785016e-08}
T1400-h0.8-Q12.5-n800 5 {'cycle': 5, 'max_species_cycle_change': 1.0909205949705125e-07, 'state_change': 7.783773625646973e-13, 'elemental_residuals': {'C': -5.509646029403836e-05, 'H': -5.509646146898016e-05, 'O': -5.509641226309053e-05}, 'mass_residual': -5.509643477734097e-05, 'max_pressure_relative_error': 2.4138497209946763e-05, 'max_temperature_error_K': 3.003219717356842e-08}
T1400-h0.8-Q12.5-n800 6 {'cycle': 6, 'max_species_cycle_change': 5.995649743351095e-08, 'state_change': 9.932610289808963e-13, 'elemental_residuals': {'C': -5.497664508708464e-05, 'H': -5.497663507345023e-05, 'O': -5.4976651007614695e-05}, 'mass_residual': -5.4976647568625306e-05, 'max_pressure_relative_error': 2.413849721083494e-05, 'max_temperature_error_K': 2.9649982025148347e-08}
T1400-h0.8-Q12.5-n800 7 {'cycle': 7, 'max_species_cycle_change': 5.273385311754808e-08, 'state_change': 2.594591208548991e-12, 'elemental_residuals': {'C': -5.487123115700645e-05, 'H': -5.487128409821632e-05, 'O': -5.4871180627573056e-05}, 'mass_residual': -5.487120778795082e-05, 'max_pressure_relative_error': 2.413849722371353e-05, 'max_temperature_error_K': 2.9464217732311226e-08}
