/home/runner/work/Electrification-Suite/Electrification-Suite/tools/openmkm_dynamic/run_rph_fixed_pulse.py:25: UserWarning: NasaPoly2::validate: 
For species OHV, discontinuity in h/RT detected at Tmid = 1000
	Value computed using low-temperature polynomial:  53.62056162666667
	Value computed using high-temperature polynomial: 53.5841554314

  gas=ct.Solution("gri30.yaml" if inert else str(base.MECH))
/home/runner/work/Electrification-Suite/Electrification-Suite/tools/openmkm_dynamic/run_rph_fixed_pulse.py:25: UserWarning: NasaPoly2::validate: 
For species CHV, discontinuity in h/RT detected at Tmid = 1000
	Value computed using low-temperature polynomial:  107.5046684
	Value computed using high-temperature polynomial: 107.34847808033332

  gas=ct.Solution("gri30.yaml" if inert else str(base.MECH))
/home/runner/work/Electrification-Suite/Electrification-Suite/tools/openmkm_dynamic/run_rph_fixed_pulse.py:34: UserWarning: NasaPoly2::validate: 
For species OHV, discontinuity in h/RT detected at Tmid = 1000
	Value computed using low-temperature polynomial:  53.62056162666667
	Value computed using high-temperature polynomial: 53.5841554314

  inlet=ct.Reservoir(gas,clone=True);exhaust=ct.Reservoir(gas,clone=True)
/home/runner/work/Electrification-Suite/Electrification-Suite/tools/openmkm_dynamic/run_rph_fixed_pulse.py:34: UserWarning: NasaPoly2::validate: 
For species CHV, discontinuity in h/RT detected at Tmid = 1000
	Value computed using low-temperature polynomial:  107.5046684
	Value computed using high-temperature polynomial: 107.34847808033332

  inlet=ct.Reservoir(gas,clone=True);exhaust=ct.Reservoir(gas,clone=True)
/home/runner/work/Electrification-Suite/Electrification-Suite/tools/openmkm_dynamic/run_rph_fixed_pulse.py:35: UserWarning: NasaPoly2::validate: 
For species OHV, discontinuity in h/RT detected at Tmid = 1000
	Value computed using low-temperature polynomial:  53.62056162666667
	Value computed using high-temperature polynomial: 53.5841554314

  r=PrescribedTemperatureReactor(gas,energy="off",volume=vol,clone=True)
/home/runner/work/Electrification-Suite/Electrification-Suite/tools/openmkm_dynamic/run_rph_fixed_pulse.py:35: UserWarning: NasaPoly2::validate: 
For species CHV, discontinuity in h/RT detected at Tmid = 1000
	Value computed using low-temperature polynomial:  107.5046684
	Value computed using high-temperature polynomial: 107.34847808033332

  r=PrescribedTemperatureReactor(gas,energy="off",volume=vol,clone=True)
T1600-h0.8-Q25-n800 1 {'cycle': 1, 'max_species_cycle_change': None, 'state_change': None, 'elemental_residuals': {'C': -3.9276623751595576e-05, 'H': -3.927748651800153e-05, 'O': -3.9275662079427584e-05}, 'mass_residual': -3.927616926167452e-05, 'max_pressure_relative_error': 2.920041749177038e-05, 'max_temperature_error_K': 1.0083840606966987e-06}
T1600-h0.8-Q25-n800 2 {'cycle': 2, 'max_species_cycle_change': 3.1134662903387067e-09, 'state_change': 6.916689443414725e-13, 'elemental_residuals': {'C': -3.9270721975897234e-05, 'H': -3.9270470567344424e-05, 'O': -3.927049574665413e-05}, 'mass_residual': -3.9270584546987124e-05, 'max_pressure_relative_error': 2.9200564776399318e-05, 'max_temperature_error_K': 9.795253390620928e-07}
T1600-h0.8-Q25-n800 3 {'cycle': 3, 'max_species_cycle_change': 3.227368733371705e-08, 'state_change': 2.767341911180665e-12, 'elemental_residuals': {'C': -3.932524504569238e-05, 'H': -3.934401987049336e-05, 'O': -3.931913115453919e-05}, 'mass_residual': -3.9323247907002824e-05, 'max_pressure_relative_error': 2.920016374674539e-05, 'max_temperature_error_K': 9.816067176871002e-07}
