/home/runner/work/Electrification-Suite/Electrification-Suite/tools/openmkm_dynamic/run_rph_fixed_pulse.py:25: UserWarning: NasaPoly2::validate: 
For species OHV, discontinuity in h/RT detected at Tmid = 1000
	Value computed using low-temperature polynomial:  53.62056162666667
	Value computed using high-temperature polynomial: 53.5841554314

  gas=ct.Solution("gri30.yaml" if inert else str(base.MECH))
/home/runner/work/Electrification-Suite/Electrification-Suite/tools/openmkm_dynamic/run_rph_fixed_pulse.py:25: UserWarning: NasaPoly2::validate: 
For species CHV, discontinuity in h/RT detected at Tmid = 1000
	Value computed using low-temperature polynomial:  107.5046684
	Value computed using high-temperature polynomial: 107.34847808033332

  gas=ct.Solution("gri30.yaml" if inert else str(base.MECH))
/home/runner/work/Electrification-Suite/Electrification-Suite/tools/openmkm_dynamic/run_rph_fixed_pulse.py:34: UserWarning: NasaPoly2::validate: 
For species OHV, discontinuity in h/RT detected at Tmid = 1000
	Value computed using low-temperature polynomial:  53.62056162666667
	Value computed using high-temperature polynomial: 53.5841554314

  inlet=ct.Reservoir(gas,clone=True);exhaust=ct.Reservoir(gas,clone=True)
/home/runner/work/Electrification-Suite/Electrification-Suite/tools/openmkm_dynamic/run_rph_fixed_pulse.py:34: UserWarning: NasaPoly2::validate: 
For species CHV, discontinuity in h/RT detected at Tmid = 1000
	Value computed using low-temperature polynomial:  107.5046684
	Value computed using high-temperature polynomial: 107.34847808033332

  inlet=ct.Reservoir(gas,clone=True);exhaust=ct.Reservoir(gas,clone=True)
/home/runner/work/Electrification-Suite/Electrification-Suite/tools/openmkm_dynamic/run_rph_fixed_pulse.py:35: UserWarning: NasaPoly2::validate: 
For species OHV, discontinuity in h/RT detected at Tmid = 1000
	Value computed using low-temperature polynomial:  53.62056162666667
	Value computed using high-temperature polynomial: 53.5841554314

  r=PrescribedTemperatureReactor(gas,energy="off",volume=vol,clone=True)
/home/runner/work/Electrification-Suite/Electrification-Suite/tools/openmkm_dynamic/run_rph_fixed_pulse.py:35: UserWarning: NasaPoly2::validate: 
For species CHV, discontinuity in h/RT detected at Tmid = 1000
	Value computed using low-temperature polynomial:  107.5046684
	Value computed using high-temperature polynomial: 107.34847808033332

  r=PrescribedTemperatureReactor(gas,energy="off",volume=vol,clone=True)
T1600-h0.8-Q25-n400 1 {'cycle': 1, 'max_species_cycle_change': None, 'state_change': None, 'elemental_residuals': {'C': -0.00010988387728203717, 'H': -0.00010988526439737999, 'O': -0.00010988369871274007}, 'mass_residual': -0.00010988387526491624, 'max_pressure_relative_error': 2.9084335047890875e-05, 'max_temperature_error_K': 3.5510129237081856e-07}
T1600-h0.8-Q25-n400 2 {'cycle': 2, 'max_species_cycle_change': 1.5509739881292006e-08, 'state_change': 3.43836070726411e-13, 'elemental_residuals': {'C': -0.0001098507939709035, 'H': -0.00010984942330674442, 'O': -0.00010984958472120087}, 'mass_residual': -0.00010985005760754643, 'max_pressure_relative_error': 2.908432827775087e-05, 'max_temperature_error_K': 3.4517256608523894e-07}
T1600-h0.8-Q25-n400 3 {'cycle': 3, 'max_species_cycle_change': 5.518549089922331e-08, 'state_change': 3.5866865033540307e-12, 'elemental_residuals': {'C': -0.00010996295108639795, 'H': -0.00010998254629352767, 'O': -0.0001099529619021061}, 'mass_residual': -0.0001099589441238257, 'max_pressure_relative_error': 2.9084335072537826e-05, 'max_temperature_error_K': 3.4520257941039745e-07}
