/home/runner/work/Electrification-Suite/Electrification-Suite/tools/openmkm_dynamic/run_rph_fixed_pulse.py:25: UserWarning: NasaPoly2::validate: 
For species OHV, discontinuity in h/RT detected at Tmid = 1000
	Value computed using low-temperature polynomial:  53.62056162666667
	Value computed using high-temperature polynomial: 53.5841554314

  gas=ct.Solution("gri30.yaml" if inert else str(base.MECH))
/home/runner/work/Electrification-Suite/Electrification-Suite/tools/openmkm_dynamic/run_rph_fixed_pulse.py:25: UserWarning: NasaPoly2::validate: 
For species CHV, discontinuity in h/RT detected at Tmid = 1000
	Value computed using low-temperature polynomial:  107.5046684
	Value computed using high-temperature polynomial: 107.34847808033332

  gas=ct.Solution("gri30.yaml" if inert else str(base.MECH))
/home/runner/work/Electrification-Suite/Electrification-Suite/tools/openmkm_dynamic/run_rph_fixed_pulse.py:34: UserWarning: NasaPoly2::validate: 
For species OHV, discontinuity in h/RT detected at Tmid = 1000
	Value computed using low-temperature polynomial:  53.62056162666667
	Value computed using high-temperature polynomial: 53.5841554314

  inlet=ct.Reservoir(gas,clone=True);exhaust=ct.Reservoir(gas,clone=True)
/home/runner/work/Electrification-Suite/Electrification-Suite/tools/openmkm_dynamic/run_rph_fixed_pulse.py:34: UserWarning: NasaPoly2::validate: 
For species CHV, discontinuity in h/RT detected at Tmid = 1000
	Value computed using low-temperature polynomial:  107.5046684
	Value computed using high-temperature polynomial: 107.34847808033332

  inlet=ct.Reservoir(gas,clone=True);exhaust=ct.Reservoir(gas,clone=True)
/home/runner/work/Electrification-Suite/Electrification-Suite/tools/openmkm_dynamic/run_rph_fixed_pulse.py:35: UserWarning: NasaPoly2::validate: 
For species OHV, discontinuity in h/RT detected at Tmid = 1000
	Value computed using low-temperature polynomial:  53.62056162666667
	Value computed using high-temperature polynomial: 53.5841554314

  r=PrescribedTemperatureReactor(gas,energy="off",volume=vol,clone=True)
/home/runner/work/Electrification-Suite/Electrification-Suite/tools/openmkm_dynamic/run_rph_fixed_pulse.py:35: UserWarning: NasaPoly2::validate: 
For species CHV, discontinuity in h/RT detected at Tmid = 1000
	Value computed using low-temperature polynomial:  107.5046684
	Value computed using high-temperature polynomial: 107.34847808033332

  r=PrescribedTemperatureReactor(gas,energy="off",volume=vol,clone=True)
T1800-h0.5-Q50-n800 1 {'cycle': 1, 'max_species_cycle_change': None, 'state_change': None, 'elemental_residuals': {'C': 9.640699092717642e-06, 'H': 9.636533912348237e-06, 'O': 9.63967179740159e-06}, 'mass_residual': 9.639872058600286e-06, 'max_pressure_relative_error': 3.425553974056861e-05, 'max_temperature_error_K': 8.741835699765943e-09}
T1800-h0.5-Q50-n800 2 {'cycle': 2, 'max_species_cycle_change': 3.906751522286811e-08, 'state_change': 7.30526750203353e-14, 'elemental_residuals': {'C': 9.721777132252573e-06, 'H': 9.711393388716656e-06, 'O': 9.72370639174849e-06}, 'mass_residual': 9.722107936874974e-06, 'max_pressure_relative_error': 3.4255539744343366e-05, 'max_temperature_error_K': 8.85347617440857e-09}
T1800-h0.5-Q50-n800 3 {'cycle': 3, 'max_species_cycle_change': 3.895569600231852e-08, 'state_change': 2.1331825195147758e-12, 'elemental_residuals': {'C': 9.643232946635787e-06, 'H': 9.64294456354802e-06, 'O': 9.64333457398801e-06}, 'mass_residual': 9.643267731675667e-06, 'max_pressure_relative_error': 3.4255539247629585e-05, 'max_temperature_error_K': 8.871666068444028e-09}
