/home/runner/work/Electrification-Suite/Electrification-Suite/tools/openmkm_dynamic/run_rph_fixed_pulse.py:25: UserWarning: NasaPoly2::validate: 
For species OHV, discontinuity in h/RT detected at Tmid = 1000
	Value computed using low-temperature polynomial:  53.62056162666667
	Value computed using high-temperature polynomial: 53.5841554314

  gas=ct.Solution("gri30.yaml" if inert else str(base.MECH))
/home/runner/work/Electrification-Suite/Electrification-Suite/tools/openmkm_dynamic/run_rph_fixed_pulse.py:25: UserWarning: NasaPoly2::validate: 
For species CHV, discontinuity in h/RT detected at Tmid = 1000
	Value computed using low-temperature polynomial:  107.5046684
	Value computed using high-temperature polynomial: 107.34847808033332

  gas=ct.Solution("gri30.yaml" if inert else str(base.MECH))
/home/runner/work/Electrification-Suite/Electrification-Suite/tools/openmkm_dynamic/run_rph_fixed_pulse.py:34: UserWarning: NasaPoly2::validate: 
For species OHV, discontinuity in h/RT detected at Tmid = 1000
	Value computed using low-temperature polynomial:  53.62056162666667
	Value computed using high-temperature polynomial: 53.5841554314

  inlet=ct.Reservoir(gas,clone=True);exhaust=ct.Reservoir(gas,clone=True)
/home/runner/work/Electrification-Suite/Electrification-Suite/tools/openmkm_dynamic/run_rph_fixed_pulse.py:34: UserWarning: NasaPoly2::validate: 
For species CHV, discontinuity in h/RT detected at Tmid = 1000
	Value computed using low-temperature polynomial:  107.5046684
	Value computed using high-temperature polynomial: 107.34847808033332

  inlet=ct.Reservoir(gas,clone=True);exhaust=ct.Reservoir(gas,clone=True)
/home/runner/work/Electrification-Suite/Electrification-Suite/tools/openmkm_dynamic/run_rph_fixed_pulse.py:35: UserWarning: NasaPoly2::validate: 
For species OHV, discontinuity in h/RT detected at Tmid = 1000
	Value computed using low-temperature polynomial:  53.62056162666667
	Value computed using high-temperature polynomial: 53.5841554314

  r=PrescribedTemperatureReactor(gas,energy="off",volume=vol,clone=True)
/home/runner/work/Electrification-Suite/Electrification-Suite/tools/openmkm_dynamic/run_rph_fixed_pulse.py:35: UserWarning: NasaPoly2::validate: 
For species CHV, discontinuity in h/RT detected at Tmid = 1000
	Value computed using low-temperature polynomial:  107.5046684
	Value computed using high-temperature polynomial: 107.34847808033332

  r=PrescribedTemperatureReactor(gas,energy="off",volume=vol,clone=True)
T1800-h0.8-Q200-n400 1 {'cycle': 1, 'max_species_cycle_change': None, 'state_change': None, 'elemental_residuals': {'C': -1.36810055360962e-05, 'H': -1.3682260623829039e-05, 'O': -1.368000532154441e-05}, 'mass_residual': -1.3680556855728491e-05, 'max_pressure_relative_error': 3.409614760330193e-05, 'max_temperature_error_K': 3.23325366480276e-09}
T1800-h0.8-Q200-n400 2 {'cycle': 2, 'max_species_cycle_change': 2.0239250719811253e-08, 'state_change': 5.758726828730687e-13, 'elemental_residuals': {'C': -1.3722018321474436e-05, 'H': -1.3721753667375481e-05, 'O': -1.3722313158202801e-05}, 'mass_residual': -1.3722157642100945e-05, 'max_pressure_relative_error': 3.409614760618851e-05, 'max_temperature_error_K': 2.994511305587366e-10}
T1800-h0.8-Q200-n400 3 {'cycle': 3, 'max_species_cycle_change': 5.9183239697890855e-09, 'state_change': 4.4519943287468777e-13, 'elemental_residuals': {'C': -1.3710402066012106e-05, 'H': -1.3707790776460661e-05, 'O': -1.371139367014366e-05}, 'mass_residual': -1.3710755100558618e-05, 'max_pressure_relative_error': 3.409614787175386e-05, 'max_temperature_error_K': 1.0325038601877168e-09}
