/home/runner/work/Electrification-Suite/Electrification-Suite/tools/openmkm_dynamic/run_rph_fixed_pulse.py:25: UserWarning: NasaPoly2::validate: 
For species OHV, discontinuity in h/RT detected at Tmid = 1000
	Value computed using low-temperature polynomial:  53.62056162666667
	Value computed using high-temperature polynomial: 53.5841554314

  gas=ct.Solution("gri30.yaml" if inert else str(base.MECH))
/home/runner/work/Electrification-Suite/Electrification-Suite/tools/openmkm_dynamic/run_rph_fixed_pulse.py:25: UserWarning: NasaPoly2::validate: 
For species CHV, discontinuity in h/RT detected at Tmid = 1000
	Value computed using low-temperature polynomial:  107.5046684
	Value computed using high-temperature polynomial: 107.34847808033332

  gas=ct.Solution("gri30.yaml" if inert else str(base.MECH))
/home/runner/work/Electrification-Suite/Electrification-Suite/tools/openmkm_dynamic/run_rph_fixed_pulse.py:34: UserWarning: NasaPoly2::validate: 
For species OHV, discontinuity in h/RT detected at Tmid = 1000
	Value computed using low-temperature polynomial:  53.62056162666667
	Value computed using high-temperature polynomial: 53.5841554314

  inlet=ct.Reservoir(gas,clone=True);exhaust=ct.Reservoir(gas,clone=True)
/home/runner/work/Electrification-Suite/Electrification-Suite/tools/openmkm_dynamic/run_rph_fixed_pulse.py:34: UserWarning: NasaPoly2::validate: 
For species CHV, discontinuity in h/RT detected at Tmid = 1000
	Value computed using low-temperature polynomial:  107.5046684
	Value computed using high-temperature polynomial: 107.34847808033332

  inlet=ct.Reservoir(gas,clone=True);exhaust=ct.Reservoir(gas,clone=True)
/home/runner/work/Electrification-Suite/Electrification-Suite/tools/openmkm_dynamic/run_rph_fixed_pulse.py:35: UserWarning: NasaPoly2::validate: 
For species OHV, discontinuity in h/RT detected at Tmid = 1000
	Value computed using low-temperature polynomial:  53.62056162666667
	Value computed using high-temperature polynomial: 53.5841554314

  r=PrescribedTemperatureReactor(gas,energy="off",volume=vol,clone=True)
/home/runner/work/Electrification-Suite/Electrification-Suite/tools/openmkm_dynamic/run_rph_fixed_pulse.py:35: UserWarning: NasaPoly2::validate: 
For species CHV, discontinuity in h/RT detected at Tmid = 1000
	Value computed using low-temperature polynomial:  107.5046684
	Value computed using high-temperature polynomial: 107.34847808033332

  r=PrescribedTemperatureReactor(gas,energy="off",volume=vol,clone=True)
T1800-h0.3-Q25-n800 1 {'cycle': 1, 'max_species_cycle_change': None, 'state_change': None, 'elemental_residuals': {'C': 5.282440040244176e-05, 'H': 5.282378710379776e-05, 'O': 5.282466449645695e-05}, 'mass_residual': 5.282449994353639e-05, 'max_pressure_relative_error': 3.425553974079065e-05, 'max_temperature_error_K': 7.599737728014588e-09}
T1800-h0.3-Q25-n800 2 {'cycle': 2, 'max_species_cycle_change': 1.0359166413564935e-08, 'state_change': 2.319255898441952e-12, 'elemental_residuals': {'C': 5.284580465877526e-05, 'H': 5.284566498111136e-05, 'O': 5.2845863901890156e-05}, 'mass_residual': 5.2845826848659304e-05, 'max_pressure_relative_error': 3.425553978586571e-05, 'max_temperature_error_K': 8.615415936219506e-09}
T1800-h0.3-Q25-n800 3 {'cycle': 3, 'max_species_cycle_change': 3.783982316374335e-08, 'state_change': 1.4879208976026348e-12, 'elemental_residuals': {'C': 5.276959835549062e-05, 'H': 5.2769613060218126e-05, 'O': 5.2769535762842e-05}, 'mass_residual': 5.276956599235052e-05, 'max_pressure_relative_error': 3.425553973235296e-05, 'max_temperature_error_K': 8.672486728755757e-09}
