/home/runner/work/Electrification-Suite/Electrification-Suite/tools/openmkm_dynamic/run_rph_fixed_pulse.py:25: UserWarning: NasaPoly2::validate: 
For species OHV, discontinuity in h/RT detected at Tmid = 1000
	Value computed using low-temperature polynomial:  53.62056162666667
	Value computed using high-temperature polynomial: 53.5841554314

  gas=ct.Solution("gri30.yaml" if inert else str(base.MECH))
/home/runner/work/Electrification-Suite/Electrification-Suite/tools/openmkm_dynamic/run_rph_fixed_pulse.py:25: UserWarning: NasaPoly2::validate: 
For species CHV, discontinuity in h/RT detected at Tmid = 1000
	Value computed using low-temperature polynomial:  107.5046684
	Value computed using high-temperature polynomial: 107.34847808033332

  gas=ct.Solution("gri30.yaml" if inert else str(base.MECH))
/home/runner/work/Electrification-Suite/Electrification-Suite/tools/openmkm_dynamic/run_rph_fixed_pulse.py:34: UserWarning: NasaPoly2::validate: 
For species OHV, discontinuity in h/RT detected at Tmid = 1000
	Value computed using low-temperature polynomial:  53.62056162666667
	Value computed using high-temperature polynomial: 53.5841554314

  inlet=ct.Reservoir(gas,clone=True);exhaust=ct.Reservoir(gas,clone=True)
/home/runner/work/Electrification-Suite/Electrification-Suite/tools/openmkm_dynamic/run_rph_fixed_pulse.py:34: UserWarning: NasaPoly2::validate: 
For species CHV, discontinuity in h/RT detected at Tmid = 1000
	Value computed using low-temperature polynomial:  107.5046684
	Value computed using high-temperature polynomial: 107.34847808033332

  inlet=ct.Reservoir(gas,clone=True);exhaust=ct.Reservoir(gas,clone=True)
/home/runner/work/Electrification-Suite/Electrification-Suite/tools/openmkm_dynamic/run_rph_fixed_pulse.py:35: UserWarning: NasaPoly2::validate: 
For species OHV, discontinuity in h/RT detected at Tmid = 1000
	Value computed using low-temperature polynomial:  53.62056162666667
	Value computed using high-temperature polynomial: 53.5841554314

  r=PrescribedTemperatureReactor(gas,energy="off",volume=vol,clone=True)
/home/runner/work/Electrification-Suite/Electrification-Suite/tools/openmkm_dynamic/run_rph_fixed_pulse.py:35: UserWarning: NasaPoly2::validate: 
For species CHV, discontinuity in h/RT detected at Tmid = 1000
	Value computed using low-temperature polynomial:  107.5046684
	Value computed using high-temperature polynomial: 107.34847808033332

  r=PrescribedTemperatureReactor(gas,energy="off",volume=vol,clone=True)
T1800-h0.8-Q200-n800 1 {'cycle': 1, 'max_species_cycle_change': None, 'state_change': None, 'elemental_residuals': {'C': -6.238491830152595e-06, 'H': -6.239858236622978e-06, 'O': -6.239812039998337e-06}, 'mass_residual': -6.239287049789226e-06, 'max_pressure_relative_error': 3.425553974034656e-05, 'max_temperature_error_K': 7.746507435513195e-09}
T1800-h0.8-Q200-n800 2 {'cycle': 2, 'max_species_cycle_change': 2.8445837074730917e-09, 'state_change': 7.849276784099857e-13, 'elemental_residuals': {'C': -6.242340773962458e-06, 'H': -6.245714089766744e-06, 'O': -6.239093286794396e-06}, 'mass_residual': -6.240836874195893e-06, 'max_pressure_relative_error': 3.4255539658412104e-05, 'max_temperature_error_K': 5.689003046427388e-09}
T1800-h0.8-Q200-n800 3 {'cycle': 3, 'max_species_cycle_change': 3.628854244874802e-09, 'state_change': 1.3391510123028638e-12, 'elemental_residuals': {'C': -6.235901959911098e-06, 'H': -6.241563406643631e-06, 'O': -6.235368059904299e-06}, 'mass_residual': -6.2359976153874545e-06, 'max_pressure_relative_error': 3.42555394199362e-05, 'max_temperature_error_K': 5.89739101997111e-09}
