/home/runner/work/Electrification-Suite/Electrification-Suite/tools/openmkm_dynamic/run_rph_fixed_pulse.py:25: UserWarning: NasaPoly2::validate: 
For species OHV, discontinuity in h/RT detected at Tmid = 1000
	Value computed using low-temperature polynomial:  53.62056162666667
	Value computed using high-temperature polynomial: 53.5841554314

  gas=ct.Solution("gri30.yaml" if inert else str(base.MECH))
/home/runner/work/Electrification-Suite/Electrification-Suite/tools/openmkm_dynamic/run_rph_fixed_pulse.py:25: UserWarning: NasaPoly2::validate: 
For species CHV, discontinuity in h/RT detected at Tmid = 1000
	Value computed using low-temperature polynomial:  107.5046684
	Value computed using high-temperature polynomial: 107.34847808033332

  gas=ct.Solution("gri30.yaml" if inert else str(base.MECH))
/home/runner/work/Electrification-Suite/Electrification-Suite/tools/openmkm_dynamic/run_rph_fixed_pulse.py:34: UserWarning: NasaPoly2::validate: 
For species OHV, discontinuity in h/RT detected at Tmid = 1000
	Value computed using low-temperature polynomial:  53.62056162666667
	Value computed using high-temperature polynomial: 53.5841554314

  inlet=ct.Reservoir(gas,clone=True);exhaust=ct.Reservoir(gas,clone=True)
/home/runner/work/Electrification-Suite/Electrification-Suite/tools/openmkm_dynamic/run_rph_fixed_pulse.py:34: UserWarning: NasaPoly2::validate: 
For species CHV, discontinuity in h/RT detected at Tmid = 1000
	Value computed using low-temperature polynomial:  107.5046684
	Value computed using high-temperature polynomial: 107.34847808033332

  inlet=ct.Reservoir(gas,clone=True);exhaust=ct.Reservoir(gas,clone=True)
/home/runner/work/Electrification-Suite/Electrification-Suite/tools/openmkm_dynamic/run_rph_fixed_pulse.py:35: UserWarning: NasaPoly2::validate: 
For species OHV, discontinuity in h/RT detected at Tmid = 1000
	Value computed using low-temperature polynomial:  53.62056162666667
	Value computed using high-temperature polynomial: 53.5841554314

  r=PrescribedTemperatureReactor(gas,energy="off",volume=vol,clone=True)
/home/runner/work/Electrification-Suite/Electrification-Suite/tools/openmkm_dynamic/run_rph_fixed_pulse.py:35: UserWarning: NasaPoly2::validate: 
For species CHV, discontinuity in h/RT detected at Tmid = 1000
	Value computed using low-temperature polynomial:  107.5046684
	Value computed using high-temperature polynomial: 107.34847808033332

  r=PrescribedTemperatureReactor(gas,energy="off",volume=vol,clone=True)
Q12.5-T1800-h0.5-n400 1 {'cycle': 1, 'max_species_cycle_change': None, 'state_change': None, 'elemental_residuals': {'C': 9.233621761827349e-05, 'H': 9.233669917689724e-05, 'O': 9.233582686000294e-05}, 'mass_residual': 9.233604174039293e-05, 'max_pressure_relative_error': 3.409614760285784e-05, 'max_temperature_error_K': 9.406903700437397e-09}
Q12.5-T1800-h0.5-n400 2 {'cycle': 2, 'max_species_cycle_change': 8.57729681724706e-09, 'state_change': 2.9215518893010994e-13, 'elemental_residuals': {'C': 9.234879400620226e-05, 'H': 9.234884449094609e-05, 'O': 9.234869758399167e-05}, 'mass_residual': 9.234874601693378e-05, 'max_pressure_relative_error': 3.4096163211039254e-05, 'max_temperature_error_K': 7.183871275628917e-09}
Q12.5-T1800-h0.5-n400 3 {'cycle': 3, 'max_species_cycle_change': 4.95648289078332e-09, 'state_change': 3.063327369545732e-12, 'elemental_residuals': {'C': 9.233981315981362e-05, 'H': 9.23394636995322e-05, 'O': 9.233829440525836e-05}, 'mass_residual': 9.233898044456478e-05, 'max_pressure_relative_error': 3.4096147608631e-05, 'max_temperature_error_K': 6.816662789788097e-09}
