/home/runner/work/Electrification-Suite/Electrification-Suite/tools/openmkm_dynamic/run_rph_fixed_pulse.py:25: UserWarning: NasaPoly2::validate: 
For species OHV, discontinuity in h/RT detected at Tmid = 1000
	Value computed using low-temperature polynomial:  53.62056162666667
	Value computed using high-temperature polynomial: 53.5841554314

  gas=ct.Solution("gri30.yaml" if inert else str(base.MECH))
/home/runner/work/Electrification-Suite/Electrification-Suite/tools/openmkm_dynamic/run_rph_fixed_pulse.py:25: UserWarning: NasaPoly2::validate: 
For species CHV, discontinuity in h/RT detected at Tmid = 1000
	Value computed using low-temperature polynomial:  107.5046684
	Value computed using high-temperature polynomial: 107.34847808033332

  gas=ct.Solution("gri30.yaml" if inert else str(base.MECH))
/home/runner/work/Electrification-Suite/Electrification-Suite/tools/openmkm_dynamic/run_rph_fixed_pulse.py:34: UserWarning: NasaPoly2::validate: 
For species OHV, discontinuity in h/RT detected at Tmid = 1000
	Value computed using low-temperature polynomial:  53.62056162666667
	Value computed using high-temperature polynomial: 53.5841554314

  inlet=ct.Reservoir(gas,clone=True);exhaust=ct.Reservoir(gas,clone=True)
/home/runner/work/Electrification-Suite/Electrification-Suite/tools/openmkm_dynamic/run_rph_fixed_pulse.py:34: UserWarning: NasaPoly2::validate: 
For species CHV, discontinuity in h/RT detected at Tmid = 1000
	Value computed using low-temperature polynomial:  107.5046684
	Value computed using high-temperature polynomial: 107.34847808033332

  inlet=ct.Reservoir(gas,clone=True);exhaust=ct.Reservoir(gas,clone=True)
/home/runner/work/Electrification-Suite/Electrification-Suite/tools/openmkm_dynamic/run_rph_fixed_pulse.py:35: UserWarning: NasaPoly2::validate: 
For species OHV, discontinuity in h/RT detected at Tmid = 1000
	Value computed using low-temperature polynomial:  53.62056162666667
	Value computed using high-temperature polynomial: 53.5841554314

  r=PrescribedTemperatureReactor(gas,energy="off",volume=vol,clone=True)
/home/runner/work/Electrification-Suite/Electrification-Suite/tools/openmkm_dynamic/run_rph_fixed_pulse.py:35: UserWarning: NasaPoly2::validate: 
For species CHV, discontinuity in h/RT detected at Tmid = 1000
	Value computed using low-temperature polynomial:  107.5046684
	Value computed using high-temperature polynomial: 107.34847808033332

  r=PrescribedTemperatureReactor(gas,energy="off",volume=vol,clone=True)
Q12.5-T1800-h0.5-n800 1 {'cycle': 1, 'max_species_cycle_change': None, 'state_change': None, 'elemental_residuals': {'C': 5.1634852185332724e-05, 'H': 5.163467566428936e-05, 'O': 5.163483379048478e-05}, 'mass_residual': 5.163483053143356e-05, 'max_pressure_relative_error': 3.425553974079065e-05, 'max_temperature_error_K': 1.6378862710553221e-09}
Q12.5-T1800-h0.5-n800 2 {'cycle': 2, 'max_species_cycle_change': 3.371282242259355e-08, 'state_change': 5.005440506522518e-13, 'elemental_residuals': {'C': 5.156705724314394e-05, 'H': 5.156899228778746e-05, 'O': 5.156639762728337e-05}, 'mass_residual': 5.156683569740818e-05, 'max_pressure_relative_error': 3.425554295866107e-05, 'max_temperature_error_K': 1.9697381503647193e-09}
Q12.5-T1800-h0.5-n800 3 {'cycle': 3, 'max_species_cycle_change': 3.937911319251697e-08, 'state_change': 8.189005029635155e-13, 'elemental_residuals': {'C': 5.164679074296655e-05, 'H': 5.164679159339976e-05, 'O': 5.164680833579791e-05}, 'mass_residual': 5.164680017408995e-05, 'max_pressure_relative_error': 3.425553974056861e-05, 'max_temperature_error_K': 2.7851001505041495e-09}
