/home/runner/work/Electrification-Suite/Electrification-Suite/tools/openmkm_dynamic/run_rph_fixed_pulse.py:25: UserWarning: NasaPoly2::validate: 
For species OHV, discontinuity in h/RT detected at Tmid = 1000
	Value computed using low-temperature polynomial:  53.62056162666667
	Value computed using high-temperature polynomial: 53.5841554314

  gas=ct.Solution("gri30.yaml" if inert else str(base.MECH))
/home/runner/work/Electrification-Suite/Electrification-Suite/tools/openmkm_dynamic/run_rph_fixed_pulse.py:25: UserWarning: NasaPoly2::validate: 
For species CHV, discontinuity in h/RT detected at Tmid = 1000
	Value computed using low-temperature polynomial:  107.5046684
	Value computed using high-temperature polynomial: 107.34847808033332

  gas=ct.Solution("gri30.yaml" if inert else str(base.MECH))
/home/runner/work/Electrification-Suite/Electrification-Suite/tools/openmkm_dynamic/run_rph_fixed_pulse.py:34: UserWarning: NasaPoly2::validate: 
For species OHV, discontinuity in h/RT detected at Tmid = 1000
	Value computed using low-temperature polynomial:  53.62056162666667
	Value computed using high-temperature polynomial: 53.5841554314

  inlet=ct.Reservoir(gas,clone=True);exhaust=ct.Reservoir(gas,clone=True)
/home/runner/work/Electrification-Suite/Electrification-Suite/tools/openmkm_dynamic/run_rph_fixed_pulse.py:34: UserWarning: NasaPoly2::validate: 
For species CHV, discontinuity in h/RT detected at Tmid = 1000
	Value computed using low-temperature polynomial:  107.5046684
	Value computed using high-temperature polynomial: 107.34847808033332

  inlet=ct.Reservoir(gas,clone=True);exhaust=ct.Reservoir(gas,clone=True)
/home/runner/work/Electrification-Suite/Electrification-Suite/tools/openmkm_dynamic/run_rph_fixed_pulse.py:35: UserWarning: NasaPoly2::validate: 
For species OHV, discontinuity in h/RT detected at Tmid = 1000
	Value computed using low-temperature polynomial:  53.62056162666667
	Value computed using high-temperature polynomial: 53.5841554314

  r=PrescribedTemperatureReactor(gas,energy="off",volume=vol,clone=True)
/home/runner/work/Electrification-Suite/Electrification-Suite/tools/openmkm_dynamic/run_rph_fixed_pulse.py:35: UserWarning: NasaPoly2::validate: 
For species CHV, discontinuity in h/RT detected at Tmid = 1000
	Value computed using low-temperature polynomial:  107.5046684
	Value computed using high-temperature polynomial: 107.34847808033332

  r=PrescribedTemperatureReactor(gas,energy="off",volume=vol,clone=True)
Q25-T1800-h0.5-n400 1 {'cycle': 1, 'max_species_cycle_change': None, 'state_change': None, 'elemental_residuals': {'C': 3.986735969796255e-05, 'H': 3.98772719905568e-05, 'O': 3.986710706711594e-05}, 'mass_residual': 3.9867890617298765e-05, 'max_pressure_relative_error': 3.409614760285784e-05, 'max_temperature_error_K': 5.749029696744401e-09}
Q25-T1800-h0.5-n400 2 {'cycle': 2, 'max_species_cycle_change': 6.9570131322471696e-09, 'state_change': 1.7075230118734908e-13, 'elemental_residuals': {'C': 3.988362713468471e-05, 'H': 3.988381982741475e-05, 'O': 3.988356296942167e-05}, 'mass_residual': 3.9883605883293444e-05, 'max_pressure_relative_error': 3.409614672755801e-05, 'max_temperature_error_K': 5.9274043451296166e-09}
Q25-T1800-h0.5-n400 3 {'cycle': 3, 'max_species_cycle_change': 5.106380468467009e-08, 'state_change': 3.72257780156815e-12, 'elemental_residuals': {'C': 3.978228682872516e-05, 'H': 3.978229141830689e-05, 'O': 3.97822934077216e-05}, 'mass_residual': 3.97822906414977e-05, 'max_pressure_relative_error': 3.4096352364842986e-05, 'max_temperature_error_K': 5.194351615500636e-09}
