/home/runner/work/Electrification-Suite/Electrification-Suite/tools/openmkm_dynamic/run_rph_fixed_pulse.py:25: UserWarning: NasaPoly2::validate: 
For species OHV, discontinuity in h/RT detected at Tmid = 1000
	Value computed using low-temperature polynomial:  53.62056162666667
	Value computed using high-temperature polynomial: 53.5841554314

  gas=ct.Solution("gri30.yaml" if inert else str(base.MECH))
/home/runner/work/Electrification-Suite/Electrification-Suite/tools/openmkm_dynamic/run_rph_fixed_pulse.py:25: UserWarning: NasaPoly2::validate: 
For species CHV, discontinuity in h/RT detected at Tmid = 1000
	Value computed using low-temperature polynomial:  107.5046684
	Value computed using high-temperature polynomial: 107.34847808033332

  gas=ct.Solution("gri30.yaml" if inert else str(base.MECH))
/home/runner/work/Electrification-Suite/Electrification-Suite/tools/openmkm_dynamic/run_rph_fixed_pulse.py:34: UserWarning: NasaPoly2::validate: 
For species OHV, discontinuity in h/RT detected at Tmid = 1000
	Value computed using low-temperature polynomial:  53.62056162666667
	Value computed using high-temperature polynomial: 53.5841554314

  inlet=ct.Reservoir(gas,clone=True);exhaust=ct.Reservoir(gas,clone=True)
/home/runner/work/Electrification-Suite/Electrification-Suite/tools/openmkm_dynamic/run_rph_fixed_pulse.py:34: UserWarning: NasaPoly2::validate: 
For species CHV, discontinuity in h/RT detected at Tmid = 1000
	Value computed using low-temperature polynomial:  107.5046684
	Value computed using high-temperature polynomial: 107.34847808033332

  inlet=ct.Reservoir(gas,clone=True);exhaust=ct.Reservoir(gas,clone=True)
/home/runner/work/Electrification-Suite/Electrification-Suite/tools/openmkm_dynamic/run_rph_fixed_pulse.py:35: UserWarning: NasaPoly2::validate: 
For species OHV, discontinuity in h/RT detected at Tmid = 1000
	Value computed using low-temperature polynomial:  53.62056162666667
	Value computed using high-temperature polynomial: 53.5841554314

  r=PrescribedTemperatureReactor(gas,energy="off",volume=vol,clone=True)
/home/runner/work/Electrification-Suite/Electrification-Suite/tools/openmkm_dynamic/run_rph_fixed_pulse.py:35: UserWarning: NasaPoly2::validate: 
For species CHV, discontinuity in h/RT detected at Tmid = 1000
	Value computed using low-temperature polynomial:  107.5046684
	Value computed using high-temperature polynomial: 107.34847808033332

  r=PrescribedTemperatureReactor(gas,energy="off",volume=vol,clone=True)
Q25-T1800-h0.5-n800 1 {'cycle': 1, 'max_species_cycle_change': None, 'state_change': None, 'elemental_residuals': {'C': 2.32437440658971e-05, 'H': 2.323943833858071e-05, 'O': 2.3241979007679178e-05}, 'mass_residual': 2.324251447793836e-05, 'max_pressure_relative_error': 3.425553974079065e-05, 'max_temperature_error_K': 7.599737728014588e-09}
Q25-T1800-h0.5-n800 2 {'cycle': 2, 'max_species_cycle_change': 6.341674962939692e-09, 'state_change': 1.0229594948896192e-12, 'elemental_residuals': {'C': 2.324486174545802e-05, 'H': 2.324495965570505e-05, 'O': 2.324581556863482e-05}, 'mass_residual': 2.3245376551253664e-05, 'max_pressure_relative_error': 3.425552327640524e-05, 'max_temperature_error_K': 7.999233275768347e-09}
Q25-T1800-h0.5-n800 3 {'cycle': 3, 'max_species_cycle_change': 2.6206172232257074e-09, 'state_change': 1.4521717162097048e-12, 'elemental_residuals': {'C': 2.3250006669156332e-05, 'H': 2.325001318222888e-05, 'O': 2.3250019556949867e-05}, 'mass_residual': 2.325001398088298e-05, 'max_pressure_relative_error': 3.4255540161343134e-05, 'max_temperature_error_K': 8.986035027191974e-09}
