/home/runner/work/Electrification-Suite/Electrification-Suite/tools/openmkm_dynamic/match_cjh_rph_39.py:38: UserWarning: NasaPoly2::validate: 
For species OHV, discontinuity in h/RT detected at Tmid = 1000
	Value computed using low-temperature polynomial:  53.62056162666667
	Value computed using high-temperature polynomial: 53.5841554314

  gas=ct.Solution(str(base.MECH))
/home/runner/work/Electrification-Suite/Electrification-Suite/tools/openmkm_dynamic/match_cjh_rph_39.py:38: UserWarning: NasaPoly2::validate: 
For species CHV, discontinuity in h/RT detected at Tmid = 1000
	Value computed using low-temperature polynomial:  107.5046684
	Value computed using high-temperature polynomial: 107.34847808033332

  gas=ct.Solution(str(base.MECH))
stage: importing cantera
stage: loading mechanism
/home/runner/work/Electrification-Suite/Electrification-Suite/tools/openmkm_dynamic/run_cjh_feed_ratio_01.py:34: UserWarning: NasaPoly2::validate: 
For species OHV, discontinuity in h/RT detected at Tmid = 1000
	Value computed using low-temperature polynomial:  53.62056162666667
	Value computed using high-temperature polynomial: 53.5841554314

  gas=ct.Solution("gri30.yaml" if cold else str(MECH))
/home/runner/work/Electrification-Suite/Electrification-Suite/tools/openmkm_dynamic/run_cjh_feed_ratio_01.py:34: UserWarning: NasaPoly2::validate: 
For species CHV, discontinuity in h/RT detected at Tmid = 1000
	Value computed using low-temperature polynomial:  107.5046684
	Value computed using high-temperature polynomial: 107.34847808033332

  gas=ct.Solution("gri30.yaml" if cold else str(MECH))
stage: mechanism loaded 2.3156341229999953
/home/runner/work/Electrification-Suite/Electrification-Suite/tools/openmkm_dynamic/run_cjh_feed_ratio_01.py:41: UserWarning: NasaPoly2::validate: 
For species OHV, discontinuity in h/RT detected at Tmid = 1000
	Value computed using low-temperature polynomial:  53.62056162666667
	Value computed using high-temperature polynomial: 53.5841554314

  inlet=ct.Reservoir(gas,clone=True); exhaust=ct.Reservoir(gas,clone=True)
/home/runner/work/Electrification-Suite/Electrification-Suite/tools/openmkm_dynamic/run_cjh_feed_ratio_01.py:41: UserWarning: NasaPoly2::validate: 
For species CHV, discontinuity in h/RT detected at Tmid = 1000
	Value computed using low-temperature polynomial:  107.5046684
	Value computed using high-temperature polynomial: 107.34847808033332

  inlet=ct.Reservoir(gas,clone=True); exhaust=ct.Reservoir(gas,clone=True)
/home/runner/work/Electrification-Suite/Electrification-Suite/tools/openmkm_dynamic/run_cjh_feed_ratio_01.py:43: UserWarning: NasaPoly2::validate: 
For species OHV, discontinuity in h/RT detected at Tmid = 1000
	Value computed using low-temperature polynomial:  53.62056162666667
	Value computed using high-temperature polynomial: 53.5841554314

  r=reactor_type(gas,energy="off",volume=p["volume_m3"],clone=True)
/home/runner/work/Electrification-Suite/Electrification-Suite/tools/openmkm_dynamic/run_cjh_feed_ratio_01.py:43: UserWarning: NasaPoly2::validate: 
For species CHV, discontinuity in h/RT detected at Tmid = 1000
	Value computed using low-temperature polynomial:  107.5046684
	Value computed using high-temperature polynomial: 107.34847808033332

  r=reactor_type(gas,energy="off",volume=p["volume_m3"],clone=True)
stage: integration 1 2.6594869209999956
stage: integration 20 2.6618834220000167
stage: importing cantera
stage: loading mechanism
stage: mechanism loaded 2.3094988180000087
stage: integration 1 2.982209538999996
stage: integration 20 3.0594484889999762
stage: importing cantera
stage: loading mechanism
stage: mechanism loaded 2.3263370089999853
stage: integration 1 2.788153002999991
stage: integration 20 2.8384278149999886
stage: importing cantera
stage: loading mechanism
stage: mechanism loaded 2.359867816000019
stage: integration 1 2.8872057460000065
stage: integration 20 3.0010186439999984
stage: importing cantera
stage: loading mechanism
stage: mechanism loaded 2.3297671609999497
stage: integration 1 2.86703235899995
stage: integration 20 2.9860716319999483
stage: importing cantera
stage: loading mechanism
stage: mechanism loaded 2.332150812000009
stage: integration 1 2.923642675999986
stage: integration 20 3.016892272000007
stage: importing cantera
stage: loading mechanism
stage: mechanism loaded 2.3289277860000084
stage: integration 1 2.9229891210000005
stage: integration 20 3.034673294000015
stage: importing cantera
stage: loading mechanism
stage: mechanism loaded 2.358598002000008
stage: integration 1 2.9858164720000104
stage: integration 20 3.108112549999987
stage: importing cantera
stage: loading mechanism
stage: mechanism loaded 2.343189223999957
stage: integration 1 3.293799675999992
stage: integration 20 3.3876342779999504
stage: importing cantera
stage: loading mechanism
stage: mechanism loaded 2.3578300049999825
stage: integration 1 3.0948315169999887
stage: integration 20 3.2394425200000114
