/home/runner/work/Electrification-Suite/Electrification-Suite/tools/openmkm_dynamic/run_rph_fixed_pulse.py:25: UserWarning: NasaPoly2::validate: 
For species OHV, discontinuity in h/RT detected at Tmid = 1000
	Value computed using low-temperature polynomial:  53.62056162666667
	Value computed using high-temperature polynomial: 53.5841554314

  gas=ct.Solution("gri30.yaml" if inert else str(base.MECH))
/home/runner/work/Electrification-Suite/Electrification-Suite/tools/openmkm_dynamic/run_rph_fixed_pulse.py:25: UserWarning: NasaPoly2::validate: 
For species CHV, discontinuity in h/RT detected at Tmid = 1000
	Value computed using low-temperature polynomial:  107.5046684
	Value computed using high-temperature polynomial: 107.34847808033332

  gas=ct.Solution("gri30.yaml" if inert else str(base.MECH))
/home/runner/work/Electrification-Suite/Electrification-Suite/tools/openmkm_dynamic/run_rph_fixed_pulse.py:34: UserWarning: NasaPoly2::validate: 
For species OHV, discontinuity in h/RT detected at Tmid = 1000
	Value computed using low-temperature polynomial:  53.62056162666667
	Value computed using high-temperature polynomial: 53.5841554314

  inlet=ct.Reservoir(gas,clone=True);exhaust=ct.Reservoir(gas,clone=True)
/home/runner/work/Electrification-Suite/Electrification-Suite/tools/openmkm_dynamic/run_rph_fixed_pulse.py:34: UserWarning: NasaPoly2::validate: 
For species CHV, discontinuity in h/RT detected at Tmid = 1000
	Value computed using low-temperature polynomial:  107.5046684
	Value computed using high-temperature polynomial: 107.34847808033332

  inlet=ct.Reservoir(gas,clone=True);exhaust=ct.Reservoir(gas,clone=True)
/home/runner/work/Electrification-Suite/Electrification-Suite/tools/openmkm_dynamic/run_rph_fixed_pulse.py:35: UserWarning: NasaPoly2::validate: 
For species OHV, discontinuity in h/RT detected at Tmid = 1000
	Value computed using low-temperature polynomial:  53.62056162666667
	Value computed using high-temperature polynomial: 53.5841554314

  r=PrescribedTemperatureReactor(gas,energy="off",volume=vol,clone=True)
/home/runner/work/Electrification-Suite/Electrification-Suite/tools/openmkm_dynamic/run_rph_fixed_pulse.py:35: UserWarning: NasaPoly2::validate: 
For species CHV, discontinuity in h/RT detected at Tmid = 1000
	Value computed using low-temperature polynomial:  107.5046684
	Value computed using high-temperature polynomial: 107.34847808033332

  r=PrescribedTemperatureReactor(gas,energy="off",volume=vol,clone=True)
Q50-T1800-h0.65-n400 1 {'cycle': 1, 'max_species_cycle_change': None, 'state_change': None, 'elemental_residuals': {'C': -1.0232294719550623e-05, 'H': -1.0232074819234883e-05, 'O': -1.023233182020134e-05}, 'mass_residual': -1.0232299726282906e-05, 'max_pressure_relative_error': 3.409614760285784e-05, 'max_temperature_error_K': 2.2530457499669865e-09}
Q50-T1800-h0.65-n400 2 {'cycle': 2, 'max_species_cycle_change': 2.1237417158204153e-08, 'state_change': 3.622879773956811e-12, 'elemental_residuals': {'C': -1.018896592793408e-05, 'H': -1.0194503261601139e-05, 'O': -1.0189463280427401e-05}, 'mass_residual': -1.0189602732878858e-05, 'max_pressure_relative_error': 3.4096147602191706e-05, 'max_temperature_error_K': 4.682760845753364e-09}
Q50-T1800-h0.65-n400 3 {'cycle': 3, 'max_species_cycle_change': 1.111489345007044e-08, 'state_change': 2.636002527367509e-12, 'elemental_residuals': {'C': -1.019465696288354e-05, 'H': -1.0224446170693533e-05, 'O': -1.0200958726204847e-05}, 'mass_residual': -1.0200014885555329e-05, 'max_pressure_relative_error': 3.409614760174762e-05, 'max_temperature_error_K': 7.517883204855025e-09}
