/home/runner/work/Electrification-Suite/Electrification-Suite/tools/openmkm_dynamic/run_rph_fixed_pulse.py:25: UserWarning: NasaPoly2::validate: 
For species OHV, discontinuity in h/RT detected at Tmid = 1000
	Value computed using low-temperature polynomial:  53.62056162666667
	Value computed using high-temperature polynomial: 53.5841554314

  gas=ct.Solution("gri30.yaml" if inert else str(base.MECH))
/home/runner/work/Electrification-Suite/Electrification-Suite/tools/openmkm_dynamic/run_rph_fixed_pulse.py:25: UserWarning: NasaPoly2::validate: 
For species CHV, discontinuity in h/RT detected at Tmid = 1000
	Value computed using low-temperature polynomial:  107.5046684
	Value computed using high-temperature polynomial: 107.34847808033332

  gas=ct.Solution("gri30.yaml" if inert else str(base.MECH))
/home/runner/work/Electrification-Suite/Electrification-Suite/tools/openmkm_dynamic/run_rph_fixed_pulse.py:34: UserWarning: NasaPoly2::validate: 
For species OHV, discontinuity in h/RT detected at Tmid = 1000
	Value computed using low-temperature polynomial:  53.62056162666667
	Value computed using high-temperature polynomial: 53.5841554314

  inlet=ct.Reservoir(gas,clone=True);exhaust=ct.Reservoir(gas,clone=True)
/home/runner/work/Electrification-Suite/Electrification-Suite/tools/openmkm_dynamic/run_rph_fixed_pulse.py:34: UserWarning: NasaPoly2::validate: 
For species CHV, discontinuity in h/RT detected at Tmid = 1000
	Value computed using low-temperature polynomial:  107.5046684
	Value computed using high-temperature polynomial: 107.34847808033332

  inlet=ct.Reservoir(gas,clone=True);exhaust=ct.Reservoir(gas,clone=True)
/home/runner/work/Electrification-Suite/Electrification-Suite/tools/openmkm_dynamic/run_rph_fixed_pulse.py:35: UserWarning: NasaPoly2::validate: 
For species OHV, discontinuity in h/RT detected at Tmid = 1000
	Value computed using low-temperature polynomial:  53.62056162666667
	Value computed using high-temperature polynomial: 53.5841554314

  r=PrescribedTemperatureReactor(gas,energy="off",volume=vol,clone=True)
/home/runner/work/Electrification-Suite/Electrification-Suite/tools/openmkm_dynamic/run_rph_fixed_pulse.py:35: UserWarning: NasaPoly2::validate: 
For species CHV, discontinuity in h/RT detected at Tmid = 1000
	Value computed using low-temperature polynomial:  107.5046684
	Value computed using high-temperature polynomial: 107.34847808033332

  r=PrescribedTemperatureReactor(gas,energy="off",volume=vol,clone=True)
Q50-T1800-h0.8-n400 1 {'cycle': 1, 'max_species_cycle_change': None, 'state_change': None, 'elemental_residuals': {'C': -3.6249973467571694e-05, 'H': -3.6247551369835565e-05, 'O': -3.625022632655052e-05}, 'mass_residual': -3.624994558134421e-05, 'max_pressure_relative_error': 3.409614760285784e-05, 'max_temperature_error_K': 2.2530457499669865e-09}
Q50-T1800-h0.8-n400 2 {'cycle': 2, 'max_species_cycle_change': 1.08142316768145e-08, 'state_change': 8.370082404951518e-12, 'elemental_residuals': {'C': -3.627597475636049e-05, 'H': -3.6272444797738675e-05, 'O': -3.628162710245662e-05}, 'mass_residual': -3.62787495300551e-05, 'max_pressure_relative_error': 3.4096147602191706e-05, 'max_temperature_error_K': 8.941015039454214e-09}
Q50-T1800-h0.8-n400 3 {'cycle': 3, 'max_species_cycle_change': 4.0164232800732336e-08, 'state_change': 2.927103004424225e-13, 'elemental_residuals': {'C': -3.618858437243533e-05, 'H': -3.621338518680929e-05, 'O': -3.617797838946016e-05}, 'mass_residual': -3.6184598271231083e-05, 'max_pressure_relative_error': 3.409614887162071e-05, 'max_temperature_error_K': 8.792767403065227e-09}
