/home/runner/work/Electrification-Suite/Electrification-Suite/tools/openmkm_dynamic/run_rph_fixed_pulse.py:25: UserWarning: NasaPoly2::validate: 
For species OHV, discontinuity in h/RT detected at Tmid = 1000
	Value computed using low-temperature polynomial:  53.62056162666667
	Value computed using high-temperature polynomial: 53.5841554314

  gas=ct.Solution("gri30.yaml" if inert else str(base.MECH))
/home/runner/work/Electrification-Suite/Electrification-Suite/tools/openmkm_dynamic/run_rph_fixed_pulse.py:25: UserWarning: NasaPoly2::validate: 
For species CHV, discontinuity in h/RT detected at Tmid = 1000
	Value computed using low-temperature polynomial:  107.5046684
	Value computed using high-temperature polynomial: 107.34847808033332

  gas=ct.Solution("gri30.yaml" if inert else str(base.MECH))
/home/runner/work/Electrification-Suite/Electrification-Suite/tools/openmkm_dynamic/run_rph_fixed_pulse.py:34: UserWarning: NasaPoly2::validate: 
For species OHV, discontinuity in h/RT detected at Tmid = 1000
	Value computed using low-temperature polynomial:  53.62056162666667
	Value computed using high-temperature polynomial: 53.5841554314

  inlet=ct.Reservoir(gas,clone=True);exhaust=ct.Reservoir(gas,clone=True)
/home/runner/work/Electrification-Suite/Electrification-Suite/tools/openmkm_dynamic/run_rph_fixed_pulse.py:34: UserWarning: NasaPoly2::validate: 
For species CHV, discontinuity in h/RT detected at Tmid = 1000
	Value computed using low-temperature polynomial:  107.5046684
	Value computed using high-temperature polynomial: 107.34847808033332

  inlet=ct.Reservoir(gas,clone=True);exhaust=ct.Reservoir(gas,clone=True)
/home/runner/work/Electrification-Suite/Electrification-Suite/tools/openmkm_dynamic/run_rph_fixed_pulse.py:35: UserWarning: NasaPoly2::validate: 
For species OHV, discontinuity in h/RT detected at Tmid = 1000
	Value computed using low-temperature polynomial:  53.62056162666667
	Value computed using high-temperature polynomial: 53.5841554314

  r=PrescribedTemperatureReactor(gas,energy="off",volume=vol,clone=True)
/home/runner/work/Electrification-Suite/Electrification-Suite/tools/openmkm_dynamic/run_rph_fixed_pulse.py:35: UserWarning: NasaPoly2::validate: 
For species CHV, discontinuity in h/RT detected at Tmid = 1000
	Value computed using low-temperature polynomial:  107.5046684
	Value computed using high-temperature polynomial: 107.34847808033332

  r=PrescribedTemperatureReactor(gas,energy="off",volume=vol,clone=True)
T1400-h0.8-Q50-n400 1 {'cycle': 1, 'max_species_cycle_change': None, 'state_change': None, 'elemental_residuals': {'C': -2.8887252771353053e-05, 'H': -2.8887548656693838e-05, 'O': -2.888701710839096e-05}, 'mass_residual': -2.8887147067734963e-05, 'max_pressure_relative_error': 2.405952515238674e-05, 'max_temperature_error_K': 1.2752984730468597e-06}
T1400-h0.8-Q50-n400 2 {'cycle': 2, 'max_species_cycle_change': 7.84402072739887e-08, 'state_change': 2.220446049250313e-14, 'elemental_residuals': {'C': -2.9043938810299377e-05, 'H': -2.904401534092271e-05, 'O': -2.904387572601032e-05}, 'mass_residual': -2.904391034456786e-05, 'max_pressure_relative_error': 2.405952522521737e-05, 'max_temperature_error_K': 1.2753357623296324e-06}
T1400-h0.8-Q50-n400 3 {'cycle': 3, 'max_species_cycle_change': 7.068539059629231e-08, 'state_change': 6.015188347419098e-13, 'elemental_residuals': {'C': -2.8902614052986344e-05, 'H': -2.890261322753478e-05, 'O': -2.890261787686076e-05}, 'mass_residual': -2.890261602907933e-05, 'max_pressure_relative_error': 2.4059525177255736e-05, 'max_temperature_error_K': 1.2757490139847505e-06}
