/home/runner/work/Electrification-Suite/Electrification-Suite/tools/openmkm_dynamic/run_rph_fixed_pulse.py:25: UserWarning: NasaPoly2::validate: 
For species OHV, discontinuity in h/RT detected at Tmid = 1000
	Value computed using low-temperature polynomial:  53.62056162666667
	Value computed using high-temperature polynomial: 53.5841554314

  gas=ct.Solution("gri30.yaml" if inert else str(base.MECH))
/home/runner/work/Electrification-Suite/Electrification-Suite/tools/openmkm_dynamic/run_rph_fixed_pulse.py:25: UserWarning: NasaPoly2::validate: 
For species CHV, discontinuity in h/RT detected at Tmid = 1000
	Value computed using low-temperature polynomial:  107.5046684
	Value computed using high-temperature polynomial: 107.34847808033332

  gas=ct.Solution("gri30.yaml" if inert else str(base.MECH))
/home/runner/work/Electrification-Suite/Electrification-Suite/tools/openmkm_dynamic/run_rph_fixed_pulse.py:34: UserWarning: NasaPoly2::validate: 
For species OHV, discontinuity in h/RT detected at Tmid = 1000
	Value computed using low-temperature polynomial:  53.62056162666667
	Value computed using high-temperature polynomial: 53.5841554314

  inlet=ct.Reservoir(gas,clone=True);exhaust=ct.Reservoir(gas,clone=True)
/home/runner/work/Electrification-Suite/Electrification-Suite/tools/openmkm_dynamic/run_rph_fixed_pulse.py:34: UserWarning: NasaPoly2::validate: 
For species CHV, discontinuity in h/RT detected at Tmid = 1000
	Value computed using low-temperature polynomial:  107.5046684
	Value computed using high-temperature polynomial: 107.34847808033332

  inlet=ct.Reservoir(gas,clone=True);exhaust=ct.Reservoir(gas,clone=True)
/home/runner/work/Electrification-Suite/Electrification-Suite/tools/openmkm_dynamic/run_rph_fixed_pulse.py:35: UserWarning: NasaPoly2::validate: 
For species OHV, discontinuity in h/RT detected at Tmid = 1000
	Value computed using low-temperature polynomial:  53.62056162666667
	Value computed using high-temperature polynomial: 53.5841554314

  r=PrescribedTemperatureReactor(gas,energy="off",volume=vol,clone=True)
/home/runner/work/Electrification-Suite/Electrification-Suite/tools/openmkm_dynamic/run_rph_fixed_pulse.py:35: UserWarning: NasaPoly2::validate: 
For species CHV, discontinuity in h/RT detected at Tmid = 1000
	Value computed using low-temperature polynomial:  107.5046684
	Value computed using high-temperature polynomial: 107.34847808033332

  r=PrescribedTemperatureReactor(gas,energy="off",volume=vol,clone=True)
T1400-h0.8-Q50-n800 1 {'cycle': 1, 'max_species_cycle_change': None, 'state_change': None, 'elemental_residuals': {'C': -1.4939078863847917e-05, 'H': -1.4939092771921583e-05, 'O': -1.4939077350219146e-05}, 'mass_residual': -1.4939079000101534e-05, 'max_pressure_relative_error': 2.4138506052429065e-05, 'max_temperature_error_K': 3.091608959948644e-06}
T1400-h0.8-Q50-n800 2 {'cycle': 2, 'max_species_cycle_change': 7.340575480796474e-09, 'state_change': 1.3677947663381929e-13, 'elemental_residuals': {'C': -1.4924453044976852e-05, 'H': -1.4924439127379492e-05, 'O': -1.4924443602123198e-05}, 'mass_residual': -1.4924447064523996e-05, 'max_pressure_relative_error': 2.4138505829052193e-05, 'max_temperature_error_K': 3.0889110576026724e-06}
T1400-h0.8-Q50-n800 3 {'cycle': 3, 'max_species_cycle_change': 1.9343463331100708e-08, 'state_change': 3.2440716779547074e-13, 'elemental_residuals': {'C': -1.4885985406469153e-05, 'H': -1.4885644254363414e-05, 'O': -1.488624678251417e-05}, 'mass_residual': -1.4886101782088735e-05, 'max_pressure_relative_error': 2.4138505831494683e-05, 'max_temperature_error_K': 3.0891592359694187e-06}
