/home/runner/work/Electrification-Suite/Electrification-Suite/tools/openmkm_dynamic/run_rph_fixed_pulse.py:25: UserWarning: NasaPoly2::validate: 
For species OHV, discontinuity in h/RT detected at Tmid = 1000
	Value computed using low-temperature polynomial:  53.62056162666667
	Value computed using high-temperature polynomial: 53.5841554314

  gas=ct.Solution("gri30.yaml" if inert else str(base.MECH))
/home/runner/work/Electrification-Suite/Electrification-Suite/tools/openmkm_dynamic/run_rph_fixed_pulse.py:25: UserWarning: NasaPoly2::validate: 
For species CHV, discontinuity in h/RT detected at Tmid = 1000
	Value computed using low-temperature polynomial:  107.5046684
	Value computed using high-temperature polynomial: 107.34847808033332

  gas=ct.Solution("gri30.yaml" if inert else str(base.MECH))
/home/runner/work/Electrification-Suite/Electrification-Suite/tools/openmkm_dynamic/run_rph_fixed_pulse.py:34: UserWarning: NasaPoly2::validate: 
For species OHV, discontinuity in h/RT detected at Tmid = 1000
	Value computed using low-temperature polynomial:  53.62056162666667
	Value computed using high-temperature polynomial: 53.5841554314

  inlet=ct.Reservoir(gas,clone=True);exhaust=ct.Reservoir(gas,clone=True)
/home/runner/work/Electrification-Suite/Electrification-Suite/tools/openmkm_dynamic/run_rph_fixed_pulse.py:34: UserWarning: NasaPoly2::validate: 
For species CHV, discontinuity in h/RT detected at Tmid = 1000
	Value computed using low-temperature polynomial:  107.5046684
	Value computed using high-temperature polynomial: 107.34847808033332

  inlet=ct.Reservoir(gas,clone=True);exhaust=ct.Reservoir(gas,clone=True)
/home/runner/work/Electrification-Suite/Electrification-Suite/tools/openmkm_dynamic/run_rph_fixed_pulse.py:35: UserWarning: NasaPoly2::validate: 
For species OHV, discontinuity in h/RT detected at Tmid = 1000
	Value computed using low-temperature polynomial:  53.62056162666667
	Value computed using high-temperature polynomial: 53.5841554314

  r=PrescribedTemperatureReactor(gas,energy="off",volume=vol,clone=True)
/home/runner/work/Electrification-Suite/Electrification-Suite/tools/openmkm_dynamic/run_rph_fixed_pulse.py:35: UserWarning: NasaPoly2::validate: 
For species CHV, discontinuity in h/RT detected at Tmid = 1000
	Value computed using low-temperature polynomial:  107.5046684
	Value computed using high-temperature polynomial: 107.34847808033332

  r=PrescribedTemperatureReactor(gas,energy="off",volume=vol,clone=True)
T1400-h0.8-Q100-n400 1 {'cycle': 1, 'max_species_cycle_change': None, 'state_change': None, 'elemental_residuals': {'C': -1.545952134861819e-05, 'H': -1.5459913417674328e-05, 'O': -1.5459128578527652e-05}, 'mass_residual': -1.5459338395825727e-05, 'max_pressure_relative_error': 2.4059525152608785e-05, 'max_temperature_error_K': 2.7490045795275364e-07}
T1400-h0.8-Q100-n400 2 {'cycle': 2, 'max_species_cycle_change': 1.1233600827331713e-08, 'state_change': 7.704947790898586e-13, 'elemental_residuals': {'C': -1.543744258346909e-05, 'H': -1.5437443308920187e-05, 'O': -1.5437441397653913e-05}, 'mass_residual': -1.5437441999851607e-05, 'max_pressure_relative_error': 2.4059525186359565e-05, 'max_temperature_error_K': 2.7542023417481687e-07}
T1400-h0.8-Q100-n400 3 {'cycle': 3, 'max_species_cycle_change': 1.7166072119323417e-08, 'state_change': 2.9543034685275416e-13, 'elemental_residuals': {'C': -1.5403127434716383e-05, 'H': -1.5403136303489093e-05, 'O': -1.540312950667583e-05}, 'mass_residual': -1.540312912503706e-05, 'max_pressure_relative_error': 2.4059525215669453e-05, 'max_temperature_error_K': 2.7554688131203875e-07}
