/home/runner/work/Electrification-Suite/Electrification-Suite/tools/openmkm_dynamic/run_rph_fixed_pulse.py:25: UserWarning: NasaPoly2::validate: 
For species OHV, discontinuity in h/RT detected at Tmid = 1000
	Value computed using low-temperature polynomial:  53.62056162666667
	Value computed using high-temperature polynomial: 53.5841554314

  gas=ct.Solution("gri30.yaml" if inert else str(base.MECH))
/home/runner/work/Electrification-Suite/Electrification-Suite/tools/openmkm_dynamic/run_rph_fixed_pulse.py:25: UserWarning: NasaPoly2::validate: 
For species CHV, discontinuity in h/RT detected at Tmid = 1000
	Value computed using low-temperature polynomial:  107.5046684
	Value computed using high-temperature polynomial: 107.34847808033332

  gas=ct.Solution("gri30.yaml" if inert else str(base.MECH))
/home/runner/work/Electrification-Suite/Electrification-Suite/tools/openmkm_dynamic/run_rph_fixed_pulse.py:34: UserWarning: NasaPoly2::validate: 
For species OHV, discontinuity in h/RT detected at Tmid = 1000
	Value computed using low-temperature polynomial:  53.62056162666667
	Value computed using high-temperature polynomial: 53.5841554314

  inlet=ct.Reservoir(gas,clone=True);exhaust=ct.Reservoir(gas,clone=True)
/home/runner/work/Electrification-Suite/Electrification-Suite/tools/openmkm_dynamic/run_rph_fixed_pulse.py:34: UserWarning: NasaPoly2::validate: 
For species CHV, discontinuity in h/RT detected at Tmid = 1000
	Value computed using low-temperature polynomial:  107.5046684
	Value computed using high-temperature polynomial: 107.34847808033332

  inlet=ct.Reservoir(gas,clone=True);exhaust=ct.Reservoir(gas,clone=True)
/home/runner/work/Electrification-Suite/Electrification-Suite/tools/openmkm_dynamic/run_rph_fixed_pulse.py:35: UserWarning: NasaPoly2::validate: 
For species OHV, discontinuity in h/RT detected at Tmid = 1000
	Value computed using low-temperature polynomial:  53.62056162666667
	Value computed using high-temperature polynomial: 53.5841554314

  r=PrescribedTemperatureReactor(gas,energy="off",volume=vol,clone=True)
/home/runner/work/Electrification-Suite/Electrification-Suite/tools/openmkm_dynamic/run_rph_fixed_pulse.py:35: UserWarning: NasaPoly2::validate: 
For species CHV, discontinuity in h/RT detected at Tmid = 1000
	Value computed using low-temperature polynomial:  107.5046684
	Value computed using high-temperature polynomial: 107.34847808033332

  r=PrescribedTemperatureReactor(gas,energy="off",volume=vol,clone=True)
T1600-h0.1-Q12.5-n800 1 {'cycle': 1, 'max_species_cycle_change': None, 'state_change': None, 'elemental_residuals': {'C': 0.00013509632261781175, 'H': 0.0001350963224989426, 'O': 0.00013509632404244576}, 'mass_residual': 0.00013509632336584495, 'max_pressure_relative_error': 2.9200417490660158e-05, 'max_temperature_error_K': 2.225447133241687e-07}
T1600-h0.1-Q12.5-n800 2 {'cycle': 2, 'max_species_cycle_change': 1.2284631090153653e-09, 'state_change': 6.901146321069973e-13, 'elemental_residuals': {'C': 0.00013509388059661055, 'H': 0.0001350938806180391, 'O': 0.00013509388004733435}, 'mass_residual': 0.00013509388031097134, 'max_pressure_relative_error': 2.9200417489105845e-05, 'max_temperature_error_K': 2.2291465029411484e-07}
T1600-h0.1-Q12.5-n800 3 {'cycle': 3, 'max_species_cycle_change': 3.1231204944415225e-07, 'state_change': 1.0350609258580334e-12, 'elemental_residuals': {'C': 0.00013571851916262855, 'H': 0.00013571851965132035, 'O': 0.00013571852261465815}, 'mass_residual': 0.00013571852103413977, 'max_pressure_relative_error': 2.9200415961883053e-05, 'max_temperature_error_K': 2.231374764960492e-07}
T1600-h0.1-Q12.5-n800 4 {'cycle': 4, 'max_species_cycle_change': 3.131192943262029e-07, 'state_change': 1.284305994886381e-12, 'elemental_residuals': {'C': 0.00013509234714847483, 'H': 0.00013509234821893878, 'O': 0.00013509234926421988}, 'mass_residual': 0.0001350923483478899, 'max_pressure_relative_error': 2.920041748399882e-05, 'max_temperature_error_K': 2.2264862309384625e-07}
T1600-h0.1-Q12.5-n800 5 {'cycle': 5, 'max_species_cycle_change': 7.181610173212505e-08, 'state_change': 3.0604407896817065e-12, 'elemental_residuals': {'C': 0.00013494879471528248, 'H': 0.00013494879504849676, 'O': 0.0001349487945654949}, 'mass_residual': 0.00013494879465587625, 'max_pressure_relative_error': 2.9200417507979637e-05, 'max_temperature_error_K': 2.2110066311142873e-07}
T1600-h0.1-Q12.5-n800 6 {'cycle': 6, 'max_species_cycle_change': 6.534959196002887e-08, 'state_change': 2.1976864772454974e-12, 'elemental_residuals': {'C': 0.0001350794251870874, 'H': 0.00013507943325736136, 'O': 0.00013507942742881464}, 'mass_residual': 0.00013507942692173033, 'max_pressure_relative_error': 2.920041750908986e-05, 'max_temperature_error_K': 2.1890184598305495e-07}
