/home/runner/work/Electrification-Suite/Electrification-Suite/tools/openmkm_dynamic/run_rph_fixed_pulse.py:25: UserWarning: NasaPoly2::validate: 
For species OHV, discontinuity in h/RT detected at Tmid = 1000
	Value computed using low-temperature polynomial:  53.62056162666667
	Value computed using high-temperature polynomial: 53.5841554314

  gas=ct.Solution("gri30.yaml" if inert else str(base.MECH))
/home/runner/work/Electrification-Suite/Electrification-Suite/tools/openmkm_dynamic/run_rph_fixed_pulse.py:25: UserWarning: NasaPoly2::validate: 
For species CHV, discontinuity in h/RT detected at Tmid = 1000
	Value computed using low-temperature polynomial:  107.5046684
	Value computed using high-temperature polynomial: 107.34847808033332

  gas=ct.Solution("gri30.yaml" if inert else str(base.MECH))
/home/runner/work/Electrification-Suite/Electrification-Suite/tools/openmkm_dynamic/run_rph_fixed_pulse.py:34: UserWarning: NasaPoly2::validate: 
For species OHV, discontinuity in h/RT detected at Tmid = 1000
	Value computed using low-temperature polynomial:  53.62056162666667
	Value computed using high-temperature polynomial: 53.5841554314

  inlet=ct.Reservoir(gas,clone=True);exhaust=ct.Reservoir(gas,clone=True)
/home/runner/work/Electrification-Suite/Electrification-Suite/tools/openmkm_dynamic/run_rph_fixed_pulse.py:34: UserWarning: NasaPoly2::validate: 
For species CHV, discontinuity in h/RT detected at Tmid = 1000
	Value computed using low-temperature polynomial:  107.5046684
	Value computed using high-temperature polynomial: 107.34847808033332

  inlet=ct.Reservoir(gas,clone=True);exhaust=ct.Reservoir(gas,clone=True)
/home/runner/work/Electrification-Suite/Electrification-Suite/tools/openmkm_dynamic/run_rph_fixed_pulse.py:35: UserWarning: NasaPoly2::validate: 
For species OHV, discontinuity in h/RT detected at Tmid = 1000
	Value computed using low-temperature polynomial:  53.62056162666667
	Value computed using high-temperature polynomial: 53.5841554314

  r=PrescribedTemperatureReactor(gas,energy="off",volume=vol,clone=True)
/home/runner/work/Electrification-Suite/Electrification-Suite/tools/openmkm_dynamic/run_rph_fixed_pulse.py:35: UserWarning: NasaPoly2::validate: 
For species CHV, discontinuity in h/RT detected at Tmid = 1000
	Value computed using low-temperature polynomial:  107.5046684
	Value computed using high-temperature polynomial: 107.34847808033332

  r=PrescribedTemperatureReactor(gas,energy="off",volume=vol,clone=True)
T1600-h0.3-Q100-n400 1 {'cycle': 1, 'max_species_cycle_change': None, 'state_change': None, 'elemental_residuals': {'C': 1.575598213408815e-05, 'H': 1.575851028461664e-05, 'O': 1.5755046310956183e-05}, 'mass_residual': 1.575565323864503e-05, 'max_pressure_relative_error': 2.9084335046114518e-05, 'max_temperature_error_K': 6.996674528636504e-08}
T1600-h0.3-Q100-n400 2 {'cycle': 2, 'max_species_cycle_change': 1.4620314514601773e-08, 'state_change': 5.833111771380572e-13, 'elemental_residuals': {'C': 1.5780306713371346e-05, 'H': 1.5792017722576306e-05, 'O': 1.5778801647494348e-05}, 'mass_residual': 1.578029105747724e-05, 'max_pressure_relative_error': 2.908433477766259e-05, 'max_temperature_error_K': 6.782056516385637e-08}
T1600-h0.3-Q100-n400 3 {'cycle': 3, 'max_species_cycle_change': 5.71024412476806e-09, 'state_change': 1.1585177261963508e-12, 'elemental_residuals': {'C': 1.5790072179381937e-05, 'H': 1.578952009579402e-05, 'O': 1.5790464597770665e-05}, 'mass_residual': 1.5790244208149257e-05, 'max_pressure_relative_error': 2.9084324362216307e-05, 'max_temperature_error_K': 6.831055543443654e-08}
