/home/runner/work/Electrification-Suite/Electrification-Suite/tools/openmkm_dynamic/run_rph_fixed_pulse.py:25: UserWarning: NasaPoly2::validate: 
For species OHV, discontinuity in h/RT detected at Tmid = 1000
	Value computed using low-temperature polynomial:  53.62056162666667
	Value computed using high-temperature polynomial: 53.5841554314

  gas=ct.Solution("gri30.yaml" if inert else str(base.MECH))
/home/runner/work/Electrification-Suite/Electrification-Suite/tools/openmkm_dynamic/run_rph_fixed_pulse.py:25: UserWarning: NasaPoly2::validate: 
For species CHV, discontinuity in h/RT detected at Tmid = 1000
	Value computed using low-temperature polynomial:  107.5046684
	Value computed using high-temperature polynomial: 107.34847808033332

  gas=ct.Solution("gri30.yaml" if inert else str(base.MECH))
/home/runner/work/Electrification-Suite/Electrification-Suite/tools/openmkm_dynamic/run_rph_fixed_pulse.py:34: UserWarning: NasaPoly2::validate: 
For species OHV, discontinuity in h/RT detected at Tmid = 1000
	Value computed using low-temperature polynomial:  53.62056162666667
	Value computed using high-temperature polynomial: 53.5841554314

  inlet=ct.Reservoir(gas,clone=True);exhaust=ct.Reservoir(gas,clone=True)
/home/runner/work/Electrification-Suite/Electrification-Suite/tools/openmkm_dynamic/run_rph_fixed_pulse.py:34: UserWarning: NasaPoly2::validate: 
For species CHV, discontinuity in h/RT detected at Tmid = 1000
	Value computed using low-temperature polynomial:  107.5046684
	Value computed using high-temperature polynomial: 107.34847808033332

  inlet=ct.Reservoir(gas,clone=True);exhaust=ct.Reservoir(gas,clone=True)
/home/runner/work/Electrification-Suite/Electrification-Suite/tools/openmkm_dynamic/run_rph_fixed_pulse.py:35: UserWarning: NasaPoly2::validate: 
For species OHV, discontinuity in h/RT detected at Tmid = 1000
	Value computed using low-temperature polynomial:  53.62056162666667
	Value computed using high-temperature polynomial: 53.5841554314

  r=PrescribedTemperatureReactor(gas,energy="off",volume=vol,clone=True)
/home/runner/work/Electrification-Suite/Electrification-Suite/tools/openmkm_dynamic/run_rph_fixed_pulse.py:35: UserWarning: NasaPoly2::validate: 
For species CHV, discontinuity in h/RT detected at Tmid = 1000
	Value computed using low-temperature polynomial:  107.5046684
	Value computed using high-temperature polynomial: 107.34847808033332

  r=PrescribedTemperatureReactor(gas,energy="off",volume=vol,clone=True)
T1600-h0.3-Q12.5-n800 1 {'cycle': 1, 'max_species_cycle_change': None, 'state_change': None, 'elemental_residuals': {'C': 8.226423976415434e-05, 'H': 8.2264192640305e-05, 'O': 8.22643314891826e-05}, 'mass_residual': 8.226428547307061e-05, 'max_pressure_relative_error': 2.9200417490660158e-05, 'max_temperature_error_K': 2.225447133241687e-07}
T1600-h0.3-Q12.5-n800 2 {'cycle': 2, 'max_species_cycle_change': 6.502375138328631e-09, 'state_change': 5.254685575550866e-13, 'elemental_residuals': {'C': 8.225115052026929e-05, 'H': 8.225117484427053e-05, 'O': 8.225116843712881e-05}, 'mass_residual': 8.225116170093287e-05, 'max_pressure_relative_error': 2.920042419085611e-05, 'max_temperature_error_K': 2.22321205001208e-07}
T1600-h0.3-Q12.5-n800 3 {'cycle': 3, 'max_species_cycle_change': 4.752730764501223e-09, 'state_change': 9.64561763794336e-13, 'elemental_residuals': {'C': 8.224211912299317e-05, 'H': 8.224271349598796e-05, 'O': 8.224179977063989e-05}, 'mass_residual': 8.224198886367678e-05, 'max_pressure_relative_error': 2.9200417508867815e-05, 'max_temperature_error_K': 2.2261451704252977e-07}
