/home/runner/work/Electrification-Suite/Electrification-Suite/tools/openmkm_dynamic/run_rph_fixed_pulse.py:25: UserWarning: NasaPoly2::validate: 
For species OHV, discontinuity in h/RT detected at Tmid = 1000
	Value computed using low-temperature polynomial:  53.62056162666667
	Value computed using high-temperature polynomial: 53.5841554314

  gas=ct.Solution("gri30.yaml" if inert else str(base.MECH))
/home/runner/work/Electrification-Suite/Electrification-Suite/tools/openmkm_dynamic/run_rph_fixed_pulse.py:25: UserWarning: NasaPoly2::validate: 
For species CHV, discontinuity in h/RT detected at Tmid = 1000
	Value computed using low-temperature polynomial:  107.5046684
	Value computed using high-temperature polynomial: 107.34847808033332

  gas=ct.Solution("gri30.yaml" if inert else str(base.MECH))
/home/runner/work/Electrification-Suite/Electrification-Suite/tools/openmkm_dynamic/run_rph_fixed_pulse.py:34: UserWarning: NasaPoly2::validate: 
For species OHV, discontinuity in h/RT detected at Tmid = 1000
	Value computed using low-temperature polynomial:  53.62056162666667
	Value computed using high-temperature polynomial: 53.5841554314

  inlet=ct.Reservoir(gas,clone=True);exhaust=ct.Reservoir(gas,clone=True)
/home/runner/work/Electrification-Suite/Electrification-Suite/tools/openmkm_dynamic/run_rph_fixed_pulse.py:34: UserWarning: NasaPoly2::validate: 
For species CHV, discontinuity in h/RT detected at Tmid = 1000
	Value computed using low-temperature polynomial:  107.5046684
	Value computed using high-temperature polynomial: 107.34847808033332

  inlet=ct.Reservoir(gas,clone=True);exhaust=ct.Reservoir(gas,clone=True)
/home/runner/work/Electrification-Suite/Electrification-Suite/tools/openmkm_dynamic/run_rph_fixed_pulse.py:35: UserWarning: NasaPoly2::validate: 
For species OHV, discontinuity in h/RT detected at Tmid = 1000
	Value computed using low-temperature polynomial:  53.62056162666667
	Value computed using high-temperature polynomial: 53.5841554314

  r=PrescribedTemperatureReactor(gas,energy="off",volume=vol,clone=True)
/home/runner/work/Electrification-Suite/Electrification-Suite/tools/openmkm_dynamic/run_rph_fixed_pulse.py:35: UserWarning: NasaPoly2::validate: 
For species CHV, discontinuity in h/RT detected at Tmid = 1000
	Value computed using low-temperature polynomial:  107.5046684
	Value computed using high-temperature polynomial: 107.34847808033332

  r=PrescribedTemperatureReactor(gas,energy="off",volume=vol,clone=True)
T1600-h0.65-Q12.5-n800 1 {'cycle': 1, 'max_species_cycle_change': None, 'state_change': None, 'elemental_residuals': {'C': -2.1127703760599238e-05, 'H': -2.1127510070181692e-05, 'O': -2.1127779291315617e-05}, 'mass_residual': -2.1127731001949127e-05, 'max_pressure_relative_error': 2.9200417490660158e-05, 'max_temperature_error_K': 2.225447133241687e-07}
T1600-h0.65-Q12.5-n800 2 {'cycle': 2, 'max_species_cycle_change': 4.441035289515227e-09, 'state_change': 5.802025526691068e-13, 'elemental_residuals': {'C': -2.1136036167445682e-05, 'H': -2.113581287115637e-05, 'O': -2.1136024067860822e-05}, 'mass_residual': -2.113601473041247e-05, 'max_pressure_relative_error': 2.920042673104639e-05, 'max_temperature_error_K': 2.223700903414283e-07}
T1600-h0.65-Q12.5-n800 3 {'cycle': 3, 'max_species_cycle_change': 1.588786358031058e-08, 'state_change': 7.029932191926491e-13, 'elemental_residuals': {'C': -2.1103594516421283e-05, 'H': -2.1103565580052584e-05, 'O': -2.1103682331341816e-05}, 'mass_residual': -2.1103639365679162e-05, 'max_pressure_relative_error': 2.920041750087421e-05, 'max_temperature_error_K': 2.2226208784559276e-07}
