/home/runner/work/Electrification-Suite/Electrification-Suite/tools/openmkm_dynamic/run_rph_fixed_pulse.py:25: UserWarning: NasaPoly2::validate: 
For species OHV, discontinuity in h/RT detected at Tmid = 1000
	Value computed using low-temperature polynomial:  53.62056162666667
	Value computed using high-temperature polynomial: 53.5841554314

  gas=ct.Solution("gri30.yaml" if inert else str(base.MECH))
/home/runner/work/Electrification-Suite/Electrification-Suite/tools/openmkm_dynamic/run_rph_fixed_pulse.py:25: UserWarning: NasaPoly2::validate: 
For species CHV, discontinuity in h/RT detected at Tmid = 1000
	Value computed using low-temperature polynomial:  107.5046684
	Value computed using high-temperature polynomial: 107.34847808033332

  gas=ct.Solution("gri30.yaml" if inert else str(base.MECH))
/home/runner/work/Electrification-Suite/Electrification-Suite/tools/openmkm_dynamic/run_rph_fixed_pulse.py:34: UserWarning: NasaPoly2::validate: 
For species OHV, discontinuity in h/RT detected at Tmid = 1000
	Value computed using low-temperature polynomial:  53.62056162666667
	Value computed using high-temperature polynomial: 53.5841554314

  inlet=ct.Reservoir(gas,clone=True);exhaust=ct.Reservoir(gas,clone=True)
/home/runner/work/Electrification-Suite/Electrification-Suite/tools/openmkm_dynamic/run_rph_fixed_pulse.py:34: UserWarning: NasaPoly2::validate: 
For species CHV, discontinuity in h/RT detected at Tmid = 1000
	Value computed using low-temperature polynomial:  107.5046684
	Value computed using high-temperature polynomial: 107.34847808033332

  inlet=ct.Reservoir(gas,clone=True);exhaust=ct.Reservoir(gas,clone=True)
/home/runner/work/Electrification-Suite/Electrification-Suite/tools/openmkm_dynamic/run_rph_fixed_pulse.py:35: UserWarning: NasaPoly2::validate: 
For species OHV, discontinuity in h/RT detected at Tmid = 1000
	Value computed using low-temperature polynomial:  53.62056162666667
	Value computed using high-temperature polynomial: 53.5841554314

  r=PrescribedTemperatureReactor(gas,energy="off",volume=vol,clone=True)
/home/runner/work/Electrification-Suite/Electrification-Suite/tools/openmkm_dynamic/run_rph_fixed_pulse.py:35: UserWarning: NasaPoly2::validate: 
For species CHV, discontinuity in h/RT detected at Tmid = 1000
	Value computed using low-temperature polynomial:  107.5046684
	Value computed using high-temperature polynomial: 107.34847808033332

  r=PrescribedTemperatureReactor(gas,energy="off",volume=vol,clone=True)
T1600-h0.5-Q200-n800 1 {'cycle': 1, 'max_species_cycle_change': None, 'state_change': None, 'elemental_residuals': {'C': -3.482663102878163e-07, 'H': -3.4558110854951093e-07, 'O': -3.4994984852680606e-07}, 'mass_residual': -3.489830723305089e-07, 'max_pressure_relative_error': 2.9200417489994024e-05, 'max_temperature_error_K': 4.3767613533418626e-08}
T1600-h0.5-Q200-n800 2 {'cycle': 2, 'max_species_cycle_change': 1.3130937337457738e-08, 'state_change': 4.1167069753100805e-13, 'elemental_residuals': {'C': -3.7168858514041177e-07, 'H': -3.745714756774797e-07, 'O': -3.7282356982834227e-07}, 'mass_residual': -3.724868948591004e-07, 'max_pressure_relative_error': 2.9200417493324693e-05, 'max_temperature_error_K': 3.9572569221490994e-08}
T1600-h0.5-Q200-n800 3 {'cycle': 3, 'max_species_cycle_change': 1.310360248085729e-08, 'state_change': 9.350298313393068e-13, 'elemental_residuals': {'C': -3.4717095887131086e-07, 'H': -3.455259120393364e-07, 'O': -3.477938857016255e-07}, 'mass_residual': -3.473924321601475e-07, 'max_pressure_relative_error': 2.920042250753596e-05, 'max_temperature_error_K': 4.035246092826128e-08}
