/home/runner/work/Electrification-Suite/Electrification-Suite/tools/openmkm_dynamic/run_rph_fixed_pulse.py:25: UserWarning: NasaPoly2::validate: 
For species OHV, discontinuity in h/RT detected at Tmid = 1000
	Value computed using low-temperature polynomial:  53.62056162666667
	Value computed using high-temperature polynomial: 53.5841554314

  gas=ct.Solution("gri30.yaml" if inert else str(base.MECH))
/home/runner/work/Electrification-Suite/Electrification-Suite/tools/openmkm_dynamic/run_rph_fixed_pulse.py:25: UserWarning: NasaPoly2::validate: 
For species CHV, discontinuity in h/RT detected at Tmid = 1000
	Value computed using low-temperature polynomial:  107.5046684
	Value computed using high-temperature polynomial: 107.34847808033332

  gas=ct.Solution("gri30.yaml" if inert else str(base.MECH))
/home/runner/work/Electrification-Suite/Electrification-Suite/tools/openmkm_dynamic/run_rph_fixed_pulse.py:34: UserWarning: NasaPoly2::validate: 
For species OHV, discontinuity in h/RT detected at Tmid = 1000
	Value computed using low-temperature polynomial:  53.62056162666667
	Value computed using high-temperature polynomial: 53.5841554314

  inlet=ct.Reservoir(gas,clone=True);exhaust=ct.Reservoir(gas,clone=True)
/home/runner/work/Electrification-Suite/Electrification-Suite/tools/openmkm_dynamic/run_rph_fixed_pulse.py:34: UserWarning: NasaPoly2::validate: 
For species CHV, discontinuity in h/RT detected at Tmid = 1000
	Value computed using low-temperature polynomial:  107.5046684
	Value computed using high-temperature polynomial: 107.34847808033332

  inlet=ct.Reservoir(gas,clone=True);exhaust=ct.Reservoir(gas,clone=True)
/home/runner/work/Electrification-Suite/Electrification-Suite/tools/openmkm_dynamic/run_rph_fixed_pulse.py:35: UserWarning: NasaPoly2::validate: 
For species OHV, discontinuity in h/RT detected at Tmid = 1000
	Value computed using low-temperature polynomial:  53.62056162666667
	Value computed using high-temperature polynomial: 53.5841554314

  r=PrescribedTemperatureReactor(gas,energy="off",volume=vol,clone=True)
/home/runner/work/Electrification-Suite/Electrification-Suite/tools/openmkm_dynamic/run_rph_fixed_pulse.py:35: UserWarning: NasaPoly2::validate: 
For species CHV, discontinuity in h/RT detected at Tmid = 1000
	Value computed using low-temperature polynomial:  107.5046684
	Value computed using high-temperature polynomial: 107.34847808033332

  r=PrescribedTemperatureReactor(gas,energy="off",volume=vol,clone=True)
T1600-h0.5-Q12.5-n800 1 {'cycle': 1, 'max_species_cycle_change': None, 'state_change': None, 'elemental_residuals': {'C': 2.4799646789026903e-05, 'H': 2.479950460695166e-05, 'O': 2.4799706016677227e-05}, 'mass_residual': 2.4799668802229483e-05, 'max_pressure_relative_error': 2.9200417490660158e-05, 'max_temperature_error_K': 2.225447133241687e-07}
T1600-h0.5-Q12.5-n800 2 {'cycle': 2, 'max_species_cycle_change': 6.022670029359745e-09, 'state_change': 1.2241319069516976e-12, 'elemental_residuals': {'C': 2.47874699231367e-05, 'H': 2.4787435849838237e-05, 'O': 2.4787510729286484e-05}, 'mass_residual': 2.4787489378907964e-05, 'max_pressure_relative_error': 2.9203327303495286e-05, 'max_temperature_error_K': 2.224501258751843e-07}
T1600-h0.5-Q12.5-n800 3 {'cycle': 3, 'max_species_cycle_change': 1.5042569911916104e-08, 'state_change': 1.4845902285287593e-12, 'elemental_residuals': {'C': 2.4817700336074357e-05, 'H': 2.481781898848125e-05, 'O': 2.4817604211735504e-05}, 'mass_residual': 2.4817657084335374e-05, 'max_pressure_relative_error': 2.920041101983628e-05, 'max_temperature_error_K': 2.2214749151316937e-07}
