/home/runner/work/Electrification-Suite/Electrification-Suite/tools/openmkm_dynamic/run_rph_fixed_pulse.py:25: UserWarning: NasaPoly2::validate: 
For species OHV, discontinuity in h/RT detected at Tmid = 1000
	Value computed using low-temperature polynomial:  53.62056162666667
	Value computed using high-temperature polynomial: 53.5841554314

  gas=ct.Solution("gri30.yaml" if inert else str(base.MECH))
/home/runner/work/Electrification-Suite/Electrification-Suite/tools/openmkm_dynamic/run_rph_fixed_pulse.py:25: UserWarning: NasaPoly2::validate: 
For species CHV, discontinuity in h/RT detected at Tmid = 1000
	Value computed using low-temperature polynomial:  107.5046684
	Value computed using high-temperature polynomial: 107.34847808033332

  gas=ct.Solution("gri30.yaml" if inert else str(base.MECH))
/home/runner/work/Electrification-Suite/Electrification-Suite/tools/openmkm_dynamic/run_rph_fixed_pulse.py:34: UserWarning: NasaPoly2::validate: 
For species OHV, discontinuity in h/RT detected at Tmid = 1000
	Value computed using low-temperature polynomial:  53.62056162666667
	Value computed using high-temperature polynomial: 53.5841554314

  inlet=ct.Reservoir(gas,clone=True);exhaust=ct.Reservoir(gas,clone=True)
/home/runner/work/Electrification-Suite/Electrification-Suite/tools/openmkm_dynamic/run_rph_fixed_pulse.py:34: UserWarning: NasaPoly2::validate: 
For species CHV, discontinuity in h/RT detected at Tmid = 1000
	Value computed using low-temperature polynomial:  107.5046684
	Value computed using high-temperature polynomial: 107.34847808033332

  inlet=ct.Reservoir(gas,clone=True);exhaust=ct.Reservoir(gas,clone=True)
/home/runner/work/Electrification-Suite/Electrification-Suite/tools/openmkm_dynamic/run_rph_fixed_pulse.py:35: UserWarning: NasaPoly2::validate: 
For species OHV, discontinuity in h/RT detected at Tmid = 1000
	Value computed using low-temperature polynomial:  53.62056162666667
	Value computed using high-temperature polynomial: 53.5841554314

  r=PrescribedTemperatureReactor(gas,energy="off",volume=vol,clone=True)
/home/runner/work/Electrification-Suite/Electrification-Suite/tools/openmkm_dynamic/run_rph_fixed_pulse.py:35: UserWarning: NasaPoly2::validate: 
For species CHV, discontinuity in h/RT detected at Tmid = 1000
	Value computed using low-temperature polynomial:  107.5046684
	Value computed using high-temperature polynomial: 107.34847808033332

  r=PrescribedTemperatureReactor(gas,energy="off",volume=vol,clone=True)
T1600-h0.65-Q25-n400 1 {'cycle': 1, 'max_species_cycle_change': None, 'state_change': None, 'elemental_residuals': {'C': -5.118930137796662e-05, 'H': -5.1189742825294243e-05, 'O': -5.1189306431132836e-05}, 'mass_residual': -5.11893337095194e-05, 'max_pressure_relative_error': 2.9084335047890875e-05, 'max_temperature_error_K': 3.5510129237081856e-07}
T1600-h0.65-Q25-n400 2 {'cycle': 2, 'max_species_cycle_change': 6.183984163632417e-08, 'state_change': 2.731148640577885e-13, 'elemental_residuals': {'C': -5.106643540089645e-05, 'H': -5.106579987583291e-05, 'O': -5.1067274568112615e-05}, 'mass_residual': -5.106683987229875e-05, 'max_pressure_relative_error': 2.9084335077422807e-05, 'max_temperature_error_K': 3.452976216067327e-07}
T1600-h0.65-Q25-n400 3 {'cycle': 3, 'max_species_cycle_change': 2.2609497773995457e-08, 'state_change': 4.818367926873179e-13, 'elemental_residuals': {'C': -5.110181866018286e-05, 'H': -5.104923502874587e-05, 'O': -5.1122726971337494e-05}, 'mass_residual': -5.1109428847068433e-05, 'max_pressure_relative_error': 2.908435537918308e-05, 'max_temperature_error_K': 3.4579852581373416e-07}
