/home/runner/work/Electrification-Suite/Electrification-Suite/tools/openmkm_dynamic/run_rph_fixed_pulse.py:25: UserWarning: NasaPoly2::validate: 
For species OHV, discontinuity in h/RT detected at Tmid = 1000
	Value computed using low-temperature polynomial:  53.62056162666667
	Value computed using high-temperature polynomial: 53.5841554314

  gas=ct.Solution("gri30.yaml" if inert else str(base.MECH))
/home/runner/work/Electrification-Suite/Electrification-Suite/tools/openmkm_dynamic/run_rph_fixed_pulse.py:25: UserWarning: NasaPoly2::validate: 
For species CHV, discontinuity in h/RT detected at Tmid = 1000
	Value computed using low-temperature polynomial:  107.5046684
	Value computed using high-temperature polynomial: 107.34847808033332

  gas=ct.Solution("gri30.yaml" if inert else str(base.MECH))
/home/runner/work/Electrification-Suite/Electrification-Suite/tools/openmkm_dynamic/run_rph_fixed_pulse.py:34: UserWarning: NasaPoly2::validate: 
For species OHV, discontinuity in h/RT detected at Tmid = 1000
	Value computed using low-temperature polynomial:  53.62056162666667
	Value computed using high-temperature polynomial: 53.5841554314

  inlet=ct.Reservoir(gas,clone=True);exhaust=ct.Reservoir(gas,clone=True)
/home/runner/work/Electrification-Suite/Electrification-Suite/tools/openmkm_dynamic/run_rph_fixed_pulse.py:34: UserWarning: NasaPoly2::validate: 
For species CHV, discontinuity in h/RT detected at Tmid = 1000
	Value computed using low-temperature polynomial:  107.5046684
	Value computed using high-temperature polynomial: 107.34847808033332

  inlet=ct.Reservoir(gas,clone=True);exhaust=ct.Reservoir(gas,clone=True)
/home/runner/work/Electrification-Suite/Electrification-Suite/tools/openmkm_dynamic/run_rph_fixed_pulse.py:35: UserWarning: NasaPoly2::validate: 
For species OHV, discontinuity in h/RT detected at Tmid = 1000
	Value computed using low-temperature polynomial:  53.62056162666667
	Value computed using high-temperature polynomial: 53.5841554314

  r=PrescribedTemperatureReactor(gas,energy="off",volume=vol,clone=True)
/home/runner/work/Electrification-Suite/Electrification-Suite/tools/openmkm_dynamic/run_rph_fixed_pulse.py:35: UserWarning: NasaPoly2::validate: 
For species CHV, discontinuity in h/RT detected at Tmid = 1000
	Value computed using low-temperature polynomial:  107.5046684
	Value computed using high-temperature polynomial: 107.34847808033332

  r=PrescribedTemperatureReactor(gas,energy="off",volume=vol,clone=True)
T1600-h0.3-Q200-n800 1 {'cycle': 1, 'max_species_cycle_change': None, 'state_change': None, 'elemental_residuals': {'C': 4.33979179405446e-06, 'H': 4.340725588388138e-06, 'O': 4.339516522114898e-06}, 'mass_residual': 4.339707811891857e-06, 'max_pressure_relative_error': 2.9200417489994024e-05, 'max_temperature_error_K': 4.3767613533418626e-08}
T1600-h0.3-Q200-n800 2 {'cycle': 2, 'max_species_cycle_change': 1.7662557527664546e-09, 'state_change': 2.6623148130511254e-13, 'elemental_residuals': {'C': 4.336518971929209e-06, 'H': 4.3374686587681725e-06, 'O': 4.336382186269418e-06}, 'mass_residual': 4.336509852635053e-06, 'max_pressure_relative_error': 2.920042142018353e-05, 'max_temperature_error_K': 3.959598871006165e-08}
T1600-h0.3-Q200-n800 3 {'cycle': 3, 'max_species_cycle_change': 2.8636556459460394e-09, 'state_change': 1.8467449791614854e-12, 'elemental_residuals': {'C': 4.331448912341829e-06, 'H': 4.331473665853095e-06, 'O': 4.332000778126916e-06}, 'mass_residual': 4.331744629775088e-06, 'max_pressure_relative_error': 2.920041746046209e-05, 'max_temperature_error_K': 4.075138804182643e-08}
