/home/runner/work/Electrification-Suite/Electrification-Suite/tools/openmkm_dynamic/run_rph_fixed_pulse.py:25: UserWarning: NasaPoly2::validate: 
For species OHV, discontinuity in h/RT detected at Tmid = 1000
	Value computed using low-temperature polynomial:  53.62056162666667
	Value computed using high-temperature polynomial: 53.5841554314

  gas=ct.Solution("gri30.yaml" if inert else str(base.MECH))
/home/runner/work/Electrification-Suite/Electrification-Suite/tools/openmkm_dynamic/run_rph_fixed_pulse.py:25: UserWarning: NasaPoly2::validate: 
For species CHV, discontinuity in h/RT detected at Tmid = 1000
	Value computed using low-temperature polynomial:  107.5046684
	Value computed using high-temperature polynomial: 107.34847808033332

  gas=ct.Solution("gri30.yaml" if inert else str(base.MECH))
/home/runner/work/Electrification-Suite/Electrification-Suite/tools/openmkm_dynamic/run_rph_fixed_pulse.py:34: UserWarning: NasaPoly2::validate: 
For species OHV, discontinuity in h/RT detected at Tmid = 1000
	Value computed using low-temperature polynomial:  53.62056162666667
	Value computed using high-temperature polynomial: 53.5841554314

  inlet=ct.Reservoir(gas,clone=True);exhaust=ct.Reservoir(gas,clone=True)
/home/runner/work/Electrification-Suite/Electrification-Suite/tools/openmkm_dynamic/run_rph_fixed_pulse.py:34: UserWarning: NasaPoly2::validate: 
For species CHV, discontinuity in h/RT detected at Tmid = 1000
	Value computed using low-temperature polynomial:  107.5046684
	Value computed using high-temperature polynomial: 107.34847808033332

  inlet=ct.Reservoir(gas,clone=True);exhaust=ct.Reservoir(gas,clone=True)
/home/runner/work/Electrification-Suite/Electrification-Suite/tools/openmkm_dynamic/run_rph_fixed_pulse.py:35: UserWarning: NasaPoly2::validate: 
For species OHV, discontinuity in h/RT detected at Tmid = 1000
	Value computed using low-temperature polynomial:  53.62056162666667
	Value computed using high-temperature polynomial: 53.5841554314

  r=PrescribedTemperatureReactor(gas,energy="off",volume=vol,clone=True)
/home/runner/work/Electrification-Suite/Electrification-Suite/tools/openmkm_dynamic/run_rph_fixed_pulse.py:35: UserWarning: NasaPoly2::validate: 
For species CHV, discontinuity in h/RT detected at Tmid = 1000
	Value computed using low-temperature polynomial:  107.5046684
	Value computed using high-temperature polynomial: 107.34847808033332

  r=PrescribedTemperatureReactor(gas,energy="off",volume=vol,clone=True)
T1600-h0.65-Q50-n400 1 {'cycle': 1, 'max_species_cycle_change': None, 'state_change': None, 'elemental_residuals': {'C': -3.2758258396355555e-05, 'H': -3.279847487260829e-05, 'O': -3.273601614212089e-05}, 'mass_residual': -3.274910707533762e-05, 'max_pressure_relative_error': 2.9084335045448384e-05, 'max_temperature_error_K': 2.571302957221633e-07}
T1600-h0.65-Q50-n400 2 {'cycle': 2, 'max_species_cycle_change': 2.9952627877971594e-08, 'state_change': 6.656897255652439e-13, 'elemental_residuals': {'C': -3.280594476884181e-05, 'H': -3.28069841882214e-05, 'O': -3.281122110411214e-05}, 'mass_residual': -3.280882599243311e-05, 'max_pressure_relative_error': 2.9084334915330246e-05, 'max_temperature_error_K': 2.5691861083032563e-07}
T1600-h0.65-Q50-n400 3 {'cycle': 3, 'max_species_cycle_change': 4.2866285410170235e-08, 'state_change': 1.6379120282294934e-12, 'elemental_residuals': {'C': -3.2887142173598495e-05, 'H': -3.2897717317872175e-05, 'O': -3.2883652474150437e-05}, 'mass_residual': -3.2885992754727364e-05, 'max_pressure_relative_error': 2.9084335025686414e-05, 'max_temperature_error_K': 2.578115072537912e-07}
