/home/runner/work/Electrification-Suite/Electrification-Suite/tools/openmkm_dynamic/run_rph_fixed_pulse.py:25: UserWarning: NasaPoly2::validate: 
For species OHV, discontinuity in h/RT detected at Tmid = 1000
	Value computed using low-temperature polynomial:  53.62056162666667
	Value computed using high-temperature polynomial: 53.5841554314

  gas=ct.Solution("gri30.yaml" if inert else str(base.MECH))
/home/runner/work/Electrification-Suite/Electrification-Suite/tools/openmkm_dynamic/run_rph_fixed_pulse.py:25: UserWarning: NasaPoly2::validate: 
For species CHV, discontinuity in h/RT detected at Tmid = 1000
	Value computed using low-temperature polynomial:  107.5046684
	Value computed using high-temperature polynomial: 107.34847808033332

  gas=ct.Solution("gri30.yaml" if inert else str(base.MECH))
/home/runner/work/Electrification-Suite/Electrification-Suite/tools/openmkm_dynamic/run_rph_fixed_pulse.py:34: UserWarning: NasaPoly2::validate: 
For species OHV, discontinuity in h/RT detected at Tmid = 1000
	Value computed using low-temperature polynomial:  53.62056162666667
	Value computed using high-temperature polynomial: 53.5841554314

  inlet=ct.Reservoir(gas,clone=True);exhaust=ct.Reservoir(gas,clone=True)
/home/runner/work/Electrification-Suite/Electrification-Suite/tools/openmkm_dynamic/run_rph_fixed_pulse.py:34: UserWarning: NasaPoly2::validate: 
For species CHV, discontinuity in h/RT detected at Tmid = 1000
	Value computed using low-temperature polynomial:  107.5046684
	Value computed using high-temperature polynomial: 107.34847808033332

  inlet=ct.Reservoir(gas,clone=True);exhaust=ct.Reservoir(gas,clone=True)
/home/runner/work/Electrification-Suite/Electrification-Suite/tools/openmkm_dynamic/run_rph_fixed_pulse.py:35: UserWarning: NasaPoly2::validate: 
For species OHV, discontinuity in h/RT detected at Tmid = 1000
	Value computed using low-temperature polynomial:  53.62056162666667
	Value computed using high-temperature polynomial: 53.5841554314

  r=PrescribedTemperatureReactor(gas,energy="off",volume=vol,clone=True)
/home/runner/work/Electrification-Suite/Electrification-Suite/tools/openmkm_dynamic/run_rph_fixed_pulse.py:35: UserWarning: NasaPoly2::validate: 
For species CHV, discontinuity in h/RT detected at Tmid = 1000
	Value computed using low-temperature polynomial:  107.5046684
	Value computed using high-temperature polynomial: 107.34847808033332

  r=PrescribedTemperatureReactor(gas,energy="off",volume=vol,clone=True)
T1600-h0.3-Q200-n400 1 {'cycle': 1, 'max_species_cycle_change': None, 'state_change': None, 'elemental_residuals': {'C': 7.0523171720408704e-06, 'H': 7.0524611927680925e-06, 'O': 7.052307619975527e-06}, 'mass_residual': 7.052321752449818e-06, 'max_pressure_relative_error': 2.908433504433816e-05, 'max_temperature_error_K': 1.0642816050676629e-07}
T1600-h0.3-Q200-n400 2 {'cycle': 2, 'max_species_cycle_change': 1.9256324423899684e-08, 'state_change': 5.092593013955593e-13, 'elemental_residuals': {'C': 7.014136636499111e-06, 'H': 7.014827761124194e-06, 'O': 7.013731721808592e-06}, 'mass_residual': 7.013967290509229e-06, 'max_pressure_relative_error': 2.9084329868256376e-05, 'max_temperature_error_K': 9.0542243924574e-08}
T1600-h0.3-Q200-n400 3 {'cycle': 3, 'max_species_cycle_change': 1.3183028446661638e-08, 'state_change': 3.2884805989397137e-13, 'elemental_residuals': {'C': 7.040177797896101e-06, 'H': 7.0401318103530464e-06, 'O': 7.040071195245549e-06}, 'mass_residual': 7.040117908918369e-06, 'max_pressure_relative_error': 2.9084333467155332e-05, 'max_temperature_error_K': 9.039649739861488e-08}
