/home/runner/work/Electrification-Suite/Electrification-Suite/tools/openmkm_dynamic/run_rph_fixed_pulse.py:25: UserWarning: NasaPoly2::validate: 
For species OHV, discontinuity in h/RT detected at Tmid = 1000
	Value computed using low-temperature polynomial:  53.62056162666667
	Value computed using high-temperature polynomial: 53.5841554314

  gas=ct.Solution("gri30.yaml" if inert else str(base.MECH))
/home/runner/work/Electrification-Suite/Electrification-Suite/tools/openmkm_dynamic/run_rph_fixed_pulse.py:25: UserWarning: NasaPoly2::validate: 
For species CHV, discontinuity in h/RT detected at Tmid = 1000
	Value computed using low-temperature polynomial:  107.5046684
	Value computed using high-temperature polynomial: 107.34847808033332

  gas=ct.Solution("gri30.yaml" if inert else str(base.MECH))
/home/runner/work/Electrification-Suite/Electrification-Suite/tools/openmkm_dynamic/run_rph_fixed_pulse.py:34: UserWarning: NasaPoly2::validate: 
For species OHV, discontinuity in h/RT detected at Tmid = 1000
	Value computed using low-temperature polynomial:  53.62056162666667
	Value computed using high-temperature polynomial: 53.5841554314

  inlet=ct.Reservoir(gas,clone=True);exhaust=ct.Reservoir(gas,clone=True)
/home/runner/work/Electrification-Suite/Electrification-Suite/tools/openmkm_dynamic/run_rph_fixed_pulse.py:34: UserWarning: NasaPoly2::validate: 
For species CHV, discontinuity in h/RT detected at Tmid = 1000
	Value computed using low-temperature polynomial:  107.5046684
	Value computed using high-temperature polynomial: 107.34847808033332

  inlet=ct.Reservoir(gas,clone=True);exhaust=ct.Reservoir(gas,clone=True)
/home/runner/work/Electrification-Suite/Electrification-Suite/tools/openmkm_dynamic/run_rph_fixed_pulse.py:35: UserWarning: NasaPoly2::validate: 
For species OHV, discontinuity in h/RT detected at Tmid = 1000
	Value computed using low-temperature polynomial:  53.62056162666667
	Value computed using high-temperature polynomial: 53.5841554314

  r=PrescribedTemperatureReactor(gas,energy="off",volume=vol,clone=True)
/home/runner/work/Electrification-Suite/Electrification-Suite/tools/openmkm_dynamic/run_rph_fixed_pulse.py:35: UserWarning: NasaPoly2::validate: 
For species CHV, discontinuity in h/RT detected at Tmid = 1000
	Value computed using low-temperature polynomial:  107.5046684
	Value computed using high-temperature polynomial: 107.34847808033332

  r=PrescribedTemperatureReactor(gas,energy="off",volume=vol,clone=True)
T1600-h0.5-Q12.5-n400 1 {'cycle': 1, 'max_species_cycle_change': None, 'state_change': None, 'elemental_residuals': {'C': 2.398008799024724e-05, 'H': 2.3980124847032215e-05, 'O': 2.3980082916293756e-05}, 'mass_residual': 2.3980087760377474e-05, 'max_pressure_relative_error': 2.908433504478225e-05, 'max_temperature_error_K': 3.548316271917429e-07}
T1600-h0.5-Q12.5-n400 2 {'cycle': 2, 'max_species_cycle_change': 9.83774114393654e-08, 'state_change': 3.3700819912496627e-13, 'elemental_residuals': {'C': 2.378150475506879e-05, 'H': 2.37828419174899e-05, 'O': 2.3784532072359446e-05}, 'mass_residual': 2.3783207605405058e-05, 'max_pressure_relative_error': 2.908429001302615e-05, 'max_temperature_error_K': 3.5471794035402127e-07}
T1600-h0.5-Q12.5-n400 3 {'cycle': 3, 'max_species_cycle_change': 6.228658638862683e-08, 'state_change': 4.666267372499533e-13, 'elemental_residuals': {'C': 2.365901896883964e-05, 'H': 2.3666659590574064e-05, 'O': 2.3656532123887988e-05}, 'mass_residual': 2.365820688919864e-05, 'max_pressure_relative_error': 2.9084560466241527e-05, 'max_temperature_error_K': 3.5510220186552033e-07}
