/home/runner/work/Electrification-Suite/Electrification-Suite/tools/openmkm_dynamic/run_rph_fixed_pulse.py:25: UserWarning: NasaPoly2::validate: 
For species OHV, discontinuity in h/RT detected at Tmid = 1000
	Value computed using low-temperature polynomial:  53.62056162666667
	Value computed using high-temperature polynomial: 53.5841554314

  gas=ct.Solution("gri30.yaml" if inert else str(base.MECH))
/home/runner/work/Electrification-Suite/Electrification-Suite/tools/openmkm_dynamic/run_rph_fixed_pulse.py:25: UserWarning: NasaPoly2::validate: 
For species CHV, discontinuity in h/RT detected at Tmid = 1000
	Value computed using low-temperature polynomial:  107.5046684
	Value computed using high-temperature polynomial: 107.34847808033332

  gas=ct.Solution("gri30.yaml" if inert else str(base.MECH))
/home/runner/work/Electrification-Suite/Electrification-Suite/tools/openmkm_dynamic/run_rph_fixed_pulse.py:34: UserWarning: NasaPoly2::validate: 
For species OHV, discontinuity in h/RT detected at Tmid = 1000
	Value computed using low-temperature polynomial:  53.62056162666667
	Value computed using high-temperature polynomial: 53.5841554314

  inlet=ct.Reservoir(gas,clone=True);exhaust=ct.Reservoir(gas,clone=True)
/home/runner/work/Electrification-Suite/Electrification-Suite/tools/openmkm_dynamic/run_rph_fixed_pulse.py:34: UserWarning: NasaPoly2::validate: 
For species CHV, discontinuity in h/RT detected at Tmid = 1000
	Value computed using low-temperature polynomial:  107.5046684
	Value computed using high-temperature polynomial: 107.34847808033332

  inlet=ct.Reservoir(gas,clone=True);exhaust=ct.Reservoir(gas,clone=True)
/home/runner/work/Electrification-Suite/Electrification-Suite/tools/openmkm_dynamic/run_rph_fixed_pulse.py:35: UserWarning: NasaPoly2::validate: 
For species OHV, discontinuity in h/RT detected at Tmid = 1000
	Value computed using low-temperature polynomial:  53.62056162666667
	Value computed using high-temperature polynomial: 53.5841554314

  r=PrescribedTemperatureReactor(gas,energy="off",volume=vol,clone=True)
/home/runner/work/Electrification-Suite/Electrification-Suite/tools/openmkm_dynamic/run_rph_fixed_pulse.py:35: UserWarning: NasaPoly2::validate: 
For species CHV, discontinuity in h/RT detected at Tmid = 1000
	Value computed using low-temperature polynomial:  107.5046684
	Value computed using high-temperature polynomial: 107.34847808033332

  r=PrescribedTemperatureReactor(gas,energy="off",volume=vol,clone=True)
T1600-h0.1-Q100-n400 1 {'cycle': 1, 'max_species_cycle_change': None, 'state_change': None, 'elemental_residuals': {'C': 3.3004559059228074e-05, 'H': 3.3004538156778666e-05, 'O': 3.3004573578675324e-05}, 'mass_residual': 3.3004565392287206e-05, 'max_pressure_relative_error': 2.9084335046114518e-05, 'max_temperature_error_K': 6.996674528636504e-08}
T1600-h0.1-Q100-n400 2 {'cycle': 2, 'max_species_cycle_change': 3.513310642411227e-09, 'state_change': 2.793321129956894e-13, 'elemental_residuals': {'C': 3.2997567374274356e-05, 'H': 3.2997599935372136e-05, 'O': 3.299753753048168e-05}, 'mass_residual': 3.299755365887358e-05, 'max_pressure_relative_error': 2.9084335026352548e-05, 'max_temperature_error_K': 6.811092134739738e-08}
T1600-h0.1-Q100-n400 3 {'cycle': 3, 'max_species_cycle_change': 2.572650426024836e-10, 'state_change': 1.7298384946684564e-12, 'elemental_residuals': {'C': 3.2997047598855836e-05, 'H': 3.299705463926663e-05, 'O': 3.299704092375643e-05}, 'mass_residual': 3.299704451632994e-05, 'max_pressure_relative_error': 2.9084335597451272e-05, 'max_temperature_error_K': 6.933692020538729e-08}
