/home/runner/work/Electrification-Suite/Electrification-Suite/tools/openmkm_dynamic/run_rph_fixed_pulse.py:25: UserWarning: NasaPoly2::validate: 
For species OHV, discontinuity in h/RT detected at Tmid = 1000
	Value computed using low-temperature polynomial:  53.62056162666667
	Value computed using high-temperature polynomial: 53.5841554314

  gas=ct.Solution("gri30.yaml" if inert else str(base.MECH))
/home/runner/work/Electrification-Suite/Electrification-Suite/tools/openmkm_dynamic/run_rph_fixed_pulse.py:25: UserWarning: NasaPoly2::validate: 
For species CHV, discontinuity in h/RT detected at Tmid = 1000
	Value computed using low-temperature polynomial:  107.5046684
	Value computed using high-temperature polynomial: 107.34847808033332

  gas=ct.Solution("gri30.yaml" if inert else str(base.MECH))
/home/runner/work/Electrification-Suite/Electrification-Suite/tools/openmkm_dynamic/run_rph_fixed_pulse.py:34: UserWarning: NasaPoly2::validate: 
For species OHV, discontinuity in h/RT detected at Tmid = 1000
	Value computed using low-temperature polynomial:  53.62056162666667
	Value computed using high-temperature polynomial: 53.5841554314

  inlet=ct.Reservoir(gas,clone=True);exhaust=ct.Reservoir(gas,clone=True)
/home/runner/work/Electrification-Suite/Electrification-Suite/tools/openmkm_dynamic/run_rph_fixed_pulse.py:34: UserWarning: NasaPoly2::validate: 
For species CHV, discontinuity in h/RT detected at Tmid = 1000
	Value computed using low-temperature polynomial:  107.5046684
	Value computed using high-temperature polynomial: 107.34847808033332

  inlet=ct.Reservoir(gas,clone=True);exhaust=ct.Reservoir(gas,clone=True)
/home/runner/work/Electrification-Suite/Electrification-Suite/tools/openmkm_dynamic/run_rph_fixed_pulse.py:35: UserWarning: NasaPoly2::validate: 
For species OHV, discontinuity in h/RT detected at Tmid = 1000
	Value computed using low-temperature polynomial:  53.62056162666667
	Value computed using high-temperature polynomial: 53.5841554314

  r=PrescribedTemperatureReactor(gas,energy="off",volume=vol,clone=True)
/home/runner/work/Electrification-Suite/Electrification-Suite/tools/openmkm_dynamic/run_rph_fixed_pulse.py:35: UserWarning: NasaPoly2::validate: 
For species CHV, discontinuity in h/RT detected at Tmid = 1000
	Value computed using low-temperature polynomial:  107.5046684
	Value computed using high-temperature polynomial: 107.34847808033332

  r=PrescribedTemperatureReactor(gas,energy="off",volume=vol,clone=True)
T1600-h0.5-Q200-n400 1 {'cycle': 1, 'max_species_cycle_change': None, 'state_change': None, 'elemental_residuals': {'C': -3.6385929905755724e-06, 'H': -3.6354132207840493e-06, 'O': -3.632957523466585e-06}, 'mass_residual': -3.635376704511145e-06, 'max_pressure_relative_error': 2.908433504433816e-05, 'max_temperature_error_K': 1.0642816050676629e-07}
T1600-h0.5-Q200-n400 2 {'cycle': 2, 'max_species_cycle_change': 1.2393198356441815e-08, 'state_change': 2.9809488211185453e-13, 'elemental_residuals': {'C': -3.6559242518502898e-06, 'H': -3.6547908234114687e-06, 'O': -3.6573623815226305e-06}, 'mass_residual': -3.6566144339947555e-06, 'max_pressure_relative_error': 2.9084329754569538e-05, 'max_temperature_error_K': 9.031532499648165e-08}
T1600-h0.5-Q200-n400 3 {'cycle': 3, 'max_species_cycle_change': 2.307121066413842e-08, 'state_change': 9.829914660031136e-13, 'elemental_residuals': {'C': -3.7026633355738303e-06, 'H': -3.6975610002745695e-06, 'O': -3.704166092199484e-06}, 'mass_residual': -3.7031214799326424e-06, 'max_pressure_relative_error': 2.9084322959782583e-05, 'max_temperature_error_K': 9.026882707985351e-08}
