/home/runner/work/Electrification-Suite/Electrification-Suite/tools/openmkm_dynamic/run_rph_fixed_pulse.py:25: UserWarning: NasaPoly2::validate: 
For species OHV, discontinuity in h/RT detected at Tmid = 1000
	Value computed using low-temperature polynomial:  53.62056162666667
	Value computed using high-temperature polynomial: 53.5841554314

  gas=ct.Solution("gri30.yaml" if inert else str(base.MECH))
/home/runner/work/Electrification-Suite/Electrification-Suite/tools/openmkm_dynamic/run_rph_fixed_pulse.py:25: UserWarning: NasaPoly2::validate: 
For species CHV, discontinuity in h/RT detected at Tmid = 1000
	Value computed using low-temperature polynomial:  107.5046684
	Value computed using high-temperature polynomial: 107.34847808033332

  gas=ct.Solution("gri30.yaml" if inert else str(base.MECH))
/home/runner/work/Electrification-Suite/Electrification-Suite/tools/openmkm_dynamic/run_rph_fixed_pulse.py:34: UserWarning: NasaPoly2::validate: 
For species OHV, discontinuity in h/RT detected at Tmid = 1000
	Value computed using low-temperature polynomial:  53.62056162666667
	Value computed using high-temperature polynomial: 53.5841554314

  inlet=ct.Reservoir(gas,clone=True);exhaust=ct.Reservoir(gas,clone=True)
/home/runner/work/Electrification-Suite/Electrification-Suite/tools/openmkm_dynamic/run_rph_fixed_pulse.py:34: UserWarning: NasaPoly2::validate: 
For species CHV, discontinuity in h/RT detected at Tmid = 1000
	Value computed using low-temperature polynomial:  107.5046684
	Value computed using high-temperature polynomial: 107.34847808033332

  inlet=ct.Reservoir(gas,clone=True);exhaust=ct.Reservoir(gas,clone=True)
/home/runner/work/Electrification-Suite/Electrification-Suite/tools/openmkm_dynamic/run_rph_fixed_pulse.py:35: UserWarning: NasaPoly2::validate: 
For species OHV, discontinuity in h/RT detected at Tmid = 1000
	Value computed using low-temperature polynomial:  53.62056162666667
	Value computed using high-temperature polynomial: 53.5841554314

  r=PrescribedTemperatureReactor(gas,energy="off",volume=vol,clone=True)
/home/runner/work/Electrification-Suite/Electrification-Suite/tools/openmkm_dynamic/run_rph_fixed_pulse.py:35: UserWarning: NasaPoly2::validate: 
For species CHV, discontinuity in h/RT detected at Tmid = 1000
	Value computed using low-temperature polynomial:  107.5046684
	Value computed using high-temperature polynomial: 107.34847808033332

  r=PrescribedTemperatureReactor(gas,energy="off",volume=vol,clone=True)
T1600-h0.1-Q100-n800 1 {'cycle': 1, 'max_species_cycle_change': None, 'state_change': None, 'elemental_residuals': {'C': 1.6638856232791167e-05, 'H': 1.6638680582673072e-05, 'O': 1.663896424968186e-05}, 'mass_residual': 1.6638901996226573e-05, 'max_pressure_relative_error': 2.9200417491548336e-05, 'max_temperature_error_K': 9.71506324276561e-07}
T1600-h0.1-Q100-n800 2 {'cycle': 2, 'max_species_cycle_change': 1.6242440892266785e-08, 'state_change': 6.884492975700596e-13, 'elemental_residuals': {'C': 1.66064774432952e-05, 'H': 1.6606487420919178e-05, 'O': 1.6606494120238764e-05}, 'mass_residual': 1.66064870027163e-05, 'max_pressure_relative_error': 2.9200416665986495e-05, 'max_temperature_error_K': 9.720201887830626e-07}
T1600-h0.1-Q100-n800 3 {'cycle': 3, 'max_species_cycle_change': 2.2263183407922327e-08, 'state_change': 2.4096280526464398e-12, 'elemental_residuals': {'C': 1.6651153847657948e-05, 'H': 1.6651352394074903e-05, 'O': 1.6651147961013545e-05}, 'mass_residual': 1.665116404165293e-05, 'max_pressure_relative_error': 2.920041740739343e-05, 'max_temperature_error_K': 9.720074558572378e-07}
