/home/runner/work/Electrification-Suite/Electrification-Suite/tools/openmkm_dynamic/run_rph_fixed_pulse.py:25: UserWarning: NasaPoly2::validate: 
For species OHV, discontinuity in h/RT detected at Tmid = 1000
	Value computed using low-temperature polynomial:  53.62056162666667
	Value computed using high-temperature polynomial: 53.5841554314

  gas=ct.Solution("gri30.yaml" if inert else str(base.MECH))
/home/runner/work/Electrification-Suite/Electrification-Suite/tools/openmkm_dynamic/run_rph_fixed_pulse.py:25: UserWarning: NasaPoly2::validate: 
For species CHV, discontinuity in h/RT detected at Tmid = 1000
	Value computed using low-temperature polynomial:  107.5046684
	Value computed using high-temperature polynomial: 107.34847808033332

  gas=ct.Solution("gri30.yaml" if inert else str(base.MECH))
/home/runner/work/Electrification-Suite/Electrification-Suite/tools/openmkm_dynamic/run_rph_fixed_pulse.py:34: UserWarning: NasaPoly2::validate: 
For species OHV, discontinuity in h/RT detected at Tmid = 1000
	Value computed using low-temperature polynomial:  53.62056162666667
	Value computed using high-temperature polynomial: 53.5841554314

  inlet=ct.Reservoir(gas,clone=True);exhaust=ct.Reservoir(gas,clone=True)
/home/runner/work/Electrification-Suite/Electrification-Suite/tools/openmkm_dynamic/run_rph_fixed_pulse.py:34: UserWarning: NasaPoly2::validate: 
For species CHV, discontinuity in h/RT detected at Tmid = 1000
	Value computed using low-temperature polynomial:  107.5046684
	Value computed using high-temperature polynomial: 107.34847808033332

  inlet=ct.Reservoir(gas,clone=True);exhaust=ct.Reservoir(gas,clone=True)
/home/runner/work/Electrification-Suite/Electrification-Suite/tools/openmkm_dynamic/run_rph_fixed_pulse.py:35: UserWarning: NasaPoly2::validate: 
For species OHV, discontinuity in h/RT detected at Tmid = 1000
	Value computed using low-temperature polynomial:  53.62056162666667
	Value computed using high-temperature polynomial: 53.5841554314

  r=PrescribedTemperatureReactor(gas,energy="off",volume=vol,clone=True)
/home/runner/work/Electrification-Suite/Electrification-Suite/tools/openmkm_dynamic/run_rph_fixed_pulse.py:35: UserWarning: NasaPoly2::validate: 
For species CHV, discontinuity in h/RT detected at Tmid = 1000
	Value computed using low-temperature polynomial:  107.5046684
	Value computed using high-temperature polynomial: 107.34847808033332

  r=PrescribedTemperatureReactor(gas,energy="off",volume=vol,clone=True)
T1600-h0.5-Q100-n800 1 {'cycle': 1, 'max_species_cycle_change': None, 'state_change': None, 'elemental_residuals': {'C': 5.381794515108165e-07, 'H': 5.377892887756468e-07, 'O': 5.385157566565236e-07}, 'mass_residual': 5.383324614479067e-07, 'max_pressure_relative_error': 2.9200417491548336e-05, 'max_temperature_error_K': 9.715486157801934e-07}
T1600-h0.5-Q100-n800 2 {'cycle': 2, 'max_species_cycle_change': 1.2299343710164834e-08, 'state_change': 1.4876988529977098e-14, 'elemental_residuals': {'C': 5.570811330973044e-07, 'H': 5.712271294728202e-07, 'O': 5.594657178081154e-07}, 'mass_residual': 5.593015213681108e-07, 'max_pressure_relative_error': 2.920041740295254e-05, 'max_temperature_error_K': 9.719719855638687e-07}
T1600-h0.5-Q100-n800 3 {'cycle': 3, 'max_species_cycle_change': 8.14707268315118e-09, 'state_change': 8.801848139228241e-13, 'elemental_residuals': {'C': 5.460446955040263e-07, 'H': 5.476152766417129e-07, 'O': 5.455875584862472e-07}, 'mass_residual': 5.459065714233029e-07, 'max_pressure_relative_error': 2.920041741316659e-05, 'max_temperature_error_K': 9.714141242511687e-07}
