/home/runner/work/Electrification-Suite/Electrification-Suite/tools/openmkm_dynamic/run_rph_fixed_pulse.py:25: UserWarning: NasaPoly2::validate: 
For species OHV, discontinuity in h/RT detected at Tmid = 1000
	Value computed using low-temperature polynomial:  53.62056162666667
	Value computed using high-temperature polynomial: 53.5841554314

  gas=ct.Solution("gri30.yaml" if inert else str(base.MECH))
/home/runner/work/Electrification-Suite/Electrification-Suite/tools/openmkm_dynamic/run_rph_fixed_pulse.py:25: UserWarning: NasaPoly2::validate: 
For species CHV, discontinuity in h/RT detected at Tmid = 1000
	Value computed using low-temperature polynomial:  107.5046684
	Value computed using high-temperature polynomial: 107.34847808033332

  gas=ct.Solution("gri30.yaml" if inert else str(base.MECH))
/home/runner/work/Electrification-Suite/Electrification-Suite/tools/openmkm_dynamic/run_rph_fixed_pulse.py:34: UserWarning: NasaPoly2::validate: 
For species OHV, discontinuity in h/RT detected at Tmid = 1000
	Value computed using low-temperature polynomial:  53.62056162666667
	Value computed using high-temperature polynomial: 53.5841554314

  inlet=ct.Reservoir(gas,clone=True);exhaust=ct.Reservoir(gas,clone=True)
/home/runner/work/Electrification-Suite/Electrification-Suite/tools/openmkm_dynamic/run_rph_fixed_pulse.py:34: UserWarning: NasaPoly2::validate: 
For species CHV, discontinuity in h/RT detected at Tmid = 1000
	Value computed using low-temperature polynomial:  107.5046684
	Value computed using high-temperature polynomial: 107.34847808033332

  inlet=ct.Reservoir(gas,clone=True);exhaust=ct.Reservoir(gas,clone=True)
/home/runner/work/Electrification-Suite/Electrification-Suite/tools/openmkm_dynamic/run_rph_fixed_pulse.py:35: UserWarning: NasaPoly2::validate: 
For species OHV, discontinuity in h/RT detected at Tmid = 1000
	Value computed using low-temperature polynomial:  53.62056162666667
	Value computed using high-temperature polynomial: 53.5841554314

  r=PrescribedTemperatureReactor(gas,energy="off",volume=vol,clone=True)
/home/runner/work/Electrification-Suite/Electrification-Suite/tools/openmkm_dynamic/run_rph_fixed_pulse.py:35: UserWarning: NasaPoly2::validate: 
For species CHV, discontinuity in h/RT detected at Tmid = 1000
	Value computed using low-temperature polynomial:  107.5046684
	Value computed using high-temperature polynomial: 107.34847808033332

  r=PrescribedTemperatureReactor(gas,energy="off",volume=vol,clone=True)
T1600-h0.3-Q25-n800 1 {'cycle': 1, 'max_species_cycle_change': None, 'state_change': None, 'elemental_residuals': {'C': 4.0203112371710266e-05, 'H': 4.0202101853969167e-05, 'O': 4.0203386679405524e-05}, 'mass_residual': 4.0203190686754325e-05, 'max_pressure_relative_error': 2.920041749177038e-05, 'max_temperature_error_K': 1.0083840606966987e-06}
T1600-h0.3-Q25-n800 2 {'cycle': 2, 'max_species_cycle_change': 1.8495916853655814e-08, 'state_change': 1.6233681066069039e-12, 'elemental_residuals': {'C': 4.0166588859389636e-05, 'H': 4.016724492750518e-05, 'O': 4.016593866263898e-05}, 'mass_residual': 4.0166286455747084e-05, 'max_pressure_relative_error': 2.9200417522856625e-05, 'max_temperature_error_K': 9.80351387624978e-07}
T1600-h0.3-Q25-n800 3 {'cycle': 3, 'max_species_cycle_change': 3.290583516779577e-08, 'state_change': 8.915090887740007e-14, 'elemental_residuals': {'C': 4.023162381470153e-05, 'H': 4.023318888629119e-05, 'O': 4.0231660929235815e-05}, 'mass_residual': 4.02317486758343e-05, 'max_pressure_relative_error': 2.920041680942731e-05, 'max_temperature_error_K': 9.809450602915604e-07}
