/home/runner/work/Electrification-Suite/Electrification-Suite/tools/openmkm_dynamic/run_rph_fixed_pulse.py:25: UserWarning: NasaPoly2::validate: 
For species OHV, discontinuity in h/RT detected at Tmid = 1000
	Value computed using low-temperature polynomial:  53.62056162666667
	Value computed using high-temperature polynomial: 53.5841554314

  gas=ct.Solution("gri30.yaml" if inert else str(base.MECH))
/home/runner/work/Electrification-Suite/Electrification-Suite/tools/openmkm_dynamic/run_rph_fixed_pulse.py:25: UserWarning: NasaPoly2::validate: 
For species CHV, discontinuity in h/RT detected at Tmid = 1000
	Value computed using low-temperature polynomial:  107.5046684
	Value computed using high-temperature polynomial: 107.34847808033332

  gas=ct.Solution("gri30.yaml" if inert else str(base.MECH))
/home/runner/work/Electrification-Suite/Electrification-Suite/tools/openmkm_dynamic/run_rph_fixed_pulse.py:34: UserWarning: NasaPoly2::validate: 
For species OHV, discontinuity in h/RT detected at Tmid = 1000
	Value computed using low-temperature polynomial:  53.62056162666667
	Value computed using high-temperature polynomial: 53.5841554314

  inlet=ct.Reservoir(gas,clone=True);exhaust=ct.Reservoir(gas,clone=True)
/home/runner/work/Electrification-Suite/Electrification-Suite/tools/openmkm_dynamic/run_rph_fixed_pulse.py:34: UserWarning: NasaPoly2::validate: 
For species CHV, discontinuity in h/RT detected at Tmid = 1000
	Value computed using low-temperature polynomial:  107.5046684
	Value computed using high-temperature polynomial: 107.34847808033332

  inlet=ct.Reservoir(gas,clone=True);exhaust=ct.Reservoir(gas,clone=True)
/home/runner/work/Electrification-Suite/Electrification-Suite/tools/openmkm_dynamic/run_rph_fixed_pulse.py:35: UserWarning: NasaPoly2::validate: 
For species OHV, discontinuity in h/RT detected at Tmid = 1000
	Value computed using low-temperature polynomial:  53.62056162666667
	Value computed using high-temperature polynomial: 53.5841554314

  r=PrescribedTemperatureReactor(gas,energy="off",volume=vol,clone=True)
/home/runner/work/Electrification-Suite/Electrification-Suite/tools/openmkm_dynamic/run_rph_fixed_pulse.py:35: UserWarning: NasaPoly2::validate: 
For species CHV, discontinuity in h/RT detected at Tmid = 1000
	Value computed using low-temperature polynomial:  107.5046684
	Value computed using high-temperature polynomial: 107.34847808033332

  r=PrescribedTemperatureReactor(gas,energy="off",volume=vol,clone=True)
T1600-h0.1-Q200-n800 1 {'cycle': 1, 'max_species_cycle_change': None, 'state_change': None, 'elemental_residuals': {'C': 8.256909283749442e-06, 'H': 8.25695080775023e-06, 'O': 8.256788583014086e-06}, 'mass_residual': 8.256847755957007e-06, 'max_pressure_relative_error': 2.9200417489994024e-05, 'max_temperature_error_K': 4.3767613533418626e-08}
T1600-h0.1-Q200-n800 2 {'cycle': 2, 'max_species_cycle_change': 2.79737183417339e-09, 'state_change': 3.4572344986827375e-13, 'elemental_residuals': {'C': 8.25133797813825e-06, 'H': 8.251376257554482e-06, 'O': 8.251336525928737e-06}, 'mass_residual': 8.251339761979925e-06, 'max_pressure_relative_error': 2.9200416006291974e-05, 'max_temperature_error_K': 3.945206117350608e-08}
T1600-h0.1-Q200-n800 3 {'cycle': 3, 'max_species_cycle_change': 2.620694217192465e-10, 'state_change': 9.5812247025151e-13, 'elemental_residuals': {'C': 8.251818089213581e-06, 'H': 8.251839824295284e-06, 'O': 8.25185183291238e-06}, 'mass_residual': 8.251837534837483e-06, 'max_pressure_relative_error': 2.9200417198671502e-05, 'max_temperature_error_K': 4.0295162762049586e-08}
