/home/runner/work/Electrification-Suite/Electrification-Suite/tools/openmkm_dynamic/run_rph_fixed_pulse.py:25: UserWarning: NasaPoly2::validate: 
For species OHV, discontinuity in h/RT detected at Tmid = 1000
	Value computed using low-temperature polynomial:  53.62056162666667
	Value computed using high-temperature polynomial: 53.5841554314

  gas=ct.Solution("gri30.yaml" if inert else str(base.MECH))
/home/runner/work/Electrification-Suite/Electrification-Suite/tools/openmkm_dynamic/run_rph_fixed_pulse.py:25: UserWarning: NasaPoly2::validate: 
For species CHV, discontinuity in h/RT detected at Tmid = 1000
	Value computed using low-temperature polynomial:  107.5046684
	Value computed using high-temperature polynomial: 107.34847808033332

  gas=ct.Solution("gri30.yaml" if inert else str(base.MECH))
/home/runner/work/Electrification-Suite/Electrification-Suite/tools/openmkm_dynamic/run_rph_fixed_pulse.py:34: UserWarning: NasaPoly2::validate: 
For species OHV, discontinuity in h/RT detected at Tmid = 1000
	Value computed using low-temperature polynomial:  53.62056162666667
	Value computed using high-temperature polynomial: 53.5841554314

  inlet=ct.Reservoir(gas,clone=True);exhaust=ct.Reservoir(gas,clone=True)
/home/runner/work/Electrification-Suite/Electrification-Suite/tools/openmkm_dynamic/run_rph_fixed_pulse.py:34: UserWarning: NasaPoly2::validate: 
For species CHV, discontinuity in h/RT detected at Tmid = 1000
	Value computed using low-temperature polynomial:  107.5046684
	Value computed using high-temperature polynomial: 107.34847808033332

  inlet=ct.Reservoir(gas,clone=True);exhaust=ct.Reservoir(gas,clone=True)
/home/runner/work/Electrification-Suite/Electrification-Suite/tools/openmkm_dynamic/run_rph_fixed_pulse.py:35: UserWarning: NasaPoly2::validate: 
For species OHV, discontinuity in h/RT detected at Tmid = 1000
	Value computed using low-temperature polynomial:  53.62056162666667
	Value computed using high-temperature polynomial: 53.5841554314

  r=PrescribedTemperatureReactor(gas,energy="off",volume=vol,clone=True)
/home/runner/work/Electrification-Suite/Electrification-Suite/tools/openmkm_dynamic/run_rph_fixed_pulse.py:35: UserWarning: NasaPoly2::validate: 
For species CHV, discontinuity in h/RT detected at Tmid = 1000
	Value computed using low-temperature polynomial:  107.5046684
	Value computed using high-temperature polynomial: 107.34847808033332

  r=PrescribedTemperatureReactor(gas,energy="off",volume=vol,clone=True)
T1600-h0.65-Q50-n800 1 {'cycle': 1, 'max_species_cycle_change': None, 'state_change': None, 'elemental_residuals': {'C': -9.540577107502767e-06, 'H': -9.528171260590352e-06, 'O': -9.52749824599927e-06}, 'mass_residual': -9.532775273232627e-06, 'max_pressure_relative_error': 2.920041748977198e-05, 'max_temperature_error_K': 3.208187990821898e-07}
T1600-h0.65-Q50-n800 2 {'cycle': 2, 'max_species_cycle_change': 4.975671974438711e-08, 'state_change': 5.100364575127969e-13, 'elemental_residuals': {'C': -9.63564507432099e-06, 'H': -9.623365894241776e-06, 'O': -9.634784940416853e-06}, 'mass_residual': -9.634362335487761e-06, 'max_pressure_relative_error': 2.9200417467789563e-05, 'max_temperature_error_K': 3.2096954782900866e-07}
T1600-h0.65-Q50-n800 3 {'cycle': 3, 'max_species_cycle_change': 3.407646043118717e-08, 'state_change': 8.19455614475828e-13, 'elemental_residuals': {'C': -9.567527029570317e-06, 'H': -9.566907838023236e-06, 'O': -9.565087213059896e-06}, 'mass_residual': -9.566185444236484e-06, 'max_pressure_relative_error': 2.9200417467789563e-05, 'max_temperature_error_K': 3.2167531571758445e-07}
