/home/runner/work/Electrification-Suite/Electrification-Suite/tools/openmkm_dynamic/run_rph_fixed_pulse.py:25: UserWarning: NasaPoly2::validate: 
For species OHV, discontinuity in h/RT detected at Tmid = 1000
	Value computed using low-temperature polynomial:  53.62056162666667
	Value computed using high-temperature polynomial: 53.5841554314

  gas=ct.Solution("gri30.yaml" if inert else str(base.MECH))
/home/runner/work/Electrification-Suite/Electrification-Suite/tools/openmkm_dynamic/run_rph_fixed_pulse.py:25: UserWarning: NasaPoly2::validate: 
For species CHV, discontinuity in h/RT detected at Tmid = 1000
	Value computed using low-temperature polynomial:  107.5046684
	Value computed using high-temperature polynomial: 107.34847808033332

  gas=ct.Solution("gri30.yaml" if inert else str(base.MECH))
/home/runner/work/Electrification-Suite/Electrification-Suite/tools/openmkm_dynamic/run_rph_fixed_pulse.py:34: UserWarning: NasaPoly2::validate: 
For species OHV, discontinuity in h/RT detected at Tmid = 1000
	Value computed using low-temperature polynomial:  53.62056162666667
	Value computed using high-temperature polynomial: 53.5841554314

  inlet=ct.Reservoir(gas,clone=True);exhaust=ct.Reservoir(gas,clone=True)
/home/runner/work/Electrification-Suite/Electrification-Suite/tools/openmkm_dynamic/run_rph_fixed_pulse.py:34: UserWarning: NasaPoly2::validate: 
For species CHV, discontinuity in h/RT detected at Tmid = 1000
	Value computed using low-temperature polynomial:  107.5046684
	Value computed using high-temperature polynomial: 107.34847808033332

  inlet=ct.Reservoir(gas,clone=True);exhaust=ct.Reservoir(gas,clone=True)
/home/runner/work/Electrification-Suite/Electrification-Suite/tools/openmkm_dynamic/run_rph_fixed_pulse.py:35: UserWarning: NasaPoly2::validate: 
For species OHV, discontinuity in h/RT detected at Tmid = 1000
	Value computed using low-temperature polynomial:  53.62056162666667
	Value computed using high-temperature polynomial: 53.5841554314

  r=PrescribedTemperatureReactor(gas,energy="off",volume=vol,clone=True)
/home/runner/work/Electrification-Suite/Electrification-Suite/tools/openmkm_dynamic/run_rph_fixed_pulse.py:35: UserWarning: NasaPoly2::validate: 
For species CHV, discontinuity in h/RT detected at Tmid = 1000
	Value computed using low-temperature polynomial:  107.5046684
	Value computed using high-temperature polynomial: 107.34847808033332

  r=PrescribedTemperatureReactor(gas,energy="off",volume=vol,clone=True)
T1600-h0.1-Q200-n400 1 {'cycle': 1, 'max_species_cycle_change': None, 'state_change': None, 'elemental_residuals': {'C': 1.633124115555251e-05, 'H': 1.6331222073919526e-05, 'O': 1.6331270962552925e-05}, 'mass_residual': 1.6331255755723095e-05, 'max_pressure_relative_error': 2.908433504433816e-05, 'max_temperature_error_K': 1.0642816050676629e-07}
T1600-h0.1-Q200-n400 2 {'cycle': 2, 'max_species_cycle_change': 3.825091465792241e-09, 'state_change': 1.5076828674409626e-13, 'elemental_residuals': {'C': 1.633892701716176e-05, 'H': 1.6338870234117547e-05, 'O': 1.6338918688604616e-05}, 'mass_residual': 1.6338918768579204e-05, 'max_pressure_relative_error': 2.9084335013696005e-05, 'max_temperature_error_K': 9.005589163280092e-08}
T1600-h0.1-Q200-n400 3 {'cycle': 3, 'max_species_cycle_change': 1.9088928215893475e-09, 'state_change': 6.87894186057747e-13, 'elemental_residuals': {'C': 1.634263343909677e-05, 'H': 1.6342677693101025e-05, 'O': 1.634257621819108e-05}, 'mass_residual': 1.6342605923348138e-05, 'max_pressure_relative_error': 2.9084334119300337e-05, 'max_temperature_error_K': 9.057998795469757e-08}
