/home/runner/work/Electrification-Suite/Electrification-Suite/tools/openmkm_dynamic/run_rph_fixed_pulse.py:25: UserWarning: NasaPoly2::validate: 
For species OHV, discontinuity in h/RT detected at Tmid = 1000
	Value computed using low-temperature polynomial:  53.62056162666667
	Value computed using high-temperature polynomial: 53.5841554314

  gas=ct.Solution("gri30.yaml" if inert else str(base.MECH))
/home/runner/work/Electrification-Suite/Electrification-Suite/tools/openmkm_dynamic/run_rph_fixed_pulse.py:25: UserWarning: NasaPoly2::validate: 
For species CHV, discontinuity in h/RT detected at Tmid = 1000
	Value computed using low-temperature polynomial:  107.5046684
	Value computed using high-temperature polynomial: 107.34847808033332

  gas=ct.Solution("gri30.yaml" if inert else str(base.MECH))
/home/runner/work/Electrification-Suite/Electrification-Suite/tools/openmkm_dynamic/run_rph_fixed_pulse.py:34: UserWarning: NasaPoly2::validate: 
For species OHV, discontinuity in h/RT detected at Tmid = 1000
	Value computed using low-temperature polynomial:  53.62056162666667
	Value computed using high-temperature polynomial: 53.5841554314

  inlet=ct.Reservoir(gas,clone=True);exhaust=ct.Reservoir(gas,clone=True)
/home/runner/work/Electrification-Suite/Electrification-Suite/tools/openmkm_dynamic/run_rph_fixed_pulse.py:34: UserWarning: NasaPoly2::validate: 
For species CHV, discontinuity in h/RT detected at Tmid = 1000
	Value computed using low-temperature polynomial:  107.5046684
	Value computed using high-temperature polynomial: 107.34847808033332

  inlet=ct.Reservoir(gas,clone=True);exhaust=ct.Reservoir(gas,clone=True)
/home/runner/work/Electrification-Suite/Electrification-Suite/tools/openmkm_dynamic/run_rph_fixed_pulse.py:35: UserWarning: NasaPoly2::validate: 
For species OHV, discontinuity in h/RT detected at Tmid = 1000
	Value computed using low-temperature polynomial:  53.62056162666667
	Value computed using high-temperature polynomial: 53.5841554314

  r=PrescribedTemperatureReactor(gas,energy="off",volume=vol,clone=True)
/home/runner/work/Electrification-Suite/Electrification-Suite/tools/openmkm_dynamic/run_rph_fixed_pulse.py:35: UserWarning: NasaPoly2::validate: 
For species CHV, discontinuity in h/RT detected at Tmid = 1000
	Value computed using low-temperature polynomial:  107.5046684
	Value computed using high-temperature polynomial: 107.34847808033332

  r=PrescribedTemperatureReactor(gas,energy="off",volume=vol,clone=True)
T1600-h0.5-Q100-n400 1 {'cycle': 1, 'max_species_cycle_change': None, 'state_change': None, 'elemental_residuals': {'C': -4.568826147007426e-06, 'H': -4.572496465146007e-06, 'O': -4.568374585994185e-06}, 'mass_residual': -4.568831972140641e-06, 'max_pressure_relative_error': 2.9084335046114518e-05, 'max_temperature_error_K': 6.996674528636504e-08}
T1600-h0.5-Q100-n400 2 {'cycle': 2, 'max_species_cycle_change': 3.2088190216050805e-08, 'state_change': 2.617905892066119e-13, 'elemental_residuals': {'C': -4.507984474360583e-06, 'H': -4.5060309498063365e-06, 'O': -4.507697491543924e-06}, 'mass_residual': -4.507700400661062e-06, 'max_pressure_relative_error': 2.908435488979677e-05, 'max_temperature_error_K': 6.80952325637918e-08}
T1600-h0.5-Q100-n400 3 {'cycle': 3, 'max_species_cycle_change': 4.144577669951133e-08, 'state_change': 2.3281376826389533e-12, 'elemental_residuals': {'C': -4.58991864754192e-06, 'H': -4.585056367492373e-06, 'O': -4.590067597164931e-06}, 'mass_residual': -4.589671568192127e-06, 'max_pressure_relative_error': 2.9084335039675224e-05, 'max_temperature_error_K': 6.942445907043293e-08}
