/home/runner/work/Electrification-Suite/Electrification-Suite/tools/openmkm_dynamic/run_rph_fixed_pulse.py:25: UserWarning: NasaPoly2::validate: 
For species OHV, discontinuity in h/RT detected at Tmid = 1000
	Value computed using low-temperature polynomial:  53.62056162666667
	Value computed using high-temperature polynomial: 53.5841554314

  gas=ct.Solution("gri30.yaml" if inert else str(base.MECH))
/home/runner/work/Electrification-Suite/Electrification-Suite/tools/openmkm_dynamic/run_rph_fixed_pulse.py:25: UserWarning: NasaPoly2::validate: 
For species CHV, discontinuity in h/RT detected at Tmid = 1000
	Value computed using low-temperature polynomial:  107.5046684
	Value computed using high-temperature polynomial: 107.34847808033332

  gas=ct.Solution("gri30.yaml" if inert else str(base.MECH))
/home/runner/work/Electrification-Suite/Electrification-Suite/tools/openmkm_dynamic/run_rph_fixed_pulse.py:34: UserWarning: NasaPoly2::validate: 
For species OHV, discontinuity in h/RT detected at Tmid = 1000
	Value computed using low-temperature polynomial:  53.62056162666667
	Value computed using high-temperature polynomial: 53.5841554314

  inlet=ct.Reservoir(gas,clone=True);exhaust=ct.Reservoir(gas,clone=True)
/home/runner/work/Electrification-Suite/Electrification-Suite/tools/openmkm_dynamic/run_rph_fixed_pulse.py:34: UserWarning: NasaPoly2::validate: 
For species CHV, discontinuity in h/RT detected at Tmid = 1000
	Value computed using low-temperature polynomial:  107.5046684
	Value computed using high-temperature polynomial: 107.34847808033332

  inlet=ct.Reservoir(gas,clone=True);exhaust=ct.Reservoir(gas,clone=True)
/home/runner/work/Electrification-Suite/Electrification-Suite/tools/openmkm_dynamic/run_rph_fixed_pulse.py:35: UserWarning: NasaPoly2::validate: 
For species OHV, discontinuity in h/RT detected at Tmid = 1000
	Value computed using low-temperature polynomial:  53.62056162666667
	Value computed using high-temperature polynomial: 53.5841554314

  r=PrescribedTemperatureReactor(gas,energy="off",volume=vol,clone=True)
/home/runner/work/Electrification-Suite/Electrification-Suite/tools/openmkm_dynamic/run_rph_fixed_pulse.py:35: UserWarning: NasaPoly2::validate: 
For species CHV, discontinuity in h/RT detected at Tmid = 1000
	Value computed using low-temperature polynomial:  107.5046684
	Value computed using high-temperature polynomial: 107.34847808033332

  r=PrescribedTemperatureReactor(gas,energy="off",volume=vol,clone=True)
T1600-h0.3-Q25-n400 1 {'cycle': 1, 'max_species_cycle_change': None, 'state_change': None, 'elemental_residuals': {'C': 7.433841489607018e-05, 'H': 7.43382224842644e-05, 'O': 7.43384912707721e-05}, 'mass_residual': 7.433844267301182e-05, 'max_pressure_relative_error': 2.9084335047890875e-05, 'max_temperature_error_K': 3.5510129237081856e-07}
T1600-h0.3-Q25-n400 2 {'cycle': 2, 'max_species_cycle_change': 1.663439802568334e-08, 'state_change': 8.903988657493755e-13, 'elemental_residuals': {'C': 7.430604008880745e-05, 'H': 7.430454904566622e-05, 'O': 7.430703963013006e-05}, 'mass_residual': 7.4306472572509e-05, 'max_pressure_relative_error': 2.9084317568983664e-05, 'max_temperature_error_K': 3.4502591006457806e-07}
T1600-h0.3-Q25-n400 3 {'cycle': 3, 'max_species_cycle_change': 4.043286483401687e-09, 'state_change': 1.7386092565629951e-12, 'elemental_residuals': {'C': 7.429792396120973e-05, 'H': 7.429798218097735e-05, 'O': 7.429782706899829e-05}, 'mass_residual': 7.429787624404456e-05, 'max_pressure_relative_error': 2.9084333824203057e-05, 'max_temperature_error_K': 3.45783064403804e-07}
