/home/runner/work/Electrification-Suite/Electrification-Suite/tools/openmkm_dynamic/run_rph_fixed_pulse.py:25: UserWarning: NasaPoly2::validate: 
For species OHV, discontinuity in h/RT detected at Tmid = 1000
	Value computed using low-temperature polynomial:  53.62056162666667
	Value computed using high-temperature polynomial: 53.5841554314

  gas=ct.Solution("gri30.yaml" if inert else str(base.MECH))
/home/runner/work/Electrification-Suite/Electrification-Suite/tools/openmkm_dynamic/run_rph_fixed_pulse.py:25: UserWarning: NasaPoly2::validate: 
For species CHV, discontinuity in h/RT detected at Tmid = 1000
	Value computed using low-temperature polynomial:  107.5046684
	Value computed using high-temperature polynomial: 107.34847808033332

  gas=ct.Solution("gri30.yaml" if inert else str(base.MECH))
/home/runner/work/Electrification-Suite/Electrification-Suite/tools/openmkm_dynamic/run_rph_fixed_pulse.py:34: UserWarning: NasaPoly2::validate: 
For species OHV, discontinuity in h/RT detected at Tmid = 1000
	Value computed using low-temperature polynomial:  53.62056162666667
	Value computed using high-temperature polynomial: 53.5841554314

  inlet=ct.Reservoir(gas,clone=True);exhaust=ct.Reservoir(gas,clone=True)
/home/runner/work/Electrification-Suite/Electrification-Suite/tools/openmkm_dynamic/run_rph_fixed_pulse.py:34: UserWarning: NasaPoly2::validate: 
For species CHV, discontinuity in h/RT detected at Tmid = 1000
	Value computed using low-temperature polynomial:  107.5046684
	Value computed using high-temperature polynomial: 107.34847808033332

  inlet=ct.Reservoir(gas,clone=True);exhaust=ct.Reservoir(gas,clone=True)
/home/runner/work/Electrification-Suite/Electrification-Suite/tools/openmkm_dynamic/run_rph_fixed_pulse.py:35: UserWarning: NasaPoly2::validate: 
For species OHV, discontinuity in h/RT detected at Tmid = 1000
	Value computed using low-temperature polynomial:  53.62056162666667
	Value computed using high-temperature polynomial: 53.5841554314

  r=PrescribedTemperatureReactor(gas,energy="off",volume=vol,clone=True)
/home/runner/work/Electrification-Suite/Electrification-Suite/tools/openmkm_dynamic/run_rph_fixed_pulse.py:35: UserWarning: NasaPoly2::validate: 
For species CHV, discontinuity in h/RT detected at Tmid = 1000
	Value computed using low-temperature polynomial:  107.5046684
	Value computed using high-temperature polynomial: 107.34847808033332

  r=PrescribedTemperatureReactor(gas,energy="off",volume=vol,clone=True)
T1600-h0.65-Q12.5-n400 1 {'cycle': 1, 'max_species_cycle_change': None, 'state_change': None, 'elemental_residuals': {'C': -8.25257262621785e-05, 'H': -8.25256711905211e-05, 'O': -8.252576501316332e-05}, 'mass_residual': -8.252574321218044e-05, 'max_pressure_relative_error': 2.908433504478225e-05, 'max_temperature_error_K': 3.548316271917429e-07}
T1600-h0.65-Q12.5-n400 2 {'cycle': 2, 'max_species_cycle_change': 6.404460495268438e-08, 'state_change': 3.514410984450933e-13, 'elemental_residuals': {'C': -8.265130080770183e-05, 'H': -8.264935351970063e-05, 'O': -8.265318760646505e-05}, 'mass_residual': -8.265217541940733e-05, 'max_pressure_relative_error': 2.9084335013696005e-05, 'max_temperature_error_K': 3.545712843333604e-07}
T1600-h0.65-Q12.5-n400 3 {'cycle': 3, 'max_species_cycle_change': 6.214196673903771e-08, 'state_change': 9.167111514329918e-13, 'elemental_residuals': {'C': -8.252957048418662e-05, 'H': -8.252954220692055e-05, 'O': -8.25295893066902e-05}, 'mass_residual': -8.252957861566497e-05, 'max_pressure_relative_error': 2.908433501191965e-05, 'max_temperature_error_K': 3.5520531582733383e-07}
