stage: loading mechanism
/Users/robin_yeonsu/Electrification-BO-continuation/tools/openmkm_dynamic/run_rph_fixed_pulse.py:30: UserWarning: NasaPoly2::validate: 
For species OHV, discontinuity in h/RT detected at Tmid = 1000
	Value computed using low-temperature polynomial:  53.62056162666667
	Value computed using high-temperature polynomial: 53.5841554314

  gas=ct.Solution("gri30.yaml" if inert else str(base.MECH))
/Users/robin_yeonsu/Electrification-BO-continuation/tools/openmkm_dynamic/run_rph_fixed_pulse.py:30: UserWarning: NasaPoly2::validate: 
For species CHV, discontinuity in h/RT detected at Tmid = 1000
	Value computed using low-temperature polynomial:  107.5046684
	Value computed using high-temperature polynomial: 107.34847808033334

  gas=ct.Solution("gri30.yaml" if inert else str(base.MECH))
stage: mechanism loaded 24.583140500006266
/Users/robin_yeonsu/Electrification-BO-continuation/tools/openmkm_dynamic/run_rph_fixed_pulse.py:40: UserWarning: NasaPoly2::validate: 
For species OHV, discontinuity in h/RT detected at Tmid = 1000
	Value computed using low-temperature polynomial:  53.62056162666667
	Value computed using high-temperature polynomial: 53.5841554314

  inlet=ct.Reservoir(gas,clone=True);exhaust=ct.Reservoir(gas,clone=True)
/Users/robin_yeonsu/Electrification-BO-continuation/tools/openmkm_dynamic/run_rph_fixed_pulse.py:40: UserWarning: NasaPoly2::validate: 
For species CHV, discontinuity in h/RT detected at Tmid = 1000
	Value computed using low-temperature polynomial:  107.5046684
	Value computed using high-temperature polynomial: 107.34847808033334

  inlet=ct.Reservoir(gas,clone=True);exhaust=ct.Reservoir(gas,clone=True)
/Users/robin_yeonsu/Electrification-BO-continuation/tools/openmkm_dynamic/run_rph_fixed_pulse.py:41: UserWarning: NasaPoly2::validate: 
For species OHV, discontinuity in h/RT detected at Tmid = 1000
	Value computed using low-temperature polynomial:  53.62056162666667
	Value computed using high-temperature polynomial: 53.5841554314

  r=PrescribedTemperatureReactor(gas,energy="off",volume=vol,clone=True)
/Users/robin_yeonsu/Electrification-BO-continuation/tools/openmkm_dynamic/run_rph_fixed_pulse.py:41: UserWarning: NasaPoly2::validate: 
For species CHV, discontinuity in h/RT detected at Tmid = 1000
	Value computed using low-temperature polynomial:  107.5046684
	Value computed using high-temperature polynomial: 107.34847808033334

  r=PrescribedTemperatureReactor(gas,energy="off",volume=vol,clone=True)
stage: integrating 26.419108667003457
n400 1 {'cycle': 1, 'max_species_cycle_change': None, 'state_change': None, 'elemental_residuals': {'C': -2.8047558733917495e-05, 'H': -2.80475557279865e-05, 'O': -2.8047567054446396e-05}, 'mass_residual': -2.8047560756232953e-05, 'max_pressure_relative_error': 2.5054015877490343e-05, 'max_temperature_error_K': 3.2864613785932306e-07}
n400 2 {'cycle': 2, 'max_species_cycle_change': 1.0281878404239109e-09, 'state_change': 1.1481926520673369e-12, 'elemental_residuals': {'C': -2.804629269912373e-05, 'H': -2.8046291959809555e-05, 'O': -2.8046292523280794e-05}, 'mass_residual': -2.8046292538270703e-05, 'max_pressure_relative_error': 2.5054016664416423e-05, 'max_temperature_error_K': 1.7389675122103654e-07}
n400 3 {'cycle': 3, 'max_species_cycle_change': 9.971541092834713e-10, 'state_change': 3.5612623960901146e-12, 'elemental_residuals': {'C': -2.8045023861273377e-05, 'H': -2.8045054322493742e-05, 'O': -2.8045035241545342e-05}, 'mass_residual': -2.8045031768449484e-05, 'max_pressure_relative_error': 2.5054015990955136e-05, 'max_temperature_error_K': 1.7413572095392738e-07}
