/home/runner/work/Electrification-Suite/Electrification-Suite/tools/openmkm_dynamic/run_rph_fixed_pulse.py:24: UserWarning: NasaPoly2::validate: 
For species OHV, discontinuity in h/RT detected at Tmid = 1000
	Value computed using low-temperature polynomial:  53.62056162666667
	Value computed using high-temperature polynomial: 53.5841554314

  gas=ct.Solution("gri30.yaml" if inert else str(base.MECH))
/home/runner/work/Electrification-Suite/Electrification-Suite/tools/openmkm_dynamic/run_rph_fixed_pulse.py:24: UserWarning: NasaPoly2::validate: 
For species CHV, discontinuity in h/RT detected at Tmid = 1000
	Value computed using low-temperature polynomial:  107.5046684
	Value computed using high-temperature polynomial: 107.34847808033332

  gas=ct.Solution("gri30.yaml" if inert else str(base.MECH))
/home/runner/work/Electrification-Suite/Electrification-Suite/tools/openmkm_dynamic/run_rph_fixed_pulse.py:33: UserWarning: NasaPoly2::validate: 
For species OHV, discontinuity in h/RT detected at Tmid = 1000
	Value computed using low-temperature polynomial:  53.62056162666667
	Value computed using high-temperature polynomial: 53.5841554314

  inlet=ct.Reservoir(gas,clone=True);exhaust=ct.Reservoir(gas,clone=True)
/home/runner/work/Electrification-Suite/Electrification-Suite/tools/openmkm_dynamic/run_rph_fixed_pulse.py:33: UserWarning: NasaPoly2::validate: 
For species CHV, discontinuity in h/RT detected at Tmid = 1000
	Value computed using low-temperature polynomial:  107.5046684
	Value computed using high-temperature polynomial: 107.34847808033332

  inlet=ct.Reservoir(gas,clone=True);exhaust=ct.Reservoir(gas,clone=True)
/home/runner/work/Electrification-Suite/Electrification-Suite/tools/openmkm_dynamic/run_rph_fixed_pulse.py:34: UserWarning: NasaPoly2::validate: 
For species OHV, discontinuity in h/RT detected at Tmid = 1000
	Value computed using low-temperature polynomial:  53.62056162666667
	Value computed using high-temperature polynomial: 53.5841554314

  r=PrescribedTemperatureReactor(gas,energy="off",volume=vol,clone=True)
/home/runner/work/Electrification-Suite/Electrification-Suite/tools/openmkm_dynamic/run_rph_fixed_pulse.py:34: UserWarning: NasaPoly2::validate: 
For species CHV, discontinuity in h/RT detected at Tmid = 1000
	Value computed using low-temperature polynomial:  107.5046684
	Value computed using high-temperature polynomial: 107.34847808033332

  r=PrescribedTemperatureReactor(gas,energy="off",volume=vol,clone=True)
T1200-hold0.05-n400 1 {'cycle': 1, 'max_species_cycle_change': None, 'state_change': None, 'elemental_residuals': {'C': 4.603269078653003e-05, 'H': 4.603318518034729e-05, 'O': 4.6032196345350286e-05}, 'mass_residual': 4.603246051756988e-05, 'max_pressure_relative_error': 1.9019758926708263e-05, 'max_temperature_error_K': 7.272340803865518e-05}
T1200-hold0.05-n400 2 {'cycle': 2, 'max_species_cycle_change': 3.9479351232607485e-08, 'state_change': 5.473399511402022e-14, 'elemental_residuals': {'C': 4.5953798025576094e-05, 'H': 4.595379802305968e-05, 'O': 4.59537980208105e-05}, 'mass_residual': 4.5953798018502366e-05, 'max_pressure_relative_error': 1.90203742416184e-05, 'max_temperature_error_K': 7.272352991094522e-05}
T1200-hold0.05-n400 3 {'cycle': 3, 'max_species_cycle_change': 1.9667415140922628e-08, 'state_change': 1.2745360322696797e-13, 'elemental_residuals': {'C': 4.599313284552467e-05, 'H': 4.599313285092054e-05, 'O': 4.5993132846674306e-05}, 'mass_residual': 4.5993132852759926e-05, 'max_pressure_relative_error': 1.901975501983344e-05, 'max_temperature_error_K': 7.272352979725838e-05}
