/home/runner/work/Electrification-Suite/Electrification-Suite/tools/openmkm_dynamic/run_rph_fixed_pulse.py:24: UserWarning: NasaPoly2::validate: 
For species OHV, discontinuity in h/RT detected at Tmid = 1000
	Value computed using low-temperature polynomial:  53.62056162666667
	Value computed using high-temperature polynomial: 53.5841554314

  gas=ct.Solution("gri30.yaml" if inert else str(base.MECH))
/home/runner/work/Electrification-Suite/Electrification-Suite/tools/openmkm_dynamic/run_rph_fixed_pulse.py:24: UserWarning: NasaPoly2::validate: 
For species CHV, discontinuity in h/RT detected at Tmid = 1000
	Value computed using low-temperature polynomial:  107.5046684
	Value computed using high-temperature polynomial: 107.34847808033332

  gas=ct.Solution("gri30.yaml" if inert else str(base.MECH))
/home/runner/work/Electrification-Suite/Electrification-Suite/tools/openmkm_dynamic/run_rph_fixed_pulse.py:33: UserWarning: NasaPoly2::validate: 
For species OHV, discontinuity in h/RT detected at Tmid = 1000
	Value computed using low-temperature polynomial:  53.62056162666667
	Value computed using high-temperature polynomial: 53.5841554314

  inlet=ct.Reservoir(gas,clone=True);exhaust=ct.Reservoir(gas,clone=True)
/home/runner/work/Electrification-Suite/Electrification-Suite/tools/openmkm_dynamic/run_rph_fixed_pulse.py:33: UserWarning: NasaPoly2::validate: 
For species CHV, discontinuity in h/RT detected at Tmid = 1000
	Value computed using low-temperature polynomial:  107.5046684
	Value computed using high-temperature polynomial: 107.34847808033332

  inlet=ct.Reservoir(gas,clone=True);exhaust=ct.Reservoir(gas,clone=True)
/home/runner/work/Electrification-Suite/Electrification-Suite/tools/openmkm_dynamic/run_rph_fixed_pulse.py:34: UserWarning: NasaPoly2::validate: 
For species OHV, discontinuity in h/RT detected at Tmid = 1000
	Value computed using low-temperature polynomial:  53.62056162666667
	Value computed using high-temperature polynomial: 53.5841554314

  r=PrescribedTemperatureReactor(gas,energy="off",volume=vol,clone=True)
/home/runner/work/Electrification-Suite/Electrification-Suite/tools/openmkm_dynamic/run_rph_fixed_pulse.py:34: UserWarning: NasaPoly2::validate: 
For species CHV, discontinuity in h/RT detected at Tmid = 1000
	Value computed using low-temperature polynomial:  107.5046684
	Value computed using high-temperature polynomial: 107.34847808033332

  r=PrescribedTemperatureReactor(gas,energy="off",volume=vol,clone=True)
T1200-hold0.4-n800 1 {'cycle': 1, 'max_species_cycle_change': None, 'state_change': None, 'elemental_residuals': {'C': 4.3732936383560885e-06, 'H': 4.372786109731496e-06, 'O': 4.373801165358656e-06}, 'mass_residual': 4.373529987813871e-06, 'max_pressure_relative_error': 1.90709646155085e-05, 'max_temperature_error_K': 4.431460752130079e-06}
T1200-hold0.4-n800 2 {'cycle': 2, 'max_species_cycle_change': 6.684107384247184e-08, 'state_change': 9.658940314238862e-14, 'elemental_residuals': {'C': 4.240093410265013e-06, 'H': 4.240093425358654e-06, 'O': 4.24009337814029e-06}, 'mass_residual': 4.240093367561607e-06, 'max_pressure_relative_error': 1.907010861401659e-05, 'max_temperature_error_K': 4.4314624574326444e-06}
T1200-hold0.4-n800 3 {'cycle': 3, 'max_species_cycle_change': 1.0233513442203801e-07, 'state_change': 6.461498003318411e-14, 'elemental_residuals': {'C': 4.444760329190545e-06, 'H': 4.444760334868906e-06, 'O': 4.444760312172644e-06}, 'mass_residual': 4.444760310332577e-06, 'max_pressure_relative_error': 1.907267001710622e-05, 'max_temperature_error_K': 4.431452907738276e-06}
T1200-hold0.4-n800 4 {'cycle': 4, 'max_species_cycle_change': 3.274523080465386e-08, 'state_change': 6.019629239517599e-13, 'elemental_residuals': {'C': 4.379269875106567e-06, 'H': 4.379269898695837e-06, 'O': 4.379269847772303e-06}, 'mass_residual': 4.379269860335727e-06, 'max_pressure_relative_error': 1.9071010364246632e-05, 'max_temperature_error_K': 4.431971547091962e-06}
T1200-hold0.4-n800 5 {'cycle': 5, 'max_species_cycle_change': 1.7062139023860112e-07, 'state_change': 9.237055564881302e-14, 'elemental_residuals': {'C': 4.038028741316501e-06, 'H': 4.038028789263871e-06, 'O': 4.038028818687037e-06}, 'mass_residual': 4.038028781587419e-06, 'max_pressure_relative_error': 1.9070958778399927e-05, 'max_temperature_error_K': 4.431864226717153e-06}
T1200-hold0.4-n800 6 {'cycle': 6, 'max_species_cycle_change': 1.255447119041797e-07, 'state_change': 1.3304912727107876e-12, 'elemental_residuals': {'C': 4.289115827728815e-06, 'H': 4.289115990982715e-06, 'O': 4.289115711022521e-06}, 'mass_residual': 4.289115765396209e-06, 'max_pressure_relative_error': 1.9070836294154958e-05, 'max_temperature_error_K': 4.4319908738543745e-06}
T1200-hold0.4-n800 7 {'cycle': 7, 'max_species_cycle_change': 4.369831474448915e-08, 'state_change': 5.399014568752136e-13, 'elemental_residuals': {'C': 4.376512273335953e-06, 'H': 4.376512312359344e-06, 'O': 4.376512337405941e-06}, 'mass_residual': 4.37651230470857e-06, 'max_pressure_relative_error': 1.9070958099387525e-05, 'max_temperature_error_K': 4.431284423844772e-06}
T1200-hold0.4-n800 8 {'cycle': 8, 'max_species_cycle_change': 9.052158606026595e-08, 'state_change': 5.508926648190027e-13, 'elemental_residuals': {'C': 4.19546916987577e-06, 'H': 4.1954689586170425e-06, 'O': 4.195469184774212e-06}, 'mass_residual': 4.195469172311259e-06, 'max_pressure_relative_error': 1.9070917027796952e-05, 'max_temperature_error_K': 4.431268507687491e-06}
