/home/runner/work/Electrification-Suite/Electrification-Suite/tools/openmkm_dynamic/run_rph_fixed_pulse.py:24: UserWarning: NasaPoly2::validate: 
For species OHV, discontinuity in h/RT detected at Tmid = 1000
	Value computed using low-temperature polynomial:  53.62056162666667
	Value computed using high-temperature polynomial: 53.5841554314

  gas=ct.Solution("gri30.yaml" if inert else str(base.MECH))
/home/runner/work/Electrification-Suite/Electrification-Suite/tools/openmkm_dynamic/run_rph_fixed_pulse.py:24: UserWarning: NasaPoly2::validate: 
For species CHV, discontinuity in h/RT detected at Tmid = 1000
	Value computed using low-temperature polynomial:  107.5046684
	Value computed using high-temperature polynomial: 107.34847808033332

  gas=ct.Solution("gri30.yaml" if inert else str(base.MECH))
/home/runner/work/Electrification-Suite/Electrification-Suite/tools/openmkm_dynamic/run_rph_fixed_pulse.py:33: UserWarning: NasaPoly2::validate: 
For species OHV, discontinuity in h/RT detected at Tmid = 1000
	Value computed using low-temperature polynomial:  53.62056162666667
	Value computed using high-temperature polynomial: 53.5841554314

  inlet=ct.Reservoir(gas,clone=True);exhaust=ct.Reservoir(gas,clone=True)
/home/runner/work/Electrification-Suite/Electrification-Suite/tools/openmkm_dynamic/run_rph_fixed_pulse.py:33: UserWarning: NasaPoly2::validate: 
For species CHV, discontinuity in h/RT detected at Tmid = 1000
	Value computed using low-temperature polynomial:  107.5046684
	Value computed using high-temperature polynomial: 107.34847808033332

  inlet=ct.Reservoir(gas,clone=True);exhaust=ct.Reservoir(gas,clone=True)
/home/runner/work/Electrification-Suite/Electrification-Suite/tools/openmkm_dynamic/run_rph_fixed_pulse.py:34: UserWarning: NasaPoly2::validate: 
For species OHV, discontinuity in h/RT detected at Tmid = 1000
	Value computed using low-temperature polynomial:  53.62056162666667
	Value computed using high-temperature polynomial: 53.5841554314

  r=PrescribedTemperatureReactor(gas,energy="off",volume=vol,clone=True)
/home/runner/work/Electrification-Suite/Electrification-Suite/tools/openmkm_dynamic/run_rph_fixed_pulse.py:34: UserWarning: NasaPoly2::validate: 
For species CHV, discontinuity in h/RT detected at Tmid = 1000
	Value computed using low-temperature polynomial:  107.5046684
	Value computed using high-temperature polynomial: 107.34847808033332

  r=PrescribedTemperatureReactor(gas,energy="off",volume=vol,clone=True)
T1200-hold0.2-n400 1 {'cycle': 1, 'max_species_cycle_change': None, 'state_change': None, 'elemental_residuals': {'C': 3.0176485539368162e-05, 'H': 3.0176979936845387e-05, 'O': 3.017599113748853e-05}, 'mass_residual': 3.0176255296936102e-05, 'max_pressure_relative_error': 1.9019758926708263e-05, 'max_temperature_error_K': 7.272341690622852e-05}
T1200-hold0.2-n400 2 {'cycle': 2, 'max_species_cycle_change': 9.547780177587839e-09, 'state_change': 5.688524578368184e-14, 'elemental_residuals': {'C': 3.0157456852525143e-05, 'H': 3.0157456860453636e-05, 'O': 3.015745684638457e-05}, 'mass_residual': 3.01574568490068e-05, 'max_pressure_relative_error': 1.901975589602145e-05, 'max_temperature_error_K': 7.272346829267917e-05}
T1200-hold0.2-n400 3 {'cycle': 3, 'max_species_cycle_change': 1.1895265883410389e-08, 'state_change': 7.738254481637341e-14, 'elemental_residuals': {'C': 3.0181247368584107e-05, 'H': 3.0181247370620273e-05, 'O': 3.0181247363168338e-05}, 'mass_residual': 3.0181247368449286e-05, 'max_pressure_relative_error': 1.9019724744495647e-05, 'max_temperature_error_K': 7.272354241649737e-05}
