/home/runner/work/Electrification-Suite/Electrification-Suite/tools/openmkm_dynamic/run_rph_fixed_pulse.py:24: UserWarning: NasaPoly2::validate: 
For species OHV, discontinuity in h/RT detected at Tmid = 1000
	Value computed using low-temperature polynomial:  53.62056162666667
	Value computed using high-temperature polynomial: 53.5841554314

  gas=ct.Solution("gri30.yaml" if inert else str(base.MECH))
/home/runner/work/Electrification-Suite/Electrification-Suite/tools/openmkm_dynamic/run_rph_fixed_pulse.py:24: UserWarning: NasaPoly2::validate: 
For species CHV, discontinuity in h/RT detected at Tmid = 1000
	Value computed using low-temperature polynomial:  107.5046684
	Value computed using high-temperature polynomial: 107.34847808033332

  gas=ct.Solution("gri30.yaml" if inert else str(base.MECH))
/home/runner/work/Electrification-Suite/Electrification-Suite/tools/openmkm_dynamic/run_rph_fixed_pulse.py:33: UserWarning: NasaPoly2::validate: 
For species OHV, discontinuity in h/RT detected at Tmid = 1000
	Value computed using low-temperature polynomial:  53.62056162666667
	Value computed using high-temperature polynomial: 53.5841554314

  inlet=ct.Reservoir(gas,clone=True);exhaust=ct.Reservoir(gas,clone=True)
/home/runner/work/Electrification-Suite/Electrification-Suite/tools/openmkm_dynamic/run_rph_fixed_pulse.py:33: UserWarning: NasaPoly2::validate: 
For species CHV, discontinuity in h/RT detected at Tmid = 1000
	Value computed using low-temperature polynomial:  107.5046684
	Value computed using high-temperature polynomial: 107.34847808033332

  inlet=ct.Reservoir(gas,clone=True);exhaust=ct.Reservoir(gas,clone=True)
/home/runner/work/Electrification-Suite/Electrification-Suite/tools/openmkm_dynamic/run_rph_fixed_pulse.py:34: UserWarning: NasaPoly2::validate: 
For species OHV, discontinuity in h/RT detected at Tmid = 1000
	Value computed using low-temperature polynomial:  53.62056162666667
	Value computed using high-temperature polynomial: 53.5841554314

  r=PrescribedTemperatureReactor(gas,energy="off",volume=vol,clone=True)
/home/runner/work/Electrification-Suite/Electrification-Suite/tools/openmkm_dynamic/run_rph_fixed_pulse.py:34: UserWarning: NasaPoly2::validate: 
For species CHV, discontinuity in h/RT detected at Tmid = 1000
	Value computed using low-temperature polynomial:  107.5046684
	Value computed using high-temperature polynomial: 107.34847808033332

  r=PrescribedTemperatureReactor(gas,energy="off",volume=vol,clone=True)
T1200-hold0.05-n800 1 {'cycle': 1, 'max_species_cycle_change': None, 'state_change': None, 'elemental_residuals': {'C': 2.3002619276720694e-05, 'H': 2.3002111757140716e-05, 'O': 2.3003126793073185e-05}, 'mass_residual': 2.300285561451811e-05, 'max_pressure_relative_error': 1.90709646155085e-05, 'max_temperature_error_K': 4.4314604110695655e-06}
T1200-hold0.05-n800 2 {'cycle': 2, 'max_species_cycle_change': 1.1976894792598003e-07, 'state_change': 1.2312373343092986e-13, 'elemental_residuals': {'C': 2.2763563273143018e-05, 'H': 2.2763563269502254e-05, 'O': 2.2763563266078177e-05}, 'mass_residual': 2.276356326239368e-05, 'max_pressure_relative_error': 1.90709780800713e-05, 'max_temperature_error_K': 4.43154999629769e-06}
T1200-hold0.05-n800 3 {'cycle': 3, 'max_species_cycle_change': 1.6107611972016045e-07, 'state_change': 8.004708007547379e-14, 'elemental_residuals': {'C': 2.308571420459997e-05, 'H': 2.308571420954138e-05, 'O': 2.308571420305452e-05}, 'mass_residual': 2.3085714201197305e-05, 'max_pressure_relative_error': 1.907353610164364e-05, 'max_temperature_error_K': 4.431702791407588e-06}
T1200-hold0.05-n800 4 {'cycle': 4, 'max_species_cycle_change': 3.9530083428829244e-08, 'state_change': 4.67847982577041e-13, 'elemental_residuals': {'C': 2.3006656418855245e-05, 'H': 2.3006656422371825e-05, 'O': 2.3006656443809222e-05}, 'mass_residual': 2.3006656424394817e-05, 'max_pressure_relative_error': 1.9071264090841922e-05, 'max_temperature_error_K': 4.4316723233350785e-06}
T1200-hold0.05-n800 5 {'cycle': 5, 'max_species_cycle_change': 6.881885949994171e-08, 'state_change': 5.346834086594754e-13, 'elemental_residuals': {'C': 2.2869018780973458e-05, 'H': 2.2869018780262614e-05, 'O': 2.2869018779421575e-05}, 'mass_residual': 2.2869018780633465e-05, 'max_pressure_relative_error': 1.906943406715378e-05, 'max_temperature_error_K': 4.431192337506218e-06}
