/home/runner/work/Electrification-Suite/Electrification-Suite/tools/openmkm_dynamic/run_rph_fixed_pulse.py:24: UserWarning: NasaPoly2::validate: 
For species OHV, discontinuity in h/RT detected at Tmid = 1000
	Value computed using low-temperature polynomial:  53.62056162666667
	Value computed using high-temperature polynomial: 53.5841554314

  gas=ct.Solution("gri30.yaml" if inert else str(base.MECH))
/home/runner/work/Electrification-Suite/Electrification-Suite/tools/openmkm_dynamic/run_rph_fixed_pulse.py:24: UserWarning: NasaPoly2::validate: 
For species CHV, discontinuity in h/RT detected at Tmid = 1000
	Value computed using low-temperature polynomial:  107.5046684
	Value computed using high-temperature polynomial: 107.34847808033332

  gas=ct.Solution("gri30.yaml" if inert else str(base.MECH))
/home/runner/work/Electrification-Suite/Electrification-Suite/tools/openmkm_dynamic/run_rph_fixed_pulse.py:33: UserWarning: NasaPoly2::validate: 
For species OHV, discontinuity in h/RT detected at Tmid = 1000
	Value computed using low-temperature polynomial:  53.62056162666667
	Value computed using high-temperature polynomial: 53.5841554314

  inlet=ct.Reservoir(gas,clone=True);exhaust=ct.Reservoir(gas,clone=True)
/home/runner/work/Electrification-Suite/Electrification-Suite/tools/openmkm_dynamic/run_rph_fixed_pulse.py:33: UserWarning: NasaPoly2::validate: 
For species CHV, discontinuity in h/RT detected at Tmid = 1000
	Value computed using low-temperature polynomial:  107.5046684
	Value computed using high-temperature polynomial: 107.34847808033332

  inlet=ct.Reservoir(gas,clone=True);exhaust=ct.Reservoir(gas,clone=True)
/home/runner/work/Electrification-Suite/Electrification-Suite/tools/openmkm_dynamic/run_rph_fixed_pulse.py:34: UserWarning: NasaPoly2::validate: 
For species OHV, discontinuity in h/RT detected at Tmid = 1000
	Value computed using low-temperature polynomial:  53.62056162666667
	Value computed using high-temperature polynomial: 53.5841554314

  r=PrescribedTemperatureReactor(gas,energy="off",volume=vol,clone=True)
/home/runner/work/Electrification-Suite/Electrification-Suite/tools/openmkm_dynamic/run_rph_fixed_pulse.py:34: UserWarning: NasaPoly2::validate: 
For species CHV, discontinuity in h/RT detected at Tmid = 1000
	Value computed using low-temperature polynomial:  107.5046684
	Value computed using high-temperature polynomial: 107.34847808033332

  r=PrescribedTemperatureReactor(gas,energy="off",volume=vol,clone=True)
T1200-hold0.2-n800 1 {'cycle': 1, 'max_species_cycle_change': None, 'state_change': None, 'elemental_residuals': {'C': 1.5049148027893563e-05, 'H': 1.504864049734024e-05, 'O': 1.5049655543342385e-05}, 'mass_residual': 1.5049384374825233e-05, 'max_pressure_relative_error': 1.90709646155085e-05, 'max_temperature_error_K': 4.431457909959136e-06}
T1200-hold0.2-n800 2 {'cycle': 2, 'max_species_cycle_change': 1.5276095777227994e-08, 'state_change': 1.7474910407599964e-13, 'elemental_residuals': {'C': 1.501907771525755e-05, 'H': 1.5019077720686764e-05, 'O': 1.5019077710995089e-05}, 'mass_residual': 1.5019077708912465e-05, 'max_pressure_relative_error': 1.907099828968306e-05, 'max_temperature_error_K': 4.4314716660665e-06}
T1200-hold0.2-n800 3 {'cycle': 3, 'max_species_cycle_change': 1.7485678460715803e-09, 'state_change': 2.469136006766348e-13, 'elemental_residuals': {'C': 1.5022574849813322e-05, 'H': 1.5022574850632735e-05, 'O': 1.5022574854004286e-05}, 'mass_residual': 1.5022574859613924e-05, 'max_pressure_relative_error': 1.906943685714424e-05, 'max_temperature_error_K': 4.431355591805186e-06}
