/home/runner/work/Electrification-Suite/Electrification-Suite/tools/openmkm_dynamic/run_rph_fixed_pulse.py:24: UserWarning: NasaPoly2::validate: 
For species OHV, discontinuity in h/RT detected at Tmid = 1000
	Value computed using low-temperature polynomial:  53.62056162666667
	Value computed using high-temperature polynomial: 53.5841554314

  gas=ct.Solution("gri30.yaml" if inert else str(base.MECH))
/home/runner/work/Electrification-Suite/Electrification-Suite/tools/openmkm_dynamic/run_rph_fixed_pulse.py:24: UserWarning: NasaPoly2::validate: 
For species CHV, discontinuity in h/RT detected at Tmid = 1000
	Value computed using low-temperature polynomial:  107.5046684
	Value computed using high-temperature polynomial: 107.34847808033332

  gas=ct.Solution("gri30.yaml" if inert else str(base.MECH))
/home/runner/work/Electrification-Suite/Electrification-Suite/tools/openmkm_dynamic/run_rph_fixed_pulse.py:33: UserWarning: NasaPoly2::validate: 
For species OHV, discontinuity in h/RT detected at Tmid = 1000
	Value computed using low-temperature polynomial:  53.62056162666667
	Value computed using high-temperature polynomial: 53.5841554314

  inlet=ct.Reservoir(gas,clone=True);exhaust=ct.Reservoir(gas,clone=True)
/home/runner/work/Electrification-Suite/Electrification-Suite/tools/openmkm_dynamic/run_rph_fixed_pulse.py:33: UserWarning: NasaPoly2::validate: 
For species CHV, discontinuity in h/RT detected at Tmid = 1000
	Value computed using low-temperature polynomial:  107.5046684
	Value computed using high-temperature polynomial: 107.34847808033332

  inlet=ct.Reservoir(gas,clone=True);exhaust=ct.Reservoir(gas,clone=True)
/home/runner/work/Electrification-Suite/Electrification-Suite/tools/openmkm_dynamic/run_rph_fixed_pulse.py:34: UserWarning: NasaPoly2::validate: 
For species OHV, discontinuity in h/RT detected at Tmid = 1000
	Value computed using low-temperature polynomial:  53.62056162666667
	Value computed using high-temperature polynomial: 53.5841554314

  r=PrescribedTemperatureReactor(gas,energy="off",volume=vol,clone=True)
/home/runner/work/Electrification-Suite/Electrification-Suite/tools/openmkm_dynamic/run_rph_fixed_pulse.py:34: UserWarning: NasaPoly2::validate: 
For species CHV, discontinuity in h/RT detected at Tmid = 1000
	Value computed using low-temperature polynomial:  107.5046684
	Value computed using high-temperature polynomial: 107.34847808033332

  r=PrescribedTemperatureReactor(gas,energy="off",volume=vol,clone=True)
T1200-hold0.5-n400 1 {'cycle': 1, 'max_species_cycle_change': None, 'state_change': None, 'elemental_residuals': {'C': -1.8317209395031234e-06, 'H': -1.8312264875026977e-06, 'O': -1.832215343969666e-06}, 'mass_residual': -1.8319511838282481e-06, 'max_pressure_relative_error': 1.9019758926708263e-05, 'max_temperature_error_K': 7.272340803865518e-05}
T1200-hold0.5-n400 2 {'cycle': 2, 'max_species_cycle_change': 2.0889873997287367e-08, 'state_change': 8.737455203799982e-14, 'elemental_residuals': {'C': -1.7908562119996574e-06, 'H': -1.7908562532998538e-06, 'O': -1.7908562780574554e-06}, 'mass_residual': -1.7908562517409737e-06, 'max_pressure_relative_error': 1.901975551699131e-05, 'max_temperature_error_K': 7.272344976172462e-05}
T1200-hold0.5-n400 3 {'cycle': 3, 'max_species_cycle_change': 4.578383627773519e-08, 'state_change': 1.9317880628477724e-14, 'elemental_residuals': {'C': -1.8824239773744246e-06, 'H': -1.8824239515253916e-06, 'O': -1.8824239682433844e-06}, 'mass_residual': -1.882423985179245e-06, 'max_pressure_relative_error': 1.9019827829813707e-05, 'max_temperature_error_K': 7.272356606335961e-05}
