/home/runner/work/Electrification-Suite/Electrification-Suite/tools/openmkm_dynamic/run_rph_fixed_pulse.py:24: UserWarning: NasaPoly2::validate: 
For species OHV, discontinuity in h/RT detected at Tmid = 1000
	Value computed using low-temperature polynomial:  53.62056162666667
	Value computed using high-temperature polynomial: 53.5841554314

  gas=ct.Solution("gri30.yaml" if inert else str(base.MECH))
/home/runner/work/Electrification-Suite/Electrification-Suite/tools/openmkm_dynamic/run_rph_fixed_pulse.py:24: UserWarning: NasaPoly2::validate: 
For species CHV, discontinuity in h/RT detected at Tmid = 1000
	Value computed using low-temperature polynomial:  107.5046684
	Value computed using high-temperature polynomial: 107.34847808033332

  gas=ct.Solution("gri30.yaml" if inert else str(base.MECH))
/home/runner/work/Electrification-Suite/Electrification-Suite/tools/openmkm_dynamic/run_rph_fixed_pulse.py:33: UserWarning: NasaPoly2::validate: 
For species OHV, discontinuity in h/RT detected at Tmid = 1000
	Value computed using low-temperature polynomial:  53.62056162666667
	Value computed using high-temperature polynomial: 53.5841554314

  inlet=ct.Reservoir(gas,clone=True);exhaust=ct.Reservoir(gas,clone=True)
/home/runner/work/Electrification-Suite/Electrification-Suite/tools/openmkm_dynamic/run_rph_fixed_pulse.py:33: UserWarning: NasaPoly2::validate: 
For species CHV, discontinuity in h/RT detected at Tmid = 1000
	Value computed using low-temperature polynomial:  107.5046684
	Value computed using high-temperature polynomial: 107.34847808033332

  inlet=ct.Reservoir(gas,clone=True);exhaust=ct.Reservoir(gas,clone=True)
/home/runner/work/Electrification-Suite/Electrification-Suite/tools/openmkm_dynamic/run_rph_fixed_pulse.py:34: UserWarning: NasaPoly2::validate: 
For species OHV, discontinuity in h/RT detected at Tmid = 1000
	Value computed using low-temperature polynomial:  53.62056162666667
	Value computed using high-temperature polynomial: 53.5841554314

  r=PrescribedTemperatureReactor(gas,energy="off",volume=vol,clone=True)
/home/runner/work/Electrification-Suite/Electrification-Suite/tools/openmkm_dynamic/run_rph_fixed_pulse.py:34: UserWarning: NasaPoly2::validate: 
For species CHV, discontinuity in h/RT detected at Tmid = 1000
	Value computed using low-temperature polynomial:  107.5046684
	Value computed using high-temperature polynomial: 107.34847808033332

  r=PrescribedTemperatureReactor(gas,energy="off",volume=vol,clone=True)
T1200-hold0.5-n800 1 {'cycle': 1, 'max_species_cycle_change': None, 'state_change': None, 'elemental_residuals': {'C': -9.333835927619042e-07, 'H': -9.338911423852068e-07, 'O': -9.32876086157383e-07}, 'mass_residual': -9.331472766154891e-07, 'max_pressure_relative_error': 1.90709646155085e-05, 'max_temperature_error_K': 4.431457909959136e-06}
T1200-hold0.5-n800 2 {'cycle': 2, 'max_species_cycle_change': 9.193272637597616e-08, 'state_change': 3.1885605267234496e-13, 'elemental_residuals': {'C': -1.1167671616280654e-06, 'H': -1.1167671244981954e-06, 'O': -1.1167672006550318e-06}, 'mass_residual': -1.116767188476622e-06, 'max_pressure_relative_error': 1.9071152748573184e-05, 'max_temperature_error_K': 4.431437332641508e-06}
T1200-hold0.5-n800 3 {'cycle': 3, 'max_species_cycle_change': 1.6241107347880757e-09, 'state_change': 6.499245586155666e-13, 'elemental_residuals': {'C': -1.1200154589966419e-06, 'H': -1.1200154382946848e-06, 'O': -1.1200154459876922e-06}, 'mass_residual': -1.120015450388278e-06, 'max_pressure_relative_error': 1.9073507037337123e-05, 'max_temperature_error_K': 4.431724846654106e-06}
