/home/runner/work/Electrification-Suite/Electrification-Suite/tools/openmkm_dynamic/run_rph_fixed_pulse.py:24: UserWarning: NasaPoly2::validate: 
For species OHV, discontinuity in h/RT detected at Tmid = 1000
	Value computed using low-temperature polynomial:  53.62056162666667
	Value computed using high-temperature polynomial: 53.5841554314

  gas=ct.Solution("gri30.yaml" if inert else str(base.MECH))
/home/runner/work/Electrification-Suite/Electrification-Suite/tools/openmkm_dynamic/run_rph_fixed_pulse.py:24: UserWarning: NasaPoly2::validate: 
For species CHV, discontinuity in h/RT detected at Tmid = 1000
	Value computed using low-temperature polynomial:  107.5046684
	Value computed using high-temperature polynomial: 107.34847808033332

  gas=ct.Solution("gri30.yaml" if inert else str(base.MECH))
/home/runner/work/Electrification-Suite/Electrification-Suite/tools/openmkm_dynamic/run_rph_fixed_pulse.py:33: UserWarning: NasaPoly2::validate: 
For species OHV, discontinuity in h/RT detected at Tmid = 1000
	Value computed using low-temperature polynomial:  53.62056162666667
	Value computed using high-temperature polynomial: 53.5841554314

  inlet=ct.Reservoir(gas,clone=True);exhaust=ct.Reservoir(gas,clone=True)
/home/runner/work/Electrification-Suite/Electrification-Suite/tools/openmkm_dynamic/run_rph_fixed_pulse.py:33: UserWarning: NasaPoly2::validate: 
For species CHV, discontinuity in h/RT detected at Tmid = 1000
	Value computed using low-temperature polynomial:  107.5046684
	Value computed using high-temperature polynomial: 107.34847808033332

  inlet=ct.Reservoir(gas,clone=True);exhaust=ct.Reservoir(gas,clone=True)
/home/runner/work/Electrification-Suite/Electrification-Suite/tools/openmkm_dynamic/run_rph_fixed_pulse.py:34: UserWarning: NasaPoly2::validate: 
For species OHV, discontinuity in h/RT detected at Tmid = 1000
	Value computed using low-temperature polynomial:  53.62056162666667
	Value computed using high-temperature polynomial: 53.5841554314

  r=PrescribedTemperatureReactor(gas,energy="off",volume=vol,clone=True)
/home/runner/work/Electrification-Suite/Electrification-Suite/tools/openmkm_dynamic/run_rph_fixed_pulse.py:34: UserWarning: NasaPoly2::validate: 
For species CHV, discontinuity in h/RT detected at Tmid = 1000
	Value computed using low-temperature polynomial:  107.5046684
	Value computed using high-temperature polynomial: 107.34847808033332

  r=PrescribedTemperatureReactor(gas,energy="off",volume=vol,clone=True)
T1200-hold0.3-n400 1 {'cycle': 1, 'max_species_cycle_change': None, 'state_change': None, 'elemental_residuals': {'C': 1.9421912931652966e-05, 'H': 1.942240733144711e-05, 'O': 1.942141851782559e-05}, 'mass_residual': 1.942168268144579e-05, 'max_pressure_relative_error': 1.9019758926708263e-05, 'max_temperature_error_K': 7.272340803865518e-05}
T1200-hold0.3-n400 2 {'cycle': 2, 'max_species_cycle_change': 1.2620585354561342e-08, 'state_change': 1.6253665080512292e-13, 'elemental_residuals': {'C': 1.9446238995862214e-05, 'H': 1.9446239010676685e-05, 'O': 1.9446239003835504e-05}, 'mass_residual': 1.9446239004155615e-05, 'max_pressure_relative_error': 1.902010012466704e-05, 'max_temperature_error_K': 7.272337984431942e-05}
T1200-hold0.3-n400 3 {'cycle': 3, 'max_species_cycle_change': 5.055701846057303e-08, 'state_change': 4.551914400963142e-14, 'elemental_residuals': {'C': 1.9547348959490675e-05, 'H': 1.9547348968151774e-05, 'O': 1.9547348979735586e-05}, 'mass_residual': 1.9547348977985477e-05, 'max_pressure_relative_error': 1.901994987973943e-05, 'max_temperature_error_K': 7.272346738318447e-05}
