/home/runner/work/Electrification-Suite/Electrification-Suite/tools/openmkm_dynamic/run_rph_fixed_pulse.py:24: UserWarning: NasaPoly2::validate: 
For species OHV, discontinuity in h/RT detected at Tmid = 1000
	Value computed using low-temperature polynomial:  53.62056162666667
	Value computed using high-temperature polynomial: 53.5841554314

  gas=ct.Solution("gri30.yaml" if inert else str(base.MECH))
/home/runner/work/Electrification-Suite/Electrification-Suite/tools/openmkm_dynamic/run_rph_fixed_pulse.py:24: UserWarning: NasaPoly2::validate: 
For species CHV, discontinuity in h/RT detected at Tmid = 1000
	Value computed using low-temperature polynomial:  107.5046684
	Value computed using high-temperature polynomial: 107.34847808033332

  gas=ct.Solution("gri30.yaml" if inert else str(base.MECH))
/home/runner/work/Electrification-Suite/Electrification-Suite/tools/openmkm_dynamic/run_rph_fixed_pulse.py:33: UserWarning: NasaPoly2::validate: 
For species OHV, discontinuity in h/RT detected at Tmid = 1000
	Value computed using low-temperature polynomial:  53.62056162666667
	Value computed using high-temperature polynomial: 53.5841554314

  inlet=ct.Reservoir(gas,clone=True);exhaust=ct.Reservoir(gas,clone=True)
/home/runner/work/Electrification-Suite/Electrification-Suite/tools/openmkm_dynamic/run_rph_fixed_pulse.py:33: UserWarning: NasaPoly2::validate: 
For species CHV, discontinuity in h/RT detected at Tmid = 1000
	Value computed using low-temperature polynomial:  107.5046684
	Value computed using high-temperature polynomial: 107.34847808033332

  inlet=ct.Reservoir(gas,clone=True);exhaust=ct.Reservoir(gas,clone=True)
/home/runner/work/Electrification-Suite/Electrification-Suite/tools/openmkm_dynamic/run_rph_fixed_pulse.py:34: UserWarning: NasaPoly2::validate: 
For species OHV, discontinuity in h/RT detected at Tmid = 1000
	Value computed using low-temperature polynomial:  53.62056162666667
	Value computed using high-temperature polynomial: 53.5841554314

  r=PrescribedTemperatureReactor(gas,energy="off",volume=vol,clone=True)
/home/runner/work/Electrification-Suite/Electrification-Suite/tools/openmkm_dynamic/run_rph_fixed_pulse.py:34: UserWarning: NasaPoly2::validate: 
For species CHV, discontinuity in h/RT detected at Tmid = 1000
	Value computed using low-temperature polynomial:  107.5046684
	Value computed using high-temperature polynomial: 107.34847808033332

  r=PrescribedTemperatureReactor(gas,energy="off",volume=vol,clone=True)
T1400-hold0.5-n800 1 {'cycle': 1, 'max_species_cycle_change': None, 'state_change': None, 'elemental_residuals': {'C': 2.894086033617763e-06, 'H': 2.8940436772066867e-06, 'O': 2.8941248976325824e-06}, 'mass_residual': 2.894103889764484e-06, 'max_pressure_relative_error': 2.4138506052429065e-05, 'max_temperature_error_K': 3.091608959948644e-06}
T1400-hold0.5-n800 2 {'cycle': 2, 'max_species_cycle_change': 1.6737845554004593e-09, 'state_change': 1.8174350913113813e-13, 'elemental_residuals': {'C': 2.890771973243757e-06, 'H': 2.8907805480688893e-06, 'O': 2.890749313099312e-06}, 'mass_residual': 2.89076048098416e-06, 'max_pressure_relative_error': 2.4138505823279033e-05, 'max_temperature_error_K': 3.088954144914169e-06}
T1400-hold0.5-n800 3 {'cycle': 3, 'max_species_cycle_change': 2.5790574620376816e-08, 'state_change': 1.4235279621743757e-12, 'elemental_residuals': {'C': 2.8392457241520934e-06, 'H': 2.839338778773821e-06, 'O': 2.8391765692188414e-06}, 'mass_residual': 2.8392151317423128e-06, 'max_pressure_relative_error': 2.4138505833048995e-05, 'max_temperature_error_K': 3.088987568844459e-06}
