/home/runner/work/Electrification-Suite/Electrification-Suite/tools/openmkm_dynamic/run_rph_fixed_pulse.py:24: UserWarning: NasaPoly2::validate: 
For species OHV, discontinuity in h/RT detected at Tmid = 1000
	Value computed using low-temperature polynomial:  53.62056162666667
	Value computed using high-temperature polynomial: 53.5841554314

  gas=ct.Solution("gri30.yaml" if inert else str(base.MECH))
/home/runner/work/Electrification-Suite/Electrification-Suite/tools/openmkm_dynamic/run_rph_fixed_pulse.py:24: UserWarning: NasaPoly2::validate: 
For species CHV, discontinuity in h/RT detected at Tmid = 1000
	Value computed using low-temperature polynomial:  107.5046684
	Value computed using high-temperature polynomial: 107.34847808033332

  gas=ct.Solution("gri30.yaml" if inert else str(base.MECH))
/home/runner/work/Electrification-Suite/Electrification-Suite/tools/openmkm_dynamic/run_rph_fixed_pulse.py:33: UserWarning: NasaPoly2::validate: 
For species OHV, discontinuity in h/RT detected at Tmid = 1000
	Value computed using low-temperature polynomial:  53.62056162666667
	Value computed using high-temperature polynomial: 53.5841554314

  inlet=ct.Reservoir(gas,clone=True);exhaust=ct.Reservoir(gas,clone=True)
/home/runner/work/Electrification-Suite/Electrification-Suite/tools/openmkm_dynamic/run_rph_fixed_pulse.py:33: UserWarning: NasaPoly2::validate: 
For species CHV, discontinuity in h/RT detected at Tmid = 1000
	Value computed using low-temperature polynomial:  107.5046684
	Value computed using high-temperature polynomial: 107.34847808033332

  inlet=ct.Reservoir(gas,clone=True);exhaust=ct.Reservoir(gas,clone=True)
/home/runner/work/Electrification-Suite/Electrification-Suite/tools/openmkm_dynamic/run_rph_fixed_pulse.py:34: UserWarning: NasaPoly2::validate: 
For species OHV, discontinuity in h/RT detected at Tmid = 1000
	Value computed using low-temperature polynomial:  53.62056162666667
	Value computed using high-temperature polynomial: 53.5841554314

  r=PrescribedTemperatureReactor(gas,energy="off",volume=vol,clone=True)
/home/runner/work/Electrification-Suite/Electrification-Suite/tools/openmkm_dynamic/run_rph_fixed_pulse.py:34: UserWarning: NasaPoly2::validate: 
For species CHV, discontinuity in h/RT detected at Tmid = 1000
	Value computed using low-temperature polynomial:  107.5046684
	Value computed using high-temperature polynomial: 107.34847808033332

  r=PrescribedTemperatureReactor(gas,energy="off",volume=vol,clone=True)
T1400-hold0.4-n400 1 {'cycle': 1, 'max_species_cycle_change': None, 'state_change': None, 'elemental_residuals': {'C': 1.7873890925859952e-05, 'H': 1.7873879353237016e-05, 'O': 1.787391644113306e-05}, 'mass_residual': 1.787390374615616e-05, 'max_pressure_relative_error': 2.405952515238674e-05, 'max_temperature_error_K': 1.2752998372889124e-06}
T1400-hold0.4-n400 2 {'cycle': 2, 'max_species_cycle_change': 2.7332251462119928e-08, 'state_change': 1.8318679906315083e-13, 'elemental_residuals': {'C': 1.7819253344096867e-05, 'H': 1.7819232690269793e-05, 'O': 1.7819244172287898e-05}, 'mass_residual': 1.781924707095127e-05, 'max_pressure_relative_error': 2.405952524164867e-05, 'max_temperature_error_K': 1.2755244824802503e-06}
T1400-hold0.4-n400 3 {'cycle': 3, 'max_species_cycle_change': 8.110124621873993e-08, 'state_change': 5.088152121857092e-13, 'elemental_residuals': {'C': 1.7981452698148325e-05, 'H': 1.7981457445438485e-05, 'O': 1.798145140916636e-05}, 'mass_residual': 1.7981452328611686e-05, 'max_pressure_relative_error': 2.405952833584024e-05, 'max_temperature_error_K': 1.2755328953062417e-06}
