/home/runner/work/Electrification-Suite/Electrification-Suite/tools/openmkm_dynamic/run_rph_fixed_pulse.py:24: UserWarning: NasaPoly2::validate: 
For species OHV, discontinuity in h/RT detected at Tmid = 1000
	Value computed using low-temperature polynomial:  53.62056162666667
	Value computed using high-temperature polynomial: 53.5841554314

  gas=ct.Solution("gri30.yaml" if inert else str(base.MECH))
/home/runner/work/Electrification-Suite/Electrification-Suite/tools/openmkm_dynamic/run_rph_fixed_pulse.py:24: UserWarning: NasaPoly2::validate: 
For species CHV, discontinuity in h/RT detected at Tmid = 1000
	Value computed using low-temperature polynomial:  107.5046684
	Value computed using high-temperature polynomial: 107.34847808033332

  gas=ct.Solution("gri30.yaml" if inert else str(base.MECH))
/home/runner/work/Electrification-Suite/Electrification-Suite/tools/openmkm_dynamic/run_rph_fixed_pulse.py:33: UserWarning: NasaPoly2::validate: 
For species OHV, discontinuity in h/RT detected at Tmid = 1000
	Value computed using low-temperature polynomial:  53.62056162666667
	Value computed using high-temperature polynomial: 53.5841554314

  inlet=ct.Reservoir(gas,clone=True);exhaust=ct.Reservoir(gas,clone=True)
/home/runner/work/Electrification-Suite/Electrification-Suite/tools/openmkm_dynamic/run_rph_fixed_pulse.py:33: UserWarning: NasaPoly2::validate: 
For species CHV, discontinuity in h/RT detected at Tmid = 1000
	Value computed using low-temperature polynomial:  107.5046684
	Value computed using high-temperature polynomial: 107.34847808033332

  inlet=ct.Reservoir(gas,clone=True);exhaust=ct.Reservoir(gas,clone=True)
/home/runner/work/Electrification-Suite/Electrification-Suite/tools/openmkm_dynamic/run_rph_fixed_pulse.py:34: UserWarning: NasaPoly2::validate: 
For species OHV, discontinuity in h/RT detected at Tmid = 1000
	Value computed using low-temperature polynomial:  53.62056162666667
	Value computed using high-temperature polynomial: 53.5841554314

  r=PrescribedTemperatureReactor(gas,energy="off",volume=vol,clone=True)
/home/runner/work/Electrification-Suite/Electrification-Suite/tools/openmkm_dynamic/run_rph_fixed_pulse.py:34: UserWarning: NasaPoly2::validate: 
For species CHV, discontinuity in h/RT detected at Tmid = 1000
	Value computed using low-temperature polynomial:  107.5046684
	Value computed using high-temperature polynomial: 107.34847808033332

  r=PrescribedTemperatureReactor(gas,energy="off",volume=vol,clone=True)
T1400-hold0.2-n800 1 {'cycle': 1, 'max_species_cycle_change': None, 'state_change': None, 'elemental_residuals': {'C': 2.0726792354850112e-05, 'H': 2.0726763542023144e-05, 'O': 2.072681875388232e-05}, 'mass_residual': 2.072680448895403e-05, 'max_pressure_relative_error': 2.4138506052429065e-05, 'max_temperature_error_K': 3.091608959948644e-06}
T1400-hold0.2-n800 2 {'cycle': 2, 'max_species_cycle_change': 6.506638561276645e-10, 'state_change': 5.224709553885987e-13, 'elemental_residuals': {'C': 2.0725502725079534e-05, 'H': 2.0725504854471443e-05, 'O': 2.072550115673456e-05}, 'mass_residual': 2.072550204196109e-05, 'max_pressure_relative_error': 2.4138505980042524e-05, 'max_temperature_error_K': 3.0887845241522882e-06}
T1400-hold0.2-n800 3 {'cycle': 3, 'max_species_cycle_change': 3.6650147194894345e-08, 'state_change': 1.0262901639634947e-12, 'elemental_residuals': {'C': 2.0652210504012152e-05, 'H': 2.0652205846006508e-05, 'O': 2.065221406778851e-05}, 'mass_residual': 2.065221208828776e-05, 'max_pressure_relative_error': 2.4138505863913196e-05, 'max_temperature_error_K': 3.088456310251786e-06}
