/home/runner/work/Electrification-Suite/Electrification-Suite/tools/openmkm_dynamic/run_rph_fixed_pulse.py:24: UserWarning: NasaPoly2::validate: 
For species OHV, discontinuity in h/RT detected at Tmid = 1000
	Value computed using low-temperature polynomial:  53.62056162666667
	Value computed using high-temperature polynomial: 53.5841554314

  gas=ct.Solution("gri30.yaml" if inert else str(base.MECH))
/home/runner/work/Electrification-Suite/Electrification-Suite/tools/openmkm_dynamic/run_rph_fixed_pulse.py:24: UserWarning: NasaPoly2::validate: 
For species CHV, discontinuity in h/RT detected at Tmid = 1000
	Value computed using low-temperature polynomial:  107.5046684
	Value computed using high-temperature polynomial: 107.34847808033332

  gas=ct.Solution("gri30.yaml" if inert else str(base.MECH))
/home/runner/work/Electrification-Suite/Electrification-Suite/tools/openmkm_dynamic/run_rph_fixed_pulse.py:33: UserWarning: NasaPoly2::validate: 
For species OHV, discontinuity in h/RT detected at Tmid = 1000
	Value computed using low-temperature polynomial:  53.62056162666667
	Value computed using high-temperature polynomial: 53.5841554314

  inlet=ct.Reservoir(gas,clone=True);exhaust=ct.Reservoir(gas,clone=True)
/home/runner/work/Electrification-Suite/Electrification-Suite/tools/openmkm_dynamic/run_rph_fixed_pulse.py:33: UserWarning: NasaPoly2::validate: 
For species CHV, discontinuity in h/RT detected at Tmid = 1000
	Value computed using low-temperature polynomial:  107.5046684
	Value computed using high-temperature polynomial: 107.34847808033332

  inlet=ct.Reservoir(gas,clone=True);exhaust=ct.Reservoir(gas,clone=True)
/home/runner/work/Electrification-Suite/Electrification-Suite/tools/openmkm_dynamic/run_rph_fixed_pulse.py:34: UserWarning: NasaPoly2::validate: 
For species OHV, discontinuity in h/RT detected at Tmid = 1000
	Value computed using low-temperature polynomial:  53.62056162666667
	Value computed using high-temperature polynomial: 53.5841554314

  r=PrescribedTemperatureReactor(gas,energy="off",volume=vol,clone=True)
/home/runner/work/Electrification-Suite/Electrification-Suite/tools/openmkm_dynamic/run_rph_fixed_pulse.py:34: UserWarning: NasaPoly2::validate: 
For species CHV, discontinuity in h/RT detected at Tmid = 1000
	Value computed using low-temperature polynomial:  107.5046684
	Value computed using high-temperature polynomial: 107.34847808033332

  r=PrescribedTemperatureReactor(gas,energy="off",volume=vol,clone=True)
T1400-hold0.1-n800 1 {'cycle': 1, 'max_species_cycle_change': None, 'state_change': None, 'elemental_residuals': {'C': 2.6527063384651364e-05, 'H': 2.652703763790519e-05, 'O': 2.652708902017433e-05}, 'mass_residual': 2.652707531024173e-05, 'max_pressure_relative_error': 2.4138506052429065e-05, 'max_temperature_error_K': 3.091608959948644e-06}
T1400-hold0.1-n800 2 {'cycle': 2, 'max_species_cycle_change': 4.0323367478389827e-08, 'state_change': 1.3233858453531866e-13, 'elemental_residuals': {'C': 2.660765586926651e-05, 'H': 2.660765553233448e-05, 'O': 2.6607655796871615e-05}, 'mass_residual': 2.6607655809857775e-05, 'max_pressure_relative_error': 2.4138505846371672e-05, 'max_temperature_error_K': 3.088915377702506e-06}
T1400-hold0.1-n800 3 {'cycle': 3, 'max_species_cycle_change': 4.0861081185283865e-09, 'state_change': 4.036770917537069e-13, 'elemental_residuals': {'C': 2.6599484479820967e-05, 'H': 2.6599484872069826e-05, 'O': 2.659948385058033e-05}, 'mass_residual': 2.6599484178650146e-05, 'max_pressure_relative_error': 2.413850596827416e-05, 'max_temperature_error_K': 3.089272240686114e-06}
