/home/runner/work/Electrification-Suite/Electrification-Suite/tools/openmkm_dynamic/run_rph_fixed_pulse.py:24: UserWarning: NasaPoly2::validate: 
For species OHV, discontinuity in h/RT detected at Tmid = 1000
	Value computed using low-temperature polynomial:  53.62056162666667
	Value computed using high-temperature polynomial: 53.5841554314

  gas=ct.Solution("gri30.yaml" if inert else str(base.MECH))
/home/runner/work/Electrification-Suite/Electrification-Suite/tools/openmkm_dynamic/run_rph_fixed_pulse.py:24: UserWarning: NasaPoly2::validate: 
For species CHV, discontinuity in h/RT detected at Tmid = 1000
	Value computed using low-temperature polynomial:  107.5046684
	Value computed using high-temperature polynomial: 107.34847808033332

  gas=ct.Solution("gri30.yaml" if inert else str(base.MECH))
/home/runner/work/Electrification-Suite/Electrification-Suite/tools/openmkm_dynamic/run_rph_fixed_pulse.py:33: UserWarning: NasaPoly2::validate: 
For species OHV, discontinuity in h/RT detected at Tmid = 1000
	Value computed using low-temperature polynomial:  53.62056162666667
	Value computed using high-temperature polynomial: 53.5841554314

  inlet=ct.Reservoir(gas,clone=True);exhaust=ct.Reservoir(gas,clone=True)
/home/runner/work/Electrification-Suite/Electrification-Suite/tools/openmkm_dynamic/run_rph_fixed_pulse.py:33: UserWarning: NasaPoly2::validate: 
For species CHV, discontinuity in h/RT detected at Tmid = 1000
	Value computed using low-temperature polynomial:  107.5046684
	Value computed using high-temperature polynomial: 107.34847808033332

  inlet=ct.Reservoir(gas,clone=True);exhaust=ct.Reservoir(gas,clone=True)
/home/runner/work/Electrification-Suite/Electrification-Suite/tools/openmkm_dynamic/run_rph_fixed_pulse.py:34: UserWarning: NasaPoly2::validate: 
For species OHV, discontinuity in h/RT detected at Tmid = 1000
	Value computed using low-temperature polynomial:  53.62056162666667
	Value computed using high-temperature polynomial: 53.5841554314

  r=PrescribedTemperatureReactor(gas,energy="off",volume=vol,clone=True)
/home/runner/work/Electrification-Suite/Electrification-Suite/tools/openmkm_dynamic/run_rph_fixed_pulse.py:34: UserWarning: NasaPoly2::validate: 
For species CHV, discontinuity in h/RT detected at Tmid = 1000
	Value computed using low-temperature polynomial:  107.5046684
	Value computed using high-temperature polynomial: 107.34847808033332

  r=PrescribedTemperatureReactor(gas,energy="off",volume=vol,clone=True)
T1400-hold0.025-n400 1 {'cycle': 1, 'max_species_cycle_change': None, 'state_change': None, 'elemental_residuals': {'C': 6.241893036968961e-05, 'H': 6.24188942408917e-05, 'O': 6.24189664179737e-05}, 'mass_residual': 6.241894714374407e-05, 'max_pressure_relative_error': 2.405952515238674e-05, 'max_temperature_error_K': 1.275277554668719e-06}
T1400-hold0.025-n400 2 {'cycle': 2, 'max_species_cycle_change': 6.16915565299081e-08, 'state_change': 1.978417429882029e-13, 'elemental_residuals': {'C': 6.254227723514346e-05, 'H': 6.254227713923735e-05, 'O': 6.254227718928482e-05}, 'mass_residual': 6.254227720386453e-05, 'max_pressure_relative_error': 2.4059525245201385e-05, 'max_temperature_error_K': 1.27541920846852e-06}
T1400-hold0.025-n400 3 {'cycle': 3, 'max_species_cycle_change': 4.5444991325638284e-08, 'state_change': 5.939693181744587e-13, 'elemental_residuals': {'C': 6.245138673956511e-05, 'H': 6.245138657818932e-05, 'O': 6.245138668411264e-05}, 'mass_residual': 6.245138669037441e-05, 'max_pressure_relative_error': 2.40595252178899e-05, 'max_temperature_error_K': 1.2758440561810858e-06}
