/home/runner/work/Electrification-Suite/Electrification-Suite/tools/openmkm_dynamic/run_rph_fixed_pulse.py:24: UserWarning: NasaPoly2::validate: 
For species OHV, discontinuity in h/RT detected at Tmid = 1000
	Value computed using low-temperature polynomial:  53.62056162666667
	Value computed using high-temperature polynomial: 53.5841554314

  gas=ct.Solution("gri30.yaml" if inert else str(base.MECH))
/home/runner/work/Electrification-Suite/Electrification-Suite/tools/openmkm_dynamic/run_rph_fixed_pulse.py:24: UserWarning: NasaPoly2::validate: 
For species CHV, discontinuity in h/RT detected at Tmid = 1000
	Value computed using low-temperature polynomial:  107.5046684
	Value computed using high-temperature polynomial: 107.34847808033332

  gas=ct.Solution("gri30.yaml" if inert else str(base.MECH))
/home/runner/work/Electrification-Suite/Electrification-Suite/tools/openmkm_dynamic/run_rph_fixed_pulse.py:33: UserWarning: NasaPoly2::validate: 
For species OHV, discontinuity in h/RT detected at Tmid = 1000
	Value computed using low-temperature polynomial:  53.62056162666667
	Value computed using high-temperature polynomial: 53.5841554314

  inlet=ct.Reservoir(gas,clone=True);exhaust=ct.Reservoir(gas,clone=True)
/home/runner/work/Electrification-Suite/Electrification-Suite/tools/openmkm_dynamic/run_rph_fixed_pulse.py:33: UserWarning: NasaPoly2::validate: 
For species CHV, discontinuity in h/RT detected at Tmid = 1000
	Value computed using low-temperature polynomial:  107.5046684
	Value computed using high-temperature polynomial: 107.34847808033332

  inlet=ct.Reservoir(gas,clone=True);exhaust=ct.Reservoir(gas,clone=True)
/home/runner/work/Electrification-Suite/Electrification-Suite/tools/openmkm_dynamic/run_rph_fixed_pulse.py:34: UserWarning: NasaPoly2::validate: 
For species OHV, discontinuity in h/RT detected at Tmid = 1000
	Value computed using low-temperature polynomial:  53.62056162666667
	Value computed using high-temperature polynomial: 53.5841554314

  r=PrescribedTemperatureReactor(gas,energy="off",volume=vol,clone=True)
/home/runner/work/Electrification-Suite/Electrification-Suite/tools/openmkm_dynamic/run_rph_fixed_pulse.py:34: UserWarning: NasaPoly2::validate: 
For species CHV, discontinuity in h/RT detected at Tmid = 1000
	Value computed using low-temperature polynomial:  107.5046684
	Value computed using high-temperature polynomial: 107.34847808033332

  r=PrescribedTemperatureReactor(gas,energy="off",volume=vol,clone=True)
T1400-hold0.2-n400 1 {'cycle': 1, 'max_species_cycle_change': None, 'state_change': None, 'elemental_residuals': {'C': 4.1563722869870104e-05, 'H': 4.156368704227203e-05, 'O': 4.15637593037242e-05}, 'mass_residual': 4.156373987716671e-05, 'max_pressure_relative_error': 2.405952515238674e-05, 'max_temperature_error_K': 1.2752825568895787e-06}
T1400-hold0.2-n400 2 {'cycle': 2, 'max_species_cycle_change': 4.5403875326144316e-08, 'state_change': 6.461498003318411e-14, 'elemental_residuals': {'C': 4.1654497262936283e-05, 'H': 4.165449589160275e-05, 'O': 4.165449725663927e-05}, 'mass_residual': 4.165449716696046e-05, 'max_pressure_relative_error': 2.405952523965027e-05, 'max_temperature_error_K': 1.2753912415064406e-06}
T1400-hold0.2-n400 3 {'cycle': 3, 'max_species_cycle_change': 2.5055728269940403e-08, 'state_change': 8.926193117986259e-14, 'elemental_residuals': {'C': 4.1604385646436955e-05, 'H': 4.160438507488492e-05, 'O': 4.160438497787163e-05}, 'mass_residual': 4.1604385252997876e-05, 'max_pressure_relative_error': 2.405952523920618e-05, 'max_temperature_error_K': 1.2754640010825824e-06}
