/home/runner/work/Electrification-Suite/Electrification-Suite/tools/openmkm_dynamic/run_rph_fixed_pulse.py:24: UserWarning: NasaPoly2::validate: 
For species OHV, discontinuity in h/RT detected at Tmid = 1000
	Value computed using low-temperature polynomial:  53.62056162666667
	Value computed using high-temperature polynomial: 53.5841554314

  gas=ct.Solution("gri30.yaml" if inert else str(base.MECH))
/home/runner/work/Electrification-Suite/Electrification-Suite/tools/openmkm_dynamic/run_rph_fixed_pulse.py:24: UserWarning: NasaPoly2::validate: 
For species CHV, discontinuity in h/RT detected at Tmid = 1000
	Value computed using low-temperature polynomial:  107.5046684
	Value computed using high-temperature polynomial: 107.34847808033332

  gas=ct.Solution("gri30.yaml" if inert else str(base.MECH))
/home/runner/work/Electrification-Suite/Electrification-Suite/tools/openmkm_dynamic/run_rph_fixed_pulse.py:33: UserWarning: NasaPoly2::validate: 
For species OHV, discontinuity in h/RT detected at Tmid = 1000
	Value computed using low-temperature polynomial:  53.62056162666667
	Value computed using high-temperature polynomial: 53.5841554314

  inlet=ct.Reservoir(gas,clone=True);exhaust=ct.Reservoir(gas,clone=True)
/home/runner/work/Electrification-Suite/Electrification-Suite/tools/openmkm_dynamic/run_rph_fixed_pulse.py:33: UserWarning: NasaPoly2::validate: 
For species CHV, discontinuity in h/RT detected at Tmid = 1000
	Value computed using low-temperature polynomial:  107.5046684
	Value computed using high-temperature polynomial: 107.34847808033332

  inlet=ct.Reservoir(gas,clone=True);exhaust=ct.Reservoir(gas,clone=True)
/home/runner/work/Electrification-Suite/Electrification-Suite/tools/openmkm_dynamic/run_rph_fixed_pulse.py:34: UserWarning: NasaPoly2::validate: 
For species OHV, discontinuity in h/RT detected at Tmid = 1000
	Value computed using low-temperature polynomial:  53.62056162666667
	Value computed using high-temperature polynomial: 53.5841554314

  r=PrescribedTemperatureReactor(gas,energy="off",volume=vol,clone=True)
/home/runner/work/Electrification-Suite/Electrification-Suite/tools/openmkm_dynamic/run_rph_fixed_pulse.py:34: UserWarning: NasaPoly2::validate: 
For species CHV, discontinuity in h/RT detected at Tmid = 1000
	Value computed using low-temperature polynomial:  107.5046684
	Value computed using high-temperature polynomial: 107.34847808033332

  r=PrescribedTemperatureReactor(gas,energy="off",volume=vol,clone=True)
T1600-hold0.5-n800 1 {'cycle': 1, 'max_species_cycle_change': None, 'state_change': None, 'elemental_residuals': {'C': 3.4557096417819316e-06, 'H': 3.453771092336841e-06, 'O': 3.4567068858445606e-06}, 'mass_residual': 3.4561108771091374e-06, 'max_pressure_relative_error': 2.920041748977198e-05, 'max_temperature_error_K': 3.208187990821898e-07}
T1600-hold0.5-n800 2 {'cycle': 2, 'max_species_cycle_change': 2.435313117832294e-08, 'state_change': 3.289590821964339e-13, 'elemental_residuals': {'C': 3.410512330018755e-06, 'H': 3.4017840573590787e-06, 'O': 3.4075947025812813e-06}, 'mass_residual': 3.4083716727393607e-06, 'max_pressure_relative_error': 2.9200417331454176e-05, 'max_temperature_error_K': 3.2095522328745574e-07}
T1600-hold0.5-n800 3 {'cycle': 3, 'max_species_cycle_change': 2.0254095067784306e-08, 'state_change': 1.0079714840571796e-12, 'elemental_residuals': {'C': 3.4346575155321087e-06, 'H': 3.4435218723769088e-06, 'O': 3.4530323777959614e-06}, 'mass_residual': 3.445043506568513e-06, 'max_pressure_relative_error': 2.9200417462460493e-05, 'max_temperature_error_K': 3.215435526726651e-07}
