/home/runner/work/Electrification-Suite/Electrification-Suite/tools/openmkm_dynamic/run_rph_fixed_pulse.py:24: UserWarning: NasaPoly2::validate: 
For species OHV, discontinuity in h/RT detected at Tmid = 1000
	Value computed using low-temperature polynomial:  53.62056162666667
	Value computed using high-temperature polynomial: 53.5841554314

  gas=ct.Solution("gri30.yaml" if inert else str(base.MECH))
/home/runner/work/Electrification-Suite/Electrification-Suite/tools/openmkm_dynamic/run_rph_fixed_pulse.py:24: UserWarning: NasaPoly2::validate: 
For species CHV, discontinuity in h/RT detected at Tmid = 1000
	Value computed using low-temperature polynomial:  107.5046684
	Value computed using high-temperature polynomial: 107.34847808033332

  gas=ct.Solution("gri30.yaml" if inert else str(base.MECH))
/home/runner/work/Electrification-Suite/Electrification-Suite/tools/openmkm_dynamic/run_rph_fixed_pulse.py:33: UserWarning: NasaPoly2::validate: 
For species OHV, discontinuity in h/RT detected at Tmid = 1000
	Value computed using low-temperature polynomial:  53.62056162666667
	Value computed using high-temperature polynomial: 53.5841554314

  inlet=ct.Reservoir(gas,clone=True);exhaust=ct.Reservoir(gas,clone=True)
/home/runner/work/Electrification-Suite/Electrification-Suite/tools/openmkm_dynamic/run_rph_fixed_pulse.py:33: UserWarning: NasaPoly2::validate: 
For species CHV, discontinuity in h/RT detected at Tmid = 1000
	Value computed using low-temperature polynomial:  107.5046684
	Value computed using high-temperature polynomial: 107.34847808033332

  inlet=ct.Reservoir(gas,clone=True);exhaust=ct.Reservoir(gas,clone=True)
/home/runner/work/Electrification-Suite/Electrification-Suite/tools/openmkm_dynamic/run_rph_fixed_pulse.py:34: UserWarning: NasaPoly2::validate: 
For species OHV, discontinuity in h/RT detected at Tmid = 1000
	Value computed using low-temperature polynomial:  53.62056162666667
	Value computed using high-temperature polynomial: 53.5841554314

  r=PrescribedTemperatureReactor(gas,energy="off",volume=vol,clone=True)
/home/runner/work/Electrification-Suite/Electrification-Suite/tools/openmkm_dynamic/run_rph_fixed_pulse.py:34: UserWarning: NasaPoly2::validate: 
For species CHV, discontinuity in h/RT detected at Tmid = 1000
	Value computed using low-temperature polynomial:  107.5046684
	Value computed using high-temperature polynomial: 107.34847808033332

  r=PrescribedTemperatureReactor(gas,energy="off",volume=vol,clone=True)
T1600-hold0.3-n800 1 {'cycle': 1, 'max_species_cycle_change': None, 'state_change': None, 'elemental_residuals': {'C': 1.923771974835151e-05, 'H': 1.9234130420528146e-05, 'O': 1.9235411343880115e-05}, 'mass_residual': 1.9236248737231387e-05, 'max_pressure_relative_error': 2.920041748977198e-05, 'max_temperature_error_K': 3.208187990821898e-07}
T1600-hold0.3-n800 2 {'cycle': 2, 'max_species_cycle_change': 7.231974025190269e-08, 'state_change': 1.5265566588595902e-13, 'elemental_residuals': {'C': 1.938029725951244e-05, 'H': 1.9383929213032867e-05, 'O': 1.9381551997331e-05}, 'mass_residual': 1.9381209678515313e-05, 'max_pressure_relative_error': 2.9200417415164992e-05, 'max_temperature_error_K': 3.2080697565106675e-07}
T1600-hold0.3-n800 3 {'cycle': 3, 'max_species_cycle_change': 2.840172252938089e-08, 'state_change': 2.7760016507727414e-12, 'elemental_residuals': {'C': 1.9327639623951016e-05, 'H': 1.9322022830412178e-05, 'O': 1.932892099938951e-05}, 'mass_residual': 1.9327945264117282e-05, 'max_pressure_relative_error': 2.9200416473917912e-05, 'max_temperature_error_K': 3.204338554496644e-07}
