/home/runner/work/Electrification-Suite/Electrification-Suite/tools/openmkm_dynamic/run_rph_fixed_pulse.py:24: UserWarning: NasaPoly2::validate: 
For species OHV, discontinuity in h/RT detected at Tmid = 1000
	Value computed using low-temperature polynomial:  53.62056162666667
	Value computed using high-temperature polynomial: 53.5841554314

  gas=ct.Solution("gri30.yaml" if inert else str(base.MECH))
/home/runner/work/Electrification-Suite/Electrification-Suite/tools/openmkm_dynamic/run_rph_fixed_pulse.py:24: UserWarning: NasaPoly2::validate: 
For species CHV, discontinuity in h/RT detected at Tmid = 1000
	Value computed using low-temperature polynomial:  107.5046684
	Value computed using high-temperature polynomial: 107.34847808033332

  gas=ct.Solution("gri30.yaml" if inert else str(base.MECH))
/home/runner/work/Electrification-Suite/Electrification-Suite/tools/openmkm_dynamic/run_rph_fixed_pulse.py:33: UserWarning: NasaPoly2::validate: 
For species OHV, discontinuity in h/RT detected at Tmid = 1000
	Value computed using low-temperature polynomial:  53.62056162666667
	Value computed using high-temperature polynomial: 53.5841554314

  inlet=ct.Reservoir(gas,clone=True);exhaust=ct.Reservoir(gas,clone=True)
/home/runner/work/Electrification-Suite/Electrification-Suite/tools/openmkm_dynamic/run_rph_fixed_pulse.py:33: UserWarning: NasaPoly2::validate: 
For species CHV, discontinuity in h/RT detected at Tmid = 1000
	Value computed using low-temperature polynomial:  107.5046684
	Value computed using high-temperature polynomial: 107.34847808033332

  inlet=ct.Reservoir(gas,clone=True);exhaust=ct.Reservoir(gas,clone=True)
/home/runner/work/Electrification-Suite/Electrification-Suite/tools/openmkm_dynamic/run_rph_fixed_pulse.py:34: UserWarning: NasaPoly2::validate: 
For species OHV, discontinuity in h/RT detected at Tmid = 1000
	Value computed using low-temperature polynomial:  53.62056162666667
	Value computed using high-temperature polynomial: 53.5841554314

  r=PrescribedTemperatureReactor(gas,energy="off",volume=vol,clone=True)
/home/runner/work/Electrification-Suite/Electrification-Suite/tools/openmkm_dynamic/run_rph_fixed_pulse.py:34: UserWarning: NasaPoly2::validate: 
For species CHV, discontinuity in h/RT detected at Tmid = 1000
	Value computed using low-temperature polynomial:  107.5046684
	Value computed using high-temperature polynomial: 107.34847808033332

  r=PrescribedTemperatureReactor(gas,energy="off",volume=vol,clone=True)
T1600-hold0.025-n800 1 {'cycle': 1, 'max_species_cycle_change': None, 'state_change': None, 'elemental_residuals': {'C': 3.8256983354995604e-05, 'H': 3.825698431744923e-05, 'O': 3.825698143276763e-05}, 'mass_residual': 3.825698239021882e-05, 'max_pressure_relative_error': 2.920041748977198e-05, 'max_temperature_error_K': 3.208187990821898e-07}
T1600-hold0.025-n800 2 {'cycle': 2, 'max_species_cycle_change': 3.500348677576426e-09, 'state_change': 4.620748228489902e-13, 'elemental_residuals': {'C': 3.8263964705175054e-05, 'H': 3.82639650493787e-05, 'O': 3.826396483014455e-05}, 'mass_residual': 3.826396479199062e-05, 'max_pressure_relative_error': 2.9200417464902984e-05, 'max_temperature_error_K': 3.205352641089121e-07}
T1600-hold0.025-n800 3 {'cycle': 3, 'max_species_cycle_change': 1.7563570431367026e-08, 'state_change': 1.3433698597964394e-12, 'elemental_residuals': {'C': 3.8299093869231426e-05, 'H': 3.8299093737523074e-05, 'O': 3.8299093489318934e-05}, 'mass_residual': 3.829909365343448e-05, 'max_pressure_relative_error': 2.9200417357877484e-05, 'max_temperature_error_K': 3.202486595910159e-07}
