/home/runner/work/Electrification-Suite/Electrification-Suite/tools/openmkm_dynamic/run_rph_fixed_pulse.py:24: UserWarning: NasaPoly2::validate: 
For species OHV, discontinuity in h/RT detected at Tmid = 1000
	Value computed using low-temperature polynomial:  53.62056162666667
	Value computed using high-temperature polynomial: 53.5841554314

  gas=ct.Solution("gri30.yaml" if inert else str(base.MECH))
/home/runner/work/Electrification-Suite/Electrification-Suite/tools/openmkm_dynamic/run_rph_fixed_pulse.py:24: UserWarning: NasaPoly2::validate: 
For species CHV, discontinuity in h/RT detected at Tmid = 1000
	Value computed using low-temperature polynomial:  107.5046684
	Value computed using high-temperature polynomial: 107.34847808033332

  gas=ct.Solution("gri30.yaml" if inert else str(base.MECH))
/home/runner/work/Electrification-Suite/Electrification-Suite/tools/openmkm_dynamic/run_rph_fixed_pulse.py:33: UserWarning: NasaPoly2::validate: 
For species OHV, discontinuity in h/RT detected at Tmid = 1000
	Value computed using low-temperature polynomial:  53.62056162666667
	Value computed using high-temperature polynomial: 53.5841554314

  inlet=ct.Reservoir(gas,clone=True);exhaust=ct.Reservoir(gas,clone=True)
/home/runner/work/Electrification-Suite/Electrification-Suite/tools/openmkm_dynamic/run_rph_fixed_pulse.py:33: UserWarning: NasaPoly2::validate: 
For species CHV, discontinuity in h/RT detected at Tmid = 1000
	Value computed using low-temperature polynomial:  107.5046684
	Value computed using high-temperature polynomial: 107.34847808033332

  inlet=ct.Reservoir(gas,clone=True);exhaust=ct.Reservoir(gas,clone=True)
/home/runner/work/Electrification-Suite/Electrification-Suite/tools/openmkm_dynamic/run_rph_fixed_pulse.py:34: UserWarning: NasaPoly2::validate: 
For species OHV, discontinuity in h/RT detected at Tmid = 1000
	Value computed using low-temperature polynomial:  53.62056162666667
	Value computed using high-temperature polynomial: 53.5841554314

  r=PrescribedTemperatureReactor(gas,energy="off",volume=vol,clone=True)
/home/runner/work/Electrification-Suite/Electrification-Suite/tools/openmkm_dynamic/run_rph_fixed_pulse.py:34: UserWarning: NasaPoly2::validate: 
For species CHV, discontinuity in h/RT detected at Tmid = 1000
	Value computed using low-temperature polynomial:  107.5046684
	Value computed using high-temperature polynomial: 107.34847808033332

  r=PrescribedTemperatureReactor(gas,energy="off",volume=vol,clone=True)
T1600-hold0.05-n400 1 {'cycle': 1, 'max_species_cycle_change': None, 'state_change': None, 'elemental_residuals': {'C': 7.340981206855867e-05, 'H': 7.340981005201557e-05, 'O': 7.34098141323386e-05}, 'mass_residual': 7.340981303146666e-05, 'max_pressure_relative_error': 2.9084335045448384e-05, 'max_temperature_error_K': 2.571302957221633e-07}
T1600-hold0.05-n400 2 {'cycle': 2, 'max_species_cycle_change': 1.765837337464049e-08, 'state_change': 7.72715225139109e-13, 'elemental_residuals': {'C': 7.337449059408954e-05, 'H': 7.337449749053861e-05, 'O': 7.337448902158805e-05}, 'mass_residual': 7.337449021611337e-05, 'max_pressure_relative_error': 2.908433498016727e-05, 'max_temperature_error_K': 2.56997282122029e-07}
T1600-hold0.05-n400 3 {'cycle': 3, 'max_species_cycle_change': 1.7302754173886825e-08, 'state_change': 4.083400284571326e-13, 'elemental_residuals': {'C': 7.340908882889506e-05, 'H': 7.340908906954097e-05, 'O': 7.340909137100964e-05}, 'mass_residual': 7.340909019828206e-05, 'max_pressure_relative_error': 2.9084335014584184e-05, 'max_temperature_error_K': 2.5651593205111567e-07}
