/home/runner/work/Electrification-Suite/Electrification-Suite/tools/openmkm_dynamic/run_rph_fixed_pulse.py:24: UserWarning: NasaPoly2::validate: 
For species OHV, discontinuity in h/RT detected at Tmid = 1000
	Value computed using low-temperature polynomial:  53.62056162666667
	Value computed using high-temperature polynomial: 53.5841554314

  gas=ct.Solution("gri30.yaml" if inert else str(base.MECH))
/home/runner/work/Electrification-Suite/Electrification-Suite/tools/openmkm_dynamic/run_rph_fixed_pulse.py:24: UserWarning: NasaPoly2::validate: 
For species CHV, discontinuity in h/RT detected at Tmid = 1000
	Value computed using low-temperature polynomial:  107.5046684
	Value computed using high-temperature polynomial: 107.34847808033332

  gas=ct.Solution("gri30.yaml" if inert else str(base.MECH))
/home/runner/work/Electrification-Suite/Electrification-Suite/tools/openmkm_dynamic/run_rph_fixed_pulse.py:33: UserWarning: NasaPoly2::validate: 
For species OHV, discontinuity in h/RT detected at Tmid = 1000
	Value computed using low-temperature polynomial:  53.62056162666667
	Value computed using high-temperature polynomial: 53.5841554314

  inlet=ct.Reservoir(gas,clone=True);exhaust=ct.Reservoir(gas,clone=True)
/home/runner/work/Electrification-Suite/Electrification-Suite/tools/openmkm_dynamic/run_rph_fixed_pulse.py:33: UserWarning: NasaPoly2::validate: 
For species CHV, discontinuity in h/RT detected at Tmid = 1000
	Value computed using low-temperature polynomial:  107.5046684
	Value computed using high-temperature polynomial: 107.34847808033332

  inlet=ct.Reservoir(gas,clone=True);exhaust=ct.Reservoir(gas,clone=True)
/home/runner/work/Electrification-Suite/Electrification-Suite/tools/openmkm_dynamic/run_rph_fixed_pulse.py:34: UserWarning: NasaPoly2::validate: 
For species OHV, discontinuity in h/RT detected at Tmid = 1000
	Value computed using low-temperature polynomial:  53.62056162666667
	Value computed using high-temperature polynomial: 53.5841554314

  r=PrescribedTemperatureReactor(gas,energy="off",volume=vol,clone=True)
/home/runner/work/Electrification-Suite/Electrification-Suite/tools/openmkm_dynamic/run_rph_fixed_pulse.py:34: UserWarning: NasaPoly2::validate: 
For species CHV, discontinuity in h/RT detected at Tmid = 1000
	Value computed using low-temperature polynomial:  107.5046684
	Value computed using high-temperature polynomial: 107.34847808033332

  r=PrescribedTemperatureReactor(gas,energy="off",volume=vol,clone=True)
T1600-hold0.1-n400 1 {'cycle': 1, 'max_species_cycle_change': None, 'state_change': None, 'elemental_residuals': {'C': 6.652520842702602e-05, 'H': 6.652514049374568e-05, 'O': 6.652525070692273e-05}, 'mass_residual': 6.652522639534975e-05, 'max_pressure_relative_error': 2.9084335045448384e-05, 'max_temperature_error_K': 2.571302957221633e-07}
T1600-hold0.1-n400 2 {'cycle': 2, 'max_species_cycle_change': 3.445056462325624e-08, 'state_change': 3.185229857649574e-13, 'elemental_residuals': {'C': 6.659370966153359e-05, 'H': 6.65951273742321e-05, 'O': 6.65935774620732e-05}, 'mass_residual': 6.65937344068563e-05, 'max_pressure_relative_error': 2.9084333211137903e-05, 'max_temperature_error_K': 2.571650838945061e-07}
T1600-hold0.1-n400 3 {'cycle': 3, 'max_species_cycle_change': 2.851870517517341e-09, 'state_change': 9.401368572525826e-13, 'elemental_residuals': {'C': 6.659955024901967e-05, 'H': 6.659951079959989e-05, 'O': 6.659959577368656e-05}, 'mass_residual': 6.6599571857581e-05, 'max_pressure_relative_error': 2.9084332393791712e-05, 'max_temperature_error_K': 2.5791018742893357e-07}
