/home/runner/work/Electrification-Suite/Electrification-Suite/tools/openmkm_dynamic/run_rph_fixed_pulse.py:24: UserWarning: NasaPoly2::validate: 
For species OHV, discontinuity in h/RT detected at Tmid = 1000
	Value computed using low-temperature polynomial:  53.62056162666667
	Value computed using high-temperature polynomial: 53.5841554314

  gas=ct.Solution("gri30.yaml" if inert else str(base.MECH))
/home/runner/work/Electrification-Suite/Electrification-Suite/tools/openmkm_dynamic/run_rph_fixed_pulse.py:24: UserWarning: NasaPoly2::validate: 
For species CHV, discontinuity in h/RT detected at Tmid = 1000
	Value computed using low-temperature polynomial:  107.5046684
	Value computed using high-temperature polynomial: 107.34847808033332

  gas=ct.Solution("gri30.yaml" if inert else str(base.MECH))
/home/runner/work/Electrification-Suite/Electrification-Suite/tools/openmkm_dynamic/run_rph_fixed_pulse.py:33: UserWarning: NasaPoly2::validate: 
For species OHV, discontinuity in h/RT detected at Tmid = 1000
	Value computed using low-temperature polynomial:  53.62056162666667
	Value computed using high-temperature polynomial: 53.5841554314

  inlet=ct.Reservoir(gas,clone=True);exhaust=ct.Reservoir(gas,clone=True)
/home/runner/work/Electrification-Suite/Electrification-Suite/tools/openmkm_dynamic/run_rph_fixed_pulse.py:33: UserWarning: NasaPoly2::validate: 
For species CHV, discontinuity in h/RT detected at Tmid = 1000
	Value computed using low-temperature polynomial:  107.5046684
	Value computed using high-temperature polynomial: 107.34847808033332

  inlet=ct.Reservoir(gas,clone=True);exhaust=ct.Reservoir(gas,clone=True)
/home/runner/work/Electrification-Suite/Electrification-Suite/tools/openmkm_dynamic/run_rph_fixed_pulse.py:34: UserWarning: NasaPoly2::validate: 
For species OHV, discontinuity in h/RT detected at Tmid = 1000
	Value computed using low-temperature polynomial:  53.62056162666667
	Value computed using high-temperature polynomial: 53.5841554314

  r=PrescribedTemperatureReactor(gas,energy="off",volume=vol,clone=True)
/home/runner/work/Electrification-Suite/Electrification-Suite/tools/openmkm_dynamic/run_rph_fixed_pulse.py:34: UserWarning: NasaPoly2::validate: 
For species CHV, discontinuity in h/RT detected at Tmid = 1000
	Value computed using low-temperature polynomial:  107.5046684
	Value computed using high-temperature polynomial: 107.34847808033332

  r=PrescribedTemperatureReactor(gas,energy="off",volume=vol,clone=True)
T1800-hold0.3-n800 1 {'cycle': 1, 'max_species_cycle_change': None, 'state_change': None, 'elemental_residuals': {'C': 2.5378808234900543e-05, 'H': 2.5378652114289217e-05, 'O': 2.5379131469427784e-05}, 'mass_residual': 2.5378969985598116e-05, 'max_pressure_relative_error': 3.425553974056861e-05, 'max_temperature_error_K': 8.741835699765943e-09}
T1800-hold0.3-n800 2 {'cycle': 2, 'max_species_cycle_change': 8.10119766270212e-08, 'state_change': 1.134425886561985e-12, 'elemental_residuals': {'C': 2.5546752757086067e-05, 'H': 2.5546852550756177e-05, 'O': 2.5546758971326913e-05}, 'mass_residual': 2.5546762769540254e-05, 'max_pressure_relative_error': 3.425553973235296e-05, 'max_temperature_error_K': 9.81162884272635e-09}
T1800-hold0.3-n800 3 {'cycle': 3, 'max_species_cycle_change': 1.0268901562415778e-07, 'state_change': 2.406408405875027e-12, 'elemental_residuals': {'C': 2.5337221432919386e-05, 'H': 2.5336927074985857e-05, 'O': 2.5336623600985587e-05}, 'mass_residual': 2.5336883124198793e-05, 'max_pressure_relative_error': 3.425553974079065e-05, 'max_temperature_error_K': 1.003672878141515e-08}
T1800-hold0.3-n800 4 {'cycle': 4, 'max_species_cycle_change': 1.8737017937198175e-08, 'state_change': 5.020428517354958e-13, 'elemental_residuals': {'C': 2.5374914354415277e-05, 'H': 2.5374839420858247e-05, 'O': 2.5374984572328493e-05}, 'mass_residual': 2.5374946735211617e-05, 'max_pressure_relative_error': 3.425553973879225e-05, 'max_temperature_error_K': 8.250935934484005e-09}
T1800-hold0.3-n800 5 {'cycle': 5, 'max_species_cycle_change': 2.459580483726853e-08, 'state_change': 5.642819544959821e-12, 'elemental_residuals': {'C': 2.541975330975955e-05, 'H': 2.5426231767114388e-05, 'O': 2.5414491420417096e-05}, 'mass_residual': 2.541738454662456e-05, 'max_pressure_relative_error': 3.425553975189288e-05, 'max_temperature_error_K': 1.2448936104192398e-08}
