/home/runner/work/Electrification-Suite/Electrification-Suite/tools/openmkm_dynamic/run_rph_fixed_pulse.py:24: UserWarning: NasaPoly2::validate: 
For species OHV, discontinuity in h/RT detected at Tmid = 1000
	Value computed using low-temperature polynomial:  53.62056162666667
	Value computed using high-temperature polynomial: 53.5841554314

  gas=ct.Solution("gri30.yaml" if inert else str(base.MECH))
/home/runner/work/Electrification-Suite/Electrification-Suite/tools/openmkm_dynamic/run_rph_fixed_pulse.py:24: UserWarning: NasaPoly2::validate: 
For species CHV, discontinuity in h/RT detected at Tmid = 1000
	Value computed using low-temperature polynomial:  107.5046684
	Value computed using high-temperature polynomial: 107.34847808033332

  gas=ct.Solution("gri30.yaml" if inert else str(base.MECH))
/home/runner/work/Electrification-Suite/Electrification-Suite/tools/openmkm_dynamic/run_rph_fixed_pulse.py:33: UserWarning: NasaPoly2::validate: 
For species OHV, discontinuity in h/RT detected at Tmid = 1000
	Value computed using low-temperature polynomial:  53.62056162666667
	Value computed using high-temperature polynomial: 53.5841554314

  inlet=ct.Reservoir(gas,clone=True);exhaust=ct.Reservoir(gas,clone=True)
/home/runner/work/Electrification-Suite/Electrification-Suite/tools/openmkm_dynamic/run_rph_fixed_pulse.py:33: UserWarning: NasaPoly2::validate: 
For species CHV, discontinuity in h/RT detected at Tmid = 1000
	Value computed using low-temperature polynomial:  107.5046684
	Value computed using high-temperature polynomial: 107.34847808033332

  inlet=ct.Reservoir(gas,clone=True);exhaust=ct.Reservoir(gas,clone=True)
/home/runner/work/Electrification-Suite/Electrification-Suite/tools/openmkm_dynamic/run_rph_fixed_pulse.py:34: UserWarning: NasaPoly2::validate: 
For species OHV, discontinuity in h/RT detected at Tmid = 1000
	Value computed using low-temperature polynomial:  53.62056162666667
	Value computed using high-temperature polynomial: 53.5841554314

  r=PrescribedTemperatureReactor(gas,energy="off",volume=vol,clone=True)
/home/runner/work/Electrification-Suite/Electrification-Suite/tools/openmkm_dynamic/run_rph_fixed_pulse.py:34: UserWarning: NasaPoly2::validate: 
For species CHV, discontinuity in h/RT detected at Tmid = 1000
	Value computed using low-temperature polynomial:  107.5046684
	Value computed using high-temperature polynomial: 107.34847808033332

  r=PrescribedTemperatureReactor(gas,energy="off",volume=vol,clone=True)
T1800-hold0.3-n400 1 {'cycle': 1, 'max_species_cycle_change': None, 'state_change': None, 'elemental_residuals': {'C': 4.8620152557948505e-05, 'H': 4.8620059184795884e-05, 'O': 4.8620619248024256e-05}, 'mass_residual': 4.86203949589188e-05, 'max_pressure_relative_error': 3.409614760285784e-05, 'max_temperature_error_K': 2.2530457499669865e-09}
T1800-hold0.3-n400 2 {'cycle': 2, 'max_species_cycle_change': 8.818545005340184e-09, 'state_change': 9.163780845256042e-13, 'elemental_residuals': {'C': 4.85971078472441e-05, 'H': 4.860015180840088e-05, 'O': 4.859083242332802e-05}, 'mass_residual': 4.859396843797969e-05, 'max_pressure_relative_error': 3.409615066440885e-05, 'max_temperature_error_K': 2.5345343601657078e-09}
T1800-hold0.3-n400 3 {'cycle': 3, 'max_species_cycle_change': 1.650111980389113e-08, 'state_change': 6.620259895839808e-13, 'elemental_residuals': {'C': 4.8635691360457745e-05, 'H': 4.863184496233782e-05, 'O': 4.8635221589704184e-05}, 'mass_residual': 4.8635182796025046e-05, 'max_pressure_relative_error': 3.409614761840096e-05, 'max_temperature_error_K': 3.1684521673014387e-09}
