/home/runner/work/Electrification-Suite/Electrification-Suite/tools/openmkm_dynamic/match_cjh_rph_39.py:38: UserWarning: NasaPoly2::validate: 
For species OHV, discontinuity in h/RT detected at Tmid = 1000
	Value computed using low-temperature polynomial:  53.62056162666667
	Value computed using high-temperature polynomial: 53.5841554314

  gas=ct.Solution(str(base.MECH))
/home/runner/work/Electrification-Suite/Electrification-Suite/tools/openmkm_dynamic/match_cjh_rph_39.py:38: UserWarning: NasaPoly2::validate: 
For species CHV, discontinuity in h/RT detected at Tmid = 1000
	Value computed using low-temperature polynomial:  107.5046684
	Value computed using high-temperature polynomial: 107.34847808033332

  gas=ct.Solution(str(base.MECH))
stage: importing cantera
stage: loading mechanism
/home/runner/work/Electrification-Suite/Electrification-Suite/tools/openmkm_dynamic/run_cjh_feed_ratio_01.py:34: UserWarning: NasaPoly2::validate: 
For species OHV, discontinuity in h/RT detected at Tmid = 1000
	Value computed using low-temperature polynomial:  53.62056162666667
	Value computed using high-temperature polynomial: 53.5841554314

  gas=ct.Solution("gri30.yaml" if cold else str(MECH))
/home/runner/work/Electrification-Suite/Electrification-Suite/tools/openmkm_dynamic/run_cjh_feed_ratio_01.py:34: UserWarning: NasaPoly2::validate: 
For species CHV, discontinuity in h/RT detected at Tmid = 1000
	Value computed using low-temperature polynomial:  107.5046684
	Value computed using high-temperature polynomial: 107.34847808033332

  gas=ct.Solution("gri30.yaml" if cold else str(MECH))
stage: mechanism loaded 2.8044386150000378
/home/runner/work/Electrification-Suite/Electrification-Suite/tools/openmkm_dynamic/run_cjh_feed_ratio_01.py:41: UserWarning: NasaPoly2::validate: 
For species OHV, discontinuity in h/RT detected at Tmid = 1000
	Value computed using low-temperature polynomial:  53.62056162666667
	Value computed using high-temperature polynomial: 53.5841554314

  inlet=ct.Reservoir(gas,clone=True); exhaust=ct.Reservoir(gas,clone=True)
/home/runner/work/Electrification-Suite/Electrification-Suite/tools/openmkm_dynamic/run_cjh_feed_ratio_01.py:41: UserWarning: NasaPoly2::validate: 
For species CHV, discontinuity in h/RT detected at Tmid = 1000
	Value computed using low-temperature polynomial:  107.5046684
	Value computed using high-temperature polynomial: 107.34847808033332

  inlet=ct.Reservoir(gas,clone=True); exhaust=ct.Reservoir(gas,clone=True)
/home/runner/work/Electrification-Suite/Electrification-Suite/tools/openmkm_dynamic/run_cjh_feed_ratio_01.py:43: UserWarning: NasaPoly2::validate: 
For species OHV, discontinuity in h/RT detected at Tmid = 1000
	Value computed using low-temperature polynomial:  53.62056162666667
	Value computed using high-temperature polynomial: 53.5841554314

  r=reactor_type(gas,energy="off",volume=p["volume_m3"],clone=True)
/home/runner/work/Electrification-Suite/Electrification-Suite/tools/openmkm_dynamic/run_cjh_feed_ratio_01.py:43: UserWarning: NasaPoly2::validate: 
For species CHV, discontinuity in h/RT detected at Tmid = 1000
	Value computed using low-temperature polynomial:  107.5046684
	Value computed using high-temperature polynomial: 107.34847808033332

  r=reactor_type(gas,energy="off",volume=p["volume_m3"],clone=True)
stage: integration 1 3.346214481000004
stage: integration 20 3.4299340900000175
stage: importing cantera
stage: loading mechanism
stage: mechanism loaded 2.8151665080000043
stage: integration 1 3.380350777999979
stage: integration 20 3.4761554649999766
stage: importing cantera
stage: loading mechanism
stage: mechanism loaded 2.821937240000011
stage: integration 1 3.403476479999995
stage: integration 20 3.496656518000009
stage: importing cantera
stage: loading mechanism
stage: mechanism loaded 2.8279848480000283
stage: integration 1 3.403542193000021
stage: integration 20 3.5116182280000316
stage: importing cantera
stage: loading mechanism
stage: mechanism loaded 2.837846801000012
stage: integration 1 3.4210813150000376
stage: integration 20 3.5187615210000445
stage: importing cantera
stage: loading mechanism
stage: mechanism loaded 2.856588011000042
stage: integration 1 3.438921977000007
stage: integration 20 3.533258803000024
stage: importing cantera
stage: loading mechanism
stage: mechanism loaded 2.8523382449999986
stage: integration 1 3.422704328000009
stage: integration 20 3.513306086
stage: importing cantera
stage: loading mechanism
stage: mechanism loaded 2.8078119900000047
stage: integration 1 3.4630248799999777
stage: integration 20 3.626398590000008
