/home/runner/work/Electrification-Suite/Electrification-Suite/tools/openmkm_dynamic/run_rph_fixed_pulse.py:25: UserWarning: NasaPoly2::validate: 
For species OHV, discontinuity in h/RT detected at Tmid = 1000
	Value computed using low-temperature polynomial:  53.62056162666667
	Value computed using high-temperature polynomial: 53.5841554314

  gas=ct.Solution("gri30.yaml" if inert else str(base.MECH))
/home/runner/work/Electrification-Suite/Electrification-Suite/tools/openmkm_dynamic/run_rph_fixed_pulse.py:25: UserWarning: NasaPoly2::validate: 
For species CHV, discontinuity in h/RT detected at Tmid = 1000
	Value computed using low-temperature polynomial:  107.5046684
	Value computed using high-temperature polynomial: 107.34847808033332

  gas=ct.Solution("gri30.yaml" if inert else str(base.MECH))
/home/runner/work/Electrification-Suite/Electrification-Suite/tools/openmkm_dynamic/run_rph_fixed_pulse.py:34: UserWarning: NasaPoly2::validate: 
For species OHV, discontinuity in h/RT detected at Tmid = 1000
	Value computed using low-temperature polynomial:  53.62056162666667
	Value computed using high-temperature polynomial: 53.5841554314

  inlet=ct.Reservoir(gas,clone=True);exhaust=ct.Reservoir(gas,clone=True)
/home/runner/work/Electrification-Suite/Electrification-Suite/tools/openmkm_dynamic/run_rph_fixed_pulse.py:34: UserWarning: NasaPoly2::validate: 
For species CHV, discontinuity in h/RT detected at Tmid = 1000
	Value computed using low-temperature polynomial:  107.5046684
	Value computed using high-temperature polynomial: 107.34847808033332

  inlet=ct.Reservoir(gas,clone=True);exhaust=ct.Reservoir(gas,clone=True)
/home/runner/work/Electrification-Suite/Electrification-Suite/tools/openmkm_dynamic/run_rph_fixed_pulse.py:35: UserWarning: NasaPoly2::validate: 
For species OHV, discontinuity in h/RT detected at Tmid = 1000
	Value computed using low-temperature polynomial:  53.62056162666667
	Value computed using high-temperature polynomial: 53.5841554314

  r=PrescribedTemperatureReactor(gas,energy="off",volume=vol,clone=True)
/home/runner/work/Electrification-Suite/Electrification-Suite/tools/openmkm_dynamic/run_rph_fixed_pulse.py:35: UserWarning: NasaPoly2::validate: 
For species CHV, discontinuity in h/RT detected at Tmid = 1000
	Value computed using low-temperature polynomial:  107.5046684
	Value computed using high-temperature polynomial: 107.34847808033332

  r=PrescribedTemperatureReactor(gas,energy="off",volume=vol,clone=True)
T1600-h0.65-Q200-n800 1 {'cycle': 1, 'max_species_cycle_change': None, 'state_change': None, 'elemental_residuals': {'C': -4.191924141146578e-06, 'H': -4.189490111981739e-06, 'O': -4.192738835291941e-06}, 'mass_residual': -4.192194811401068e-06, 'max_pressure_relative_error': 2.9200417489994024e-05, 'max_temperature_error_K': 4.3767613533418626e-08}
T1600-h0.65-Q200-n800 2 {'cycle': 2, 'max_species_cycle_change': 1.0556944263218071e-08, 'state_change': 1.1213252548714081e-13, 'elemental_residuals': {'C': -4.1721740612314936e-06, 'H': -4.168061590923803e-06, 'O': -4.172919144806984e-06}, 'mass_residual': -4.172294958466065e-06, 'max_pressure_relative_error': 2.920041746090618e-05, 'max_temperature_error_K': 3.937088877137285e-08}
T1600-h0.65-Q200-n800 3 {'cycle': 3, 'max_species_cycle_change': 3.065138209912277e-08, 'state_change': 1.8945955915228296e-12, 'elemental_residuals': {'C': -4.232028772198424e-06, 'H': -4.23163362923262e-06, 'O': -4.232142598529087e-06}, 'mass_residual': -4.232062875230247e-06, 'max_pressure_relative_error': 2.920042674592338e-05, 'max_temperature_error_K': 3.930404091079254e-08}
