/home/runner/work/Electrification-Suite/Electrification-Suite/tools/openmkm_dynamic/run_rph_fixed_pulse.py:25: UserWarning: NasaPoly2::validate: 
For species OHV, discontinuity in h/RT detected at Tmid = 1000
	Value computed using low-temperature polynomial:  53.62056162666667
	Value computed using high-temperature polynomial: 53.5841554314

  gas=ct.Solution("gri30.yaml" if inert else str(base.MECH))
/home/runner/work/Electrification-Suite/Electrification-Suite/tools/openmkm_dynamic/run_rph_fixed_pulse.py:25: UserWarning: NasaPoly2::validate: 
For species CHV, discontinuity in h/RT detected at Tmid = 1000
	Value computed using low-temperature polynomial:  107.5046684
	Value computed using high-temperature polynomial: 107.34847808033332

  gas=ct.Solution("gri30.yaml" if inert else str(base.MECH))
/home/runner/work/Electrification-Suite/Electrification-Suite/tools/openmkm_dynamic/run_rph_fixed_pulse.py:34: UserWarning: NasaPoly2::validate: 
For species OHV, discontinuity in h/RT detected at Tmid = 1000
	Value computed using low-temperature polynomial:  53.62056162666667
	Value computed using high-temperature polynomial: 53.5841554314

  inlet=ct.Reservoir(gas,clone=True);exhaust=ct.Reservoir(gas,clone=True)
/home/runner/work/Electrification-Suite/Electrification-Suite/tools/openmkm_dynamic/run_rph_fixed_pulse.py:34: UserWarning: NasaPoly2::validate: 
For species CHV, discontinuity in h/RT detected at Tmid = 1000
	Value computed using low-temperature polynomial:  107.5046684
	Value computed using high-temperature polynomial: 107.34847808033332

  inlet=ct.Reservoir(gas,clone=True);exhaust=ct.Reservoir(gas,clone=True)
/home/runner/work/Electrification-Suite/Electrification-Suite/tools/openmkm_dynamic/run_rph_fixed_pulse.py:35: UserWarning: NasaPoly2::validate: 
For species OHV, discontinuity in h/RT detected at Tmid = 1000
	Value computed using low-temperature polynomial:  53.62056162666667
	Value computed using high-temperature polynomial: 53.5841554314

  r=PrescribedTemperatureReactor(gas,energy="off",volume=vol,clone=True)
/home/runner/work/Electrification-Suite/Electrification-Suite/tools/openmkm_dynamic/run_rph_fixed_pulse.py:35: UserWarning: NasaPoly2::validate: 
For species CHV, discontinuity in h/RT detected at Tmid = 1000
	Value computed using low-temperature polynomial:  107.5046684
	Value computed using high-temperature polynomial: 107.34847808033332

  r=PrescribedTemperatureReactor(gas,energy="off",volume=vol,clone=True)
T1600-h0.65-Q200-n400 1 {'cycle': 1, 'max_species_cycle_change': None, 'state_change': None, 'elemental_residuals': {'C': -1.1878251910461953e-05, 'H': -1.187672433300551e-05, 'O': -1.187708660642419e-05}, 'mass_residual': -1.1877528426014436e-05, 'max_pressure_relative_error': 2.908433504433816e-05, 'max_temperature_error_K': 1.0642816050676629e-07}
T1600-h0.65-Q200-n400 2 {'cycle': 2, 'max_species_cycle_change': 8.156595898700658e-09, 'state_change': 7.056670442695164e-14, 'elemental_residuals': {'C': -1.1861861127958571e-05, 'H': -1.1861938461774543e-05, 'O': -1.1862998560535113e-05}, 'mass_residual': -1.1862472373696681e-05, 'max_pressure_relative_error': 2.9084334998374928e-05, 'max_temperature_error_K': 9.000132195069455e-08}
T1600-h0.65-Q200-n400 3 {'cycle': 3, 'max_species_cycle_change': 1.6852713946580167e-09, 'state_change': 3.850253449400043e-13, 'elemental_residuals': {'C': -1.186069351983436e-05, 'H': -1.1863440991315135e-05, 'O': -1.1860427904263919e-05}, 'mass_residual': -1.1860736451468122e-05, 'max_pressure_relative_error': 2.9084355610775603e-05, 'max_temperature_error_K': 9.018640412250534e-08}
