/home/runner/work/Electrification-Suite/Electrification-Suite/tools/openmkm_dynamic/run_rph_fixed_pulse.py:25: UserWarning: NasaPoly2::validate: 
For species OHV, discontinuity in h/RT detected at Tmid = 1000
	Value computed using low-temperature polynomial:  53.62056162666667
	Value computed using high-temperature polynomial: 53.5841554314

  gas=ct.Solution("gri30.yaml" if inert else str(base.MECH))
/home/runner/work/Electrification-Suite/Electrification-Suite/tools/openmkm_dynamic/run_rph_fixed_pulse.py:25: UserWarning: NasaPoly2::validate: 
For species CHV, discontinuity in h/RT detected at Tmid = 1000
	Value computed using low-temperature polynomial:  107.5046684
	Value computed using high-temperature polynomial: 107.34847808033332

  gas=ct.Solution("gri30.yaml" if inert else str(base.MECH))
/home/runner/work/Electrification-Suite/Electrification-Suite/tools/openmkm_dynamic/run_rph_fixed_pulse.py:34: UserWarning: NasaPoly2::validate: 
For species OHV, discontinuity in h/RT detected at Tmid = 1000
	Value computed using low-temperature polynomial:  53.62056162666667
	Value computed using high-temperature polynomial: 53.5841554314

  inlet=ct.Reservoir(gas,clone=True);exhaust=ct.Reservoir(gas,clone=True)
/home/runner/work/Electrification-Suite/Electrification-Suite/tools/openmkm_dynamic/run_rph_fixed_pulse.py:34: UserWarning: NasaPoly2::validate: 
For species CHV, discontinuity in h/RT detected at Tmid = 1000
	Value computed using low-temperature polynomial:  107.5046684
	Value computed using high-temperature polynomial: 107.34847808033332

  inlet=ct.Reservoir(gas,clone=True);exhaust=ct.Reservoir(gas,clone=True)
/home/runner/work/Electrification-Suite/Electrification-Suite/tools/openmkm_dynamic/run_rph_fixed_pulse.py:35: UserWarning: NasaPoly2::validate: 
For species OHV, discontinuity in h/RT detected at Tmid = 1000
	Value computed using low-temperature polynomial:  53.62056162666667
	Value computed using high-temperature polynomial: 53.5841554314

  r=PrescribedTemperatureReactor(gas,energy="off",volume=vol,clone=True)
/home/runner/work/Electrification-Suite/Electrification-Suite/tools/openmkm_dynamic/run_rph_fixed_pulse.py:35: UserWarning: NasaPoly2::validate: 
For species CHV, discontinuity in h/RT detected at Tmid = 1000
	Value computed using low-temperature polynomial:  107.5046684
	Value computed using high-temperature polynomial: 107.34847808033332

  r=PrescribedTemperatureReactor(gas,energy="off",volume=vol,clone=True)
T1600-h0.65-Q100-n400 1 {'cycle': 1, 'max_species_cycle_change': None, 'state_change': None, 'elemental_residuals': {'C': -2.0561909923167743e-05, 'H': -2.0561916211345428e-05, 'O': -2.056150367993938e-05}, 'mass_residual': -2.0561693885485567e-05, 'max_pressure_relative_error': 2.9084335046114518e-05, 'max_temperature_error_K': 6.996674528636504e-08}
T1600-h0.65-Q100-n400 2 {'cycle': 2, 'max_species_cycle_change': 1.1825221357675275e-08, 'state_change': 1.645350522494482e-13, 'elemental_residuals': {'C': -2.0537540798509903e-05, 'H': -2.0541824815229983e-05, 'O': -2.0540676449720152e-05}, 'mass_residual': -2.0539499216594062e-05, 'max_pressure_relative_error': 2.908433503945318e-05, 'max_temperature_error_K': 6.793425200157799e-08}
T1600-h0.65-Q100-n400 3 {'cycle': 3, 'max_species_cycle_change': 4.3651037950898086e-08, 'state_change': 4.0611958240788226e-13, 'elemental_residuals': {'C': -2.0623400783685562e-05, 'H': -2.0631689234373306e-05, 'O': -2.063023630131937e-05}, 'mass_residual': -2.0627599510351465e-05, 'max_pressure_relative_error': 2.9084334988160876e-05, 'max_temperature_error_K': 6.766867954866029e-08}
