/home/runner/work/Electrification-Suite/Electrification-Suite/tools/openmkm_dynamic/run_rph_fixed_pulse.py:25: UserWarning: NasaPoly2::validate: 
For species OHV, discontinuity in h/RT detected at Tmid = 1000
	Value computed using low-temperature polynomial:  53.62056162666667
	Value computed using high-temperature polynomial: 53.5841554314

  gas=ct.Solution("gri30.yaml" if inert else str(base.MECH))
/home/runner/work/Electrification-Suite/Electrification-Suite/tools/openmkm_dynamic/run_rph_fixed_pulse.py:25: UserWarning: NasaPoly2::validate: 
For species CHV, discontinuity in h/RT detected at Tmid = 1000
	Value computed using low-temperature polynomial:  107.5046684
	Value computed using high-temperature polynomial: 107.34847808033332

  gas=ct.Solution("gri30.yaml" if inert else str(base.MECH))
/home/runner/work/Electrification-Suite/Electrification-Suite/tools/openmkm_dynamic/run_rph_fixed_pulse.py:34: UserWarning: NasaPoly2::validate: 
For species OHV, discontinuity in h/RT detected at Tmid = 1000
	Value computed using low-temperature polynomial:  53.62056162666667
	Value computed using high-temperature polynomial: 53.5841554314

  inlet=ct.Reservoir(gas,clone=True);exhaust=ct.Reservoir(gas,clone=True)
/home/runner/work/Electrification-Suite/Electrification-Suite/tools/openmkm_dynamic/run_rph_fixed_pulse.py:34: UserWarning: NasaPoly2::validate: 
For species CHV, discontinuity in h/RT detected at Tmid = 1000
	Value computed using low-temperature polynomial:  107.5046684
	Value computed using high-temperature polynomial: 107.34847808033332

  inlet=ct.Reservoir(gas,clone=True);exhaust=ct.Reservoir(gas,clone=True)
/home/runner/work/Electrification-Suite/Electrification-Suite/tools/openmkm_dynamic/run_rph_fixed_pulse.py:35: UserWarning: NasaPoly2::validate: 
For species OHV, discontinuity in h/RT detected at Tmid = 1000
	Value computed using low-temperature polynomial:  53.62056162666667
	Value computed using high-temperature polynomial: 53.5841554314

  r=PrescribedTemperatureReactor(gas,energy="off",volume=vol,clone=True)
/home/runner/work/Electrification-Suite/Electrification-Suite/tools/openmkm_dynamic/run_rph_fixed_pulse.py:35: UserWarning: NasaPoly2::validate: 
For species CHV, discontinuity in h/RT detected at Tmid = 1000
	Value computed using low-temperature polynomial:  107.5046684
	Value computed using high-temperature polynomial: 107.34847808033332

  r=PrescribedTemperatureReactor(gas,energy="off",volume=vol,clone=True)
T1600-h0.8-Q12.5-n800 1 {'cycle': 1, 'max_species_cycle_change': None, 'state_change': None, 'elemental_residuals': {'C': -6.926419281864555e-05, 'H': -6.925694420331136e-05, 'O': -6.926594192154526e-05}, 'mass_residual': -6.92646381234513e-05, 'max_pressure_relative_error': 2.9200417490660158e-05, 'max_temperature_error_K': 2.225447133241687e-07}
T1600-h0.8-Q12.5-n800 2 {'cycle': 2, 'max_species_cycle_change': 1.9458680972084252e-07, 'state_change': 1.5730750035913843e-12, 'elemental_residuals': {'C': -6.89434611509729e-05, 'H': -6.894054493142696e-05, 'O': -6.8943023660996e-05}, 'mass_residual': -6.894303224154499e-05, 'max_pressure_relative_error': 2.9200349540348114e-05, 'max_temperature_error_K': 2.225563093816163e-07}
T1600-h0.8-Q12.5-n800 3 {'cycle': 3, 'max_species_cycle_change': 2.377321539903665e-07, 'state_change': 3.785860513971784e-13, 'elemental_residuals': {'C': -6.941871879343443e-05, 'H': -6.94184132811486e-05, 'O': -6.941817793740706e-05}, 'mass_residual': -6.941841009025825e-05, 'max_pressure_relative_error': 2.9200349540348114e-05, 'max_temperature_error_K': 2.2231733964872546e-07}
T1600-h0.8-Q12.5-n800 4 {'cycle': 4, 'max_species_cycle_change': 1.8341431079482717e-07, 'state_change': 6.20503648463e-13, 'elemental_residuals': {'C': -6.905211485845775e-05, 'H': -6.905149135058043e-05, 'O': -6.905209450413207e-05}, 'mass_residual': -6.905206215038041e-05, 'max_pressure_relative_error': 2.92003495387938e-05, 'max_temperature_error_K': 2.2234303287405055e-07}
T1600-h0.8-Q12.5-n800 5 {'cycle': 5, 'max_species_cycle_change': 1.0567426855789819e-07, 'state_change': 3.901656775440188e-12, 'elemental_residuals': {'C': -6.926511210502574e-05, 'H': -6.925874841585152e-05, 'O': -6.926254040518016e-05}, 'mass_residual': -6.92633145342794e-05, 'max_pressure_relative_error': 2.9200349531244285e-05, 'max_temperature_error_K': 2.215128915850073e-07}
T1600-h0.8-Q12.5-n800 6 {'cycle': 6, 'max_species_cycle_change': 2.119020997559673e-08, 'state_change': 1.1366463326112353e-12, 'elemental_residuals': {'C': -6.92213624448137e-05, 'H': -6.92213575274167e-05, 'O': -6.922132618079993e-05}, 'mass_residual': -6.922134279487969e-05, 'max_pressure_relative_error': 2.9200349476621312e-05, 'max_temperature_error_K': 2.2028280000085942e-07}
T1600-h0.8-Q12.5-n800 7 {'cycle': 7, 'max_species_cycle_change': 1.3663329864743723e-07, 'state_change': 5.6135096571097165e-12, 'elemental_residuals': {'C': -6.949313115324916e-05, 'H': -6.949570751141019e-05, 'O': -6.94910741878461e-05}, 'mass_residual': -6.949220810650397e-05, 'max_pressure_relative_error': 2.9203618915563112e-05, 'max_temperature_error_K': 2.233293798781233e-07}
T1600-h0.8-Q12.5-n800 8 {'cycle': 8, 'max_species_cycle_change': 2.4284775207439324e-07, 'state_change': 1.358357870628879e-12, 'elemental_residuals': {'C': -6.900873080274005e-05, 'H': -6.900873220984399e-05, 'O': -6.900873022516075e-05}, 'mass_residual': -6.900873059051165e-05, 'max_pressure_relative_error': 2.920030061237533e-05, 'max_temperature_error_K': 2.2324275050777942e-07}
Traceback (most recent call last):
  File "/home/runner/work/Electrification-Suite/Electrification-Suite/tools/openmkm_dynamic/run_rph_yield_grid.py", line 90, in <module>
    if __name__=='__main__':main()
                            ^^^^^^
  File "/home/runner/work/Electrification-Suite/Electrification-Suite/tools/openmkm_dynamic/run_rph_yield_grid.py", line 48, in main
    pulse.worker(out,name,a.samples,inert=a.inert,waveform=waveform(a.peak,a.hold),flow_sccm=a.flow);return
    ^^^^^^^^^^^^^^^^^^^^^^^^^^^^^^^^^^^^^^^^^^^^^^^^^^^^^^^^^^^^^^^^^^^^^^^^^^^^^^^^^^^^^^^^^^^^^^^^
  File "/home/runner/work/Electrification-Suite/Electrification-Suite/tools/openmkm_dynamic/run_rph_fixed_pulse.py", line 86, in worker
    assert stable>=2,"periodic convergence failed"
           ^^^^^^^^^
AssertionError: periodic convergence failed
