stage: importing cantera
stage: loading mechanism
/home/user/Electrification-Suite/tools/openmkm_dynamic/run_h2o_feed_ratio.py:69: UserWarning: NasaPoly2::validate: 
For species OHV, discontinuity in h/RT detected at Tmid = 1000
	Value computed using low-temperature polynomial:  53.62056162666667
	Value computed using high-temperature polynomial: 53.5841554314

  gas = ct.Solution("gri30.yaml" if cold else str(MECH))
/home/user/Electrification-Suite/tools/openmkm_dynamic/run_h2o_feed_ratio.py:69: UserWarning: NasaPoly2::validate: 
For species CHV, discontinuity in h/RT detected at Tmid = 1000
	Value computed using low-temperature polynomial:  107.5046684
	Value computed using high-temperature polynomial: 107.34847808033332

  gas = ct.Solution("gri30.yaml" if cold else str(MECH))
stage: mechanism loaded 5.246221017000039
/home/user/Electrification-Suite/tools/openmkm_dynamic/run_h2o_feed_ratio.py:77: UserWarning: NasaPoly2::validate: 
For species OHV, discontinuity in h/RT detected at Tmid = 1000
	Value computed using low-temperature polynomial:  53.62056162666667
	Value computed using high-temperature polynomial: 53.5841554314

  inlet = ct.Reservoir(gas, clone=True)
/home/user/Electrification-Suite/tools/openmkm_dynamic/run_h2o_feed_ratio.py:77: UserWarning: NasaPoly2::validate: 
For species CHV, discontinuity in h/RT detected at Tmid = 1000
	Value computed using low-temperature polynomial:  107.5046684
	Value computed using high-temperature polynomial: 107.34847808033332

  inlet = ct.Reservoir(gas, clone=True)
/home/user/Electrification-Suite/tools/openmkm_dynamic/run_h2o_feed_ratio.py:78: UserWarning: NasaPoly2::validate: 
For species OHV, discontinuity in h/RT detected at Tmid = 1000
	Value computed using low-temperature polynomial:  53.62056162666667
	Value computed using high-temperature polynomial: 53.5841554314

  exhaust = ct.Reservoir(gas, clone=True)
/home/user/Electrification-Suite/tools/openmkm_dynamic/run_h2o_feed_ratio.py:78: UserWarning: NasaPoly2::validate: 
For species CHV, discontinuity in h/RT detected at Tmid = 1000
	Value computed using low-temperature polynomial:  107.5046684
	Value computed using high-temperature polynomial: 107.34847808033332

  exhaust = ct.Reservoir(gas, clone=True)
/home/user/Electrification-Suite/tools/openmkm_dynamic/run_h2o_feed_ratio.py:79: UserWarning: NasaPoly2::validate: 
For species OHV, discontinuity in h/RT detected at Tmid = 1000
	Value computed using low-temperature polynomial:  53.62056162666667
	Value computed using high-temperature polynomial: 53.5841554314

  r = ct.IdealGasMoleReactor(gas, energy="off", volume=p["volume_m3"], clone=True)
/home/user/Electrification-Suite/tools/openmkm_dynamic/run_h2o_feed_ratio.py:79: UserWarning: NasaPoly2::validate: 
For species CHV, discontinuity in h/RT detected at Tmid = 1000
	Value computed using low-temperature polynomial:  107.5046684
	Value computed using high-temperature polynomial: 107.34847808033332

  r = ct.IdealGasMoleReactor(gas, energy="off", volume=p["volume_m3"], clone=True)
stage: integration 1 6.576230779000014
stage: integration 20 6.72611887000005
